<?xml version="1.0" encoding="ISO-8859-1" ?>
<link_info>
   <banner>TI ARM Clang Linker PC v3.2.2.LTS</banner>
   <copyright>Copyright (c) 1996-2018 Texas Instruments Incorporated</copyright>
   <link_time>0x682b620f</link_time>
   <link_errors>0x0</link_errors>
   <output_file>C:\Users\86130\Desktop\1\workspace_ccstheia\24H_01_init_to_hardware\Debug\24H_01_init_to_hardware.out</output_file>
   <entry_point>
      <name>_c_int00_noargs</name>
      <address>0xe09</address>
   </entry_point>
   <input_file_list>
      <input_file id="fl-1">
         <path>C:\Users\86130\Desktop\1\workspace_ccstheia\24H_01_init_to_hardware\Debug\.\</path>
         <kind>object</kind>
         <file>isr.o</file>
         <name>isr.o</name>
      </input_file>
      <input_file id="fl-2">
         <path>C:\Users\86130\Desktop\1\workspace_ccstheia\24H_01_init_to_hardware\Debug\.\</path>
         <kind>object</kind>
         <file>main.o</file>
         <name>main.o</name>
      </input_file>
      <input_file id="fl-3">
         <path>C:\Users\86130\Desktop\1\workspace_ccstheia\24H_01_init_to_hardware\Debug\.\</path>
         <kind>object</kind>
         <file>ti_msp_dl_config.o</file>
         <name>ti_msp_dl_config.o</name>
      </input_file>
      <input_file id="fl-4">
         <path>C:\Users\86130\Desktop\1\workspace_ccstheia\24H_01_init_to_hardware\Debug\.\</path>
         <kind>object</kind>
         <file>startup_mspm0g350x_ticlang.o</file>
         <name>startup_mspm0g350x_ticlang.o</name>
      </input_file>
      <input_file id="fl-5">
         <path>C:\Users\86130\Desktop\1\workspace_ccstheia\24H_01_init_to_hardware\Debug\.\delay\</path>
         <kind>object</kind>
         <file>delay.o</file>
         <name>delay.o</name>
      </input_file>
      <input_file id="fl-6">
         <path>C:\Users\86130\Desktop\1\workspace_ccstheia\24H_01_init_to_hardware\Debug\.\hardware\</path>
         <kind>object</kind>
         <file>bluetooth.o</file>
         <name>bluetooth.o</name>
      </input_file>
      <input_file id="fl-7">
         <path>C:\Users\86130\Desktop\1\workspace_ccstheia\24H_01_init_to_hardware\Debug\.\hardware\</path>
         <kind>object</kind>
         <file>grayscale.o</file>
         <name>grayscale.o</name>
      </input_file>
      <input_file id="fl-8">
         <path>C:\Users\86130\Desktop\1\workspace_ccstheia\24H_01_init_to_hardware\Debug\.\hardware\</path>
         <kind>object</kind>
         <file>gyroscpe.o</file>
         <name>gyroscpe.o</name>
      </input_file>
      <input_file id="fl-9">
         <path>C:\Users\86130\Desktop\1\workspace_ccstheia\24H_01_init_to_hardware\Debug\.\hardware\</path>
         <kind>object</kind>
         <file>motor.o</file>
         <name>motor.o</name>
      </input_file>
      <input_file id="fl-a">
         <path>C:\Users\86130\Desktop\1\workspace_ccstheia\24H_01_init_to_hardware\Debug\.\pid\</path>
         <kind>object</kind>
         <file>pid.o</file>
         <name>pid.o</name>
      </input_file>
      <input_file id="fl-17">
         <path>C:\Users\86130\Desktop\1\workspace_ccstheia\24H_01_init_to_hardware\Debug\</path>
         <kind>object</kind>
         <file>&lt;internal&gt;</file>
         <name>&lt;internal&gt;</name>
      </input_file>
      <input_file id="fl-18">
         <path>C:\ti\mspm0_sdk_2_01_00_03\source\ti\driverlib\lib\ticlang\m0p\mspm0g1x0x_g3x0x\</path>
         <kind>archive</kind>
         <file>driverlib.a</file>
         <name>dl_common.o</name>
      </input_file>
      <input_file id="fl-19">
         <path>C:\ti\mspm0_sdk_2_01_00_03\source\ti\driverlib\lib\ticlang\m0p\mspm0g1x0x_g3x0x\</path>
         <kind>archive</kind>
         <file>driverlib.a</file>
         <name>dl_dma.o</name>
      </input_file>
      <input_file id="fl-1a">
         <path>C:\ti\mspm0_sdk_2_01_00_03\source\ti\driverlib\lib\ticlang\m0p\mspm0g1x0x_g3x0x\</path>
         <kind>archive</kind>
         <file>driverlib.a</file>
         <name>dl_i2c.o</name>
      </input_file>
      <input_file id="fl-1b">
         <path>C:\ti\mspm0_sdk_2_01_00_03\source\ti\driverlib\lib\ticlang\m0p\mspm0g1x0x_g3x0x\</path>
         <kind>archive</kind>
         <file>driverlib.a</file>
         <name>dl_timer.o</name>
      </input_file>
      <input_file id="fl-1c">
         <path>C:\ti\mspm0_sdk_2_01_00_03\source\ti\driverlib\lib\ticlang\m0p\mspm0g1x0x_g3x0x\</path>
         <kind>archive</kind>
         <file>driverlib.a</file>
         <name>dl_uart.o</name>
      </input_file>
      <input_file id="fl-2b">
         <path>C:\ti\ccstheia141\ccs\tools\compiler\ti-cgt-armllvm_3.2.2.LTS\lib\armv6m-ti-none-eabi\c\</path>
         <kind>archive</kind>
         <file>libc.a</file>
         <name>boot_cortex_m.c.obj</name>
      </input_file>
      <input_file id="fl-2c">
         <path>C:\ti\ccstheia141\ccs\tools\compiler\ti-cgt-armllvm_3.2.2.LTS\lib\armv6m-ti-none-eabi\c\</path>
         <kind>archive</kind>
         <file>libc.a</file>
         <name>mathacl_init.c.obj</name>
      </input_file>
      <input_file id="fl-2d">
         <path>C:\ti\ccstheia141\ccs\tools\compiler\ti-cgt-armllvm_3.2.2.LTS\lib\armv6m-ti-none-eabi\c\</path>
         <kind>archive</kind>
         <file>libc.a</file>
         <name>autoinit.c.obj</name>
      </input_file>
      <input_file id="fl-2e">
         <path>C:\ti\ccstheia141\ccs\tools\compiler\ti-cgt-armllvm_3.2.2.LTS\lib\armv6m-ti-none-eabi\c\</path>
         <kind>archive</kind>
         <file>libc.a</file>
         <name>pre_init.c.obj</name>
      </input_file>
      <input_file id="fl-2f">
         <path>C:\ti\ccstheia141\ccs\tools\compiler\ti-cgt-armllvm_3.2.2.LTS\lib\armv6m-ti-none-eabi\c\</path>
         <kind>archive</kind>
         <file>libc.a</file>
         <name>cpy_tbl.c.obj</name>
      </input_file>
      <input_file id="fl-30">
         <path>C:\ti\ccstheia141\ccs\tools\compiler\ti-cgt-armllvm_3.2.2.LTS\lib\armv6m-ti-none-eabi\c\</path>
         <kind>archive</kind>
         <file>libc.a</file>
         <name>copy_zero_init.c.obj</name>
      </input_file>
      <input_file id="fl-31">
         <path>C:\ti\ccstheia141\ccs\tools\compiler\ti-cgt-armllvm_3.2.2.LTS\lib\armv6m-ti-none-eabi\c\</path>
         <kind>archive</kind>
         <file>libc.a</file>
         <name>copy_decompress_none.c.obj</name>
      </input_file>
      <input_file id="fl-32">
         <path>C:\ti\ccstheia141\ccs\tools\compiler\ti-cgt-armllvm_3.2.2.LTS\lib\armv6m-ti-none-eabi\c\</path>
         <kind>archive</kind>
         <file>libc.a</file>
         <name>copy_decompress_lzss.c.obj</name>
      </input_file>
      <input_file id="fl-33">
         <path>C:\ti\ccstheia141\ccs\tools\compiler\ti-cgt-armllvm_3.2.2.LTS\lib\armv6m-ti-none-eabi\c\</path>
         <kind>archive</kind>
         <file>libc.a</file>
         <name>exit.c.obj</name>
      </input_file>
      <input_file id="fl-34">
         <path>C:\ti\ccstheia141\ccs\tools\compiler\ti-cgt-armllvm_3.2.2.LTS\lib\armv6m-ti-none-eabi\c\</path>
         <kind>archive</kind>
         <file>libc.a</file>
         <name>_lock.c.obj</name>
      </input_file>
      <input_file id="fl-35">
         <path>C:\ti\ccstheia141\ccs\tools\compiler\ti-cgt-armllvm_3.2.2.LTS\lib\armv6m-ti-none-eabi\c\</path>
         <kind>archive</kind>
         <file>libc.a</file>
         <name>args_main.c.obj</name>
      </input_file>
      <input_file id="fl-9b">
         <path>C:\ti\ccstheia141\ccs\tools\compiler\ti-cgt-armllvm_3.2.2.LTS\lib\clang\15.0.7\lib\armv6m-ti-none-eabi\</path>
         <kind>archive</kind>
         <file>libclang_rt.builtins.a</file>
         <name>addsf3.S.obj</name>
      </input_file>
      <input_file id="fl-9c">
         <path>C:\ti\ccstheia141\ccs\tools\compiler\ti-cgt-armllvm_3.2.2.LTS\lib\clang\15.0.7\lib\armv6m-ti-none-eabi\</path>
         <kind>archive</kind>
         <file>libclang_rt.builtins.a</file>
         <name>mulsf3.S.obj</name>
      </input_file>
      <input_file id="fl-9d">
         <path>C:\ti\ccstheia141\ccs\tools\compiler\ti-cgt-armllvm_3.2.2.LTS\lib\clang\15.0.7\lib\armv6m-ti-none-eabi\</path>
         <kind>archive</kind>
         <file>libclang_rt.builtins.a</file>
         <name>divsf3.S.obj</name>
      </input_file>
      <input_file id="fl-9e">
         <path>C:\ti\ccstheia141\ccs\tools\compiler\ti-cgt-armllvm_3.2.2.LTS\lib\clang\15.0.7\lib\armv6m-ti-none-eabi\</path>
         <kind>archive</kind>
         <file>libclang_rt.builtins.a</file>
         <name>fixsfsi.S.obj</name>
      </input_file>
      <input_file id="fl-9f">
         <path>C:\ti\ccstheia141\ccs\tools\compiler\ti-cgt-armllvm_3.2.2.LTS\lib\clang\15.0.7\lib\armv6m-ti-none-eabi\</path>
         <kind>archive</kind>
         <file>libclang_rt.builtins.a</file>
         <name>floatsisf.S.obj</name>
      </input_file>
      <input_file id="fl-a0">
         <path>C:\ti\ccstheia141\ccs\tools\compiler\ti-cgt-armllvm_3.2.2.LTS\lib\clang\15.0.7\lib\armv6m-ti-none-eabi\</path>
         <kind>archive</kind>
         <file>libclang_rt.builtins.a</file>
         <name>aeabi_fcmp.S.obj</name>
      </input_file>
      <input_file id="fl-a1">
         <path>C:\ti\ccstheia141\ccs\tools\compiler\ti-cgt-armllvm_3.2.2.LTS\lib\clang\15.0.7\lib\armv6m-ti-none-eabi\</path>
         <kind>archive</kind>
         <file>libclang_rt.builtins.a</file>
         <name>aeabi_memcpy.S.obj</name>
      </input_file>
      <input_file id="fl-a2">
         <path>C:\ti\ccstheia141\ccs\tools\compiler\ti-cgt-armllvm_3.2.2.LTS\lib\clang\15.0.7\lib\armv6m-ti-none-eabi\</path>
         <kind>archive</kind>
         <file>libclang_rt.builtins.a</file>
         <name>aeabi_memset.S.obj</name>
      </input_file>
      <input_file id="fl-a3">
         <path>C:\ti\ccstheia141\ccs\tools\compiler\ti-cgt-armllvm_3.2.2.LTS\lib\clang\15.0.7\lib\armv6m-ti-none-eabi\</path>
         <kind>archive</kind>
         <file>libclang_rt.builtins.a</file>
         <name>aeabi_uidivmod.S.obj</name>
      </input_file>
      <input_file id="fl-a4">
         <path>C:\ti\ccstheia141\ccs\tools\compiler\ti-cgt-armllvm_3.2.2.LTS\lib\clang\15.0.7\lib\armv6m-ti-none-eabi\</path>
         <kind>archive</kind>
         <file>libclang_rt.builtins.a</file>
         <name>comparesf2.S.obj</name>
      </input_file>
      <input_file id="fl-a5">
         <path>C:\ti\ccstheia141\ccs\tools\compiler\ti-cgt-armllvm_3.2.2.LTS\lib\clang\15.0.7\lib\armv6m-ti-none-eabi\</path>
         <kind>archive</kind>
         <file>libclang_rt.builtins.a</file>
         <name>muldsi3.S.obj</name>
      </input_file>
      <input_file id="fl-a6">
         <path>C:\ti\ccstheia141\ccs\tools\compiler\ti-cgt-armllvm_3.2.2.LTS\lib\clang\15.0.7\lib\armv6m-ti-none-eabi\</path>
         <kind>archive</kind>
         <file>libclang_rt.builtins.a</file>
         <name>aeabi_div0.c.obj</name>
      </input_file>
      <input_file id="fl-a7">
         <path>C:\ti\ccstheia141\ccs\tools\compiler\ti-cgt-armllvm_3.2.2.LTS\lib\armv6m-ti-none-eabi\c\</path>
         <kind>archive</kind>
         <file>libc.a</file>
         <name>memcpy16.S.obj</name>
      </input_file>
      <input_file id="fl-a8">
         <path>C:\ti\ccstheia141\ccs\tools\compiler\ti-cgt-armllvm_3.2.2.LTS\lib\armv6m-ti-none-eabi\c\</path>
         <kind>archive</kind>
         <file>libc.a</file>
         <name>memset16.S.obj</name>
      </input_file>
   </input_file_list>
   <object_component_list>
      <object_component id="oc-18">
         <name>.intvecs</name>
         <load_address>0x0</load_address>
         <readonly>true</readonly>
         <run_address>0x0</run_address>
         <size>0xc0</size>
         <alignment>0x4</alignment>
         <input_file_ref idref="fl-4"/>
      </object_component>
      <object_component id="oc-dd">
         <name>.text.SYSCFG_DL_GPIO_init</name>
         <load_address>0xc0</load_address>
         <readonly>true</readonly>
         <executable>true</executable>
         <run_address>0xc0</run_address>
         <size>0x140</size>
         <alignment>0x4</alignment>
         <input_file_ref idref="fl-3"/>
      </object_component>
      <object_component id="oc-132">
         <name>.text.DL_Timer_initTimerMode</name>
         <load_address>0x200</load_address>
         <readonly>true</readonly>
         <executable>true</executable>
         <run_address>0x200</run_address>
         <size>0xe8</size>
         <alignment>0x4</alignment>
         <input_file_ref idref="fl-1b"/>
      </object_component>
      <object_component id="oc-128">
         <name>.text.DL_Timer_initPWMMode</name>
         <load_address>0x2e8</load_address>
         <readonly>true</readonly>
         <executable>true</executable>
         <run_address>0x2e8</run_address>
         <size>0xc4</size>
         <alignment>0x4</alignment>
         <input_file_ref idref="fl-1b"/>
      </object_component>
      <object_component id="oc-dc">
         <name>.text.SYSCFG_DL_initPower</name>
         <load_address>0x3ac</load_address>
         <readonly>true</readonly>
         <executable>true</executable>
         <run_address>0x3ac</run_address>
         <size>0xc4</size>
         <alignment>0x4</alignment>
         <input_file_ref idref="fl-3"/>
      </object_component>
      <object_component id="oc-3e">
         <name>.text.UART2_IRQHandler</name>
         <load_address>0x470</load_address>
         <readonly>true</readonly>
         <executable>true</executable>
         <run_address>0x470</run_address>
         <size>0xb0</size>
         <alignment>0x4</alignment>
         <input_file_ref idref="fl-1"/>
      </object_component>
      <object_component id="oc-39">
         <name>.text.GROUP1_IRQHandler</name>
         <load_address>0x520</load_address>
         <readonly>true</readonly>
         <executable>true</executable>
         <run_address>0x520</run_address>
         <size>0x88</size>
         <alignment>0x4</alignment>
         <input_file_ref idref="fl-1"/>
      </object_component>
      <object_component id="oc-df">
         <name>.text.SYSCFG_DL_PWM_0_init</name>
         <load_address>0x5a8</load_address>
         <readonly>true</readonly>
         <executable>true</executable>
         <run_address>0x5a8</run_address>
         <size>0x84</size>
         <alignment>0x4</alignment>
         <input_file_ref idref="fl-3"/>
      </object_component>
      <object_component id="oc-e0">
         <name>.text.SYSCFG_DL_PWM_1_init</name>
         <load_address>0x62c</load_address>
         <readonly>true</readonly>
         <executable>true</executable>
         <run_address>0x62c</run_address>
         <size>0x84</size>
         <alignment>0x4</alignment>
         <input_file_ref idref="fl-3"/>
      </object_component>
      <object_component id="oc-1c">
         <name>.text:decompress:lzss</name>
         <load_address>0x6b0</load_address>
         <readonly>true</readonly>
         <executable>true</executable>
         <run_address>0x6b0</run_address>
         <size>0x78</size>
         <alignment>0x4</alignment>
         <input_file_ref idref="fl-32"/>
      </object_component>
      <object_component id="oc-e5">
         <name>.text.SYSCFG_DL_Gyroscpe_init</name>
         <load_address>0x728</load_address>
         <readonly>true</readonly>
         <executable>true</executable>
         <run_address>0x728</run_address>
         <size>0x6c</size>
         <alignment>0x4</alignment>
         <input_file_ref idref="fl-3"/>
      </object_component>
      <object_component id="oc-e4">
         <name>.text.SYSCFG_DL_grayscale_init</name>
         <load_address>0x794</load_address>
         <readonly>true</readonly>
         <executable>true</executable>
         <run_address>0x794</run_address>
         <size>0x6c</size>
         <alignment>0x4</alignment>
         <input_file_ref idref="fl-3"/>
      </object_component>
      <object_component id="oc-e3">
         <name>.text.SYSCFG_DL_I2C_OLED_init</name>
         <load_address>0x800</load_address>
         <readonly>true</readonly>
         <executable>true</executable>
         <run_address>0x800</run_address>
         <size>0x64</size>
         <alignment>0x4</alignment>
         <input_file_ref idref="fl-3"/>
      </object_component>
      <object_component id="oc-b1">
         <name>.text.Gyroscpe_Init</name>
         <load_address>0x864</load_address>
         <readonly>true</readonly>
         <executable>true</executable>
         <run_address>0x864</run_address>
         <size>0x54</size>
         <alignment>0x4</alignment>
         <input_file_ref idref="fl-8"/>
      </object_component>
      <object_component id="oc-172">
         <name>.text.DL_DMA_initChannel</name>
         <load_address>0x8b8</load_address>
         <readonly>true</readonly>
         <executable>true</executable>
         <run_address>0x8b8</run_address>
         <size>0x4c</size>
         <alignment>0x4</alignment>
         <input_file_ref idref="fl-19"/>
      </object_component>
      <object_component id="oc-150">
         <name>.text.DL_UART_setBaudRateDivisor</name>
         <load_address>0x904</load_address>
         <readonly>true</readonly>
         <executable>true</executable>
         <run_address>0x904</run_address>
         <size>0x4c</size>
         <alignment>0x4</alignment>
         <input_file_ref idref="fl-3"/>
      </object_component>
      <object_component id="oc-14e">
         <name>.text.DL_UART_init</name>
         <load_address>0x950</load_address>
         <readonly>true</readonly>
         <executable>true</executable>
         <run_address>0x950</run_address>
         <size>0x48</size>
         <alignment>0x4</alignment>
         <input_file_ref idref="fl-1c"/>
      </object_component>
      <object_component id="oc-e6">
         <name>.text.SYSCFG_DL_Bluetooth_init</name>
         <load_address>0x998</load_address>
         <readonly>true</readonly>
         <executable>true</executable>
         <run_address>0x998</run_address>
         <size>0x48</size>
         <alignment>0x4</alignment>
         <input_file_ref idref="fl-3"/>
      </object_component>
      <object_component id="oc-ab">
         <name>.text.SYSCFG_DL_init</name>
         <load_address>0x9e0</load_address>
         <readonly>true</readonly>
         <executable>true</executable>
         <run_address>0x9e0</run_address>
         <size>0x48</size>
         <alignment>0x4</alignment>
         <input_file_ref idref="fl-3"/>
      </object_component>
      <object_component id="oc-113">
         <name>.text.DL_GPIO_initPeripheralInputFunctionFeatures</name>
         <load_address>0xa28</load_address>
         <readonly>true</readonly>
         <executable>true</executable>
         <run_address>0xa28</run_address>
         <size>0x3c</size>
         <alignment>0x4</alignment>
         <input_file_ref idref="fl-3"/>
      </object_component>
      <object_component id="oc-87">
         <name>.text.main</name>
         <load_address>0xa64</load_address>
         <readonly>true</readonly>
         <executable>true</executable>
         <run_address>0xa64</run_address>
         <size>0x3c</size>
         <alignment>0x4</alignment>
         <input_file_ref idref="fl-2"/>
      </object_component>
      <object_component id="oc-6c">
         <name>.text.uart0_send_string</name>
         <load_address>0xaa0</load_address>
         <readonly>true</readonly>
         <executable>true</executable>
         <run_address>0xaa0</run_address>
         <size>0x3c</size>
         <alignment>0x2</alignment>
         <input_file_ref idref="fl-6"/>
      </object_component>
      <object_component id="oc-c3">
         <name>.text:__TI_auto_init_nobinit_nopinit</name>
         <load_address>0xadc</load_address>
         <readonly>true</readonly>
         <executable>true</executable>
         <run_address>0xadc</run_address>
         <size>0x3c</size>
         <alignment>0x4</alignment>
         <input_file_ref idref="fl-2d"/>
      </object_component>
      <object_component id="oc-117">
         <name>.text.DL_GPIO_initDigitalInputFeatures</name>
         <load_address>0xb18</load_address>
         <readonly>true</readonly>
         <executable>true</executable>
         <run_address>0xb18</run_address>
         <size>0x34</size>
         <alignment>0x4</alignment>
         <input_file_ref idref="fl-3"/>
      </object_component>
      <object_component id="oc-e1">
         <name>.text.SYSCFG_DL_ENCODER_TIM0_init</name>
         <load_address>0xb4c</load_address>
         <readonly>true</readonly>
         <executable>true</executable>
         <run_address>0xb4c</run_address>
         <size>0x34</size>
         <alignment>0x4</alignment>
         <input_file_ref idref="fl-3"/>
      </object_component>
      <object_component id="oc-e2">
         <name>.text.SYSCFG_DL_ENCODER_TIM1_init</name>
         <load_address>0xb80</load_address>
         <readonly>true</readonly>
         <executable>true</executable>
         <run_address>0xb80</run_address>
         <size>0x34</size>
         <alignment>0x4</alignment>
         <input_file_ref idref="fl-3"/>
      </object_component>
      <object_component id="oc-3f">
         <name>.text.UART0_IRQHandler</name>
         <load_address>0xbb4</load_address>
         <readonly>true</readonly>
         <executable>true</executable>
         <run_address>0xbb4</run_address>
         <size>0x34</size>
         <alignment>0x4</alignment>
         <input_file_ref idref="fl-1"/>
      </object_component>
      <object_component id="oc-f0">
         <name>.text.DL_DMA_setTransferSize</name>
         <load_address>0xbe8</load_address>
         <readonly>true</readonly>
         <executable>true</executable>
         <run_address>0xbe8</run_address>
         <size>0x30</size>
         <alignment>0x4</alignment>
         <input_file_ref idref="fl-8"/>
      </object_component>
      <object_component id="oc-ec">
         <name>.text.__NVIC_ClearPendingIRQ</name>
         <load_address>0xc18</load_address>
         <readonly>true</readonly>
         <executable>true</executable>
         <run_address>0xc18</run_address>
         <size>0x2c</size>
         <alignment>0x4</alignment>
         <input_file_ref idref="fl-6"/>
      </object_component>
      <object_component id="oc-ed">
         <name>.text.__NVIC_EnableIRQ</name>
         <load_address>0xc44</load_address>
         <readonly>true</readonly>
         <executable>true</executable>
         <run_address>0xc44</run_address>
         <size>0x2c</size>
         <alignment>0x4</alignment>
         <input_file_ref idref="fl-6"/>
      </object_component>
      <object_component id="oc-f6">
         <name>.text.__NVIC_EnableIRQ</name>
         <load_address>0xc70</load_address>
         <readonly>true</readonly>
         <executable>true</executable>
         <run_address>0xc70</run_address>
         <size>0x2c</size>
         <alignment>0x4</alignment>
         <input_file_ref idref="fl-8"/>
      </object_component>
      <object_component id="oc-79">
         <name>.text.uart0_send_char</name>
         <load_address>0xc9c</load_address>
         <readonly>true</readonly>
         <executable>true</executable>
         <run_address>0xc9c</run_address>
         <size>0x2c</size>
         <alignment>0x4</alignment>
         <input_file_ref idref="fl-6"/>
      </object_component>
      <object_component id="oc-16b">
         <name>.text.DL_Common_updateReg</name>
         <load_address>0xcc8</load_address>
         <readonly>true</readonly>
         <executable>true</executable>
         <run_address>0xcc8</run_address>
         <size>0x28</size>
         <alignment>0x2</alignment>
         <input_file_ref idref="fl-3"/>
      </object_component>
      <object_component id="oc-ef">
         <name>.text.DL_DMA_setDestAddr</name>
         <load_address>0xcf0</load_address>
         <readonly>true</readonly>
         <executable>true</executable>
         <run_address>0xcf0</run_address>
         <size>0x28</size>
         <alignment>0x4</alignment>
         <input_file_ref idref="fl-8"/>
      </object_component>
      <object_component id="oc-ee">
         <name>.text.DL_DMA_setSrcAddr</name>
         <load_address>0xd18</load_address>
         <readonly>true</readonly>
         <executable>true</executable>
         <run_address>0xd18</run_address>
         <size>0x28</size>
         <alignment>0x4</alignment>
         <input_file_ref idref="fl-8"/>
      </object_component>
      <object_component id="oc-143">
         <name>.text.DL_I2C_setControllerRXFIFOThreshold</name>
         <load_address>0xd40</load_address>
         <readonly>true</readonly>
         <executable>true</executable>
         <run_address>0xd40</run_address>
         <size>0x28</size>
         <alignment>0x4</alignment>
         <input_file_ref idref="fl-3"/>
      </object_component>
      <object_component id="oc-142">
         <name>.text.DL_I2C_setControllerTXFIFOThreshold</name>
         <load_address>0xd68</load_address>
         <readonly>true</readonly>
         <executable>true</executable>
         <run_address>0xd68</run_address>
         <size>0x28</size>
         <alignment>0x4</alignment>
         <input_file_ref idref="fl-3"/>
      </object_component>
      <object_component id="oc-154">
         <name>.text.DL_UART_setRXFIFOThreshold</name>
         <load_address>0xd90</load_address>
         <readonly>true</readonly>
         <executable>true</executable>
         <run_address>0xd90</run_address>
         <size>0x28</size>
         <alignment>0x4</alignment>
         <input_file_ref idref="fl-3"/>
      </object_component>
      <object_component id="oc-155">
         <name>.text.DL_UART_setTXFIFOThreshold</name>
         <load_address>0xdb8</load_address>
         <readonly>true</readonly>
         <executable>true</executable>
         <run_address>0xdb8</run_address>
         <size>0x28</size>
         <alignment>0x4</alignment>
         <input_file_ref idref="fl-3"/>
      </object_component>
      <object_component id="oc-71">
         <name>.text.wGrayScale_Data</name>
         <load_address>0xde0</load_address>
         <readonly>true</readonly>
         <executable>true</executable>
         <run_address>0xde0</run_address>
         <size>0x28</size>
         <alignment>0x4</alignment>
         <input_file_ref idref="fl-7"/>
      </object_component>
      <object_component id="oc-5b">
         <name>.text:_c_int00_noargs</name>
         <load_address>0xe08</load_address>
         <readonly>true</readonly>
         <executable>true</executable>
         <run_address>0xe08</run_address>
         <size>0x28</size>
         <alignment>0x4</alignment>
         <input_file_ref idref="fl-2b"/>
      </object_component>
      <object_component id="oc-f1">
         <name>.text.DL_DMA_enableChannel</name>
         <load_address>0xe30</load_address>
         <readonly>true</readonly>
         <executable>true</executable>
         <run_address>0xe30</run_address>
         <size>0x26</size>
         <alignment>0x2</alignment>
         <input_file_ref idref="fl-8"/>
      </object_component>
      <object_component id="oc-f2">
         <name>.text.DL_DMA_isChannelEnabled</name>
         <load_address>0xe56</load_address>
         <readonly>true</readonly>
         <executable>true</executable>
         <run_address>0xe56</run_address>
         <size>0x26</size>
         <alignment>0x2</alignment>
         <input_file_ref idref="fl-8"/>
      </object_component>
      <object_component id="oc-13e">
         <name>.text.DL_I2C_setAnalogGlitchFilterPulseWidth</name>
         <load_address>0xe7c</load_address>
         <readonly>true</readonly>
         <executable>true</executable>
         <run_address>0xe7c</run_address>
         <size>0x26</size>
         <alignment>0x2</alignment>
         <input_file_ref idref="fl-3"/>
      </object_component>
      <object_component id="oc-138">
         <name>.text.DL_I2C_setClockConfig</name>
         <load_address>0xea2</load_address>
         <readonly>true</readonly>
         <executable>true</executable>
         <run_address>0xea2</run_address>
         <size>0x26</size>
         <alignment>0x2</alignment>
         <input_file_ref idref="fl-1a"/>
      </object_component>
      <object_component id="oc-de">
         <name>.text.SYSCFG_DL_SYSCTL_init</name>
         <load_address>0xec8</load_address>
         <readonly>true</readonly>
         <executable>true</executable>
         <run_address>0xec8</run_address>
         <size>0x22</size>
         <alignment>0x2</alignment>
         <input_file_ref idref="fl-3"/>
      </object_component>
      <object_component id="oc-115">
         <name>.text.DL_GPIO_initPeripheralInputFunction</name>
         <load_address>0xeec</load_address>
         <readonly>true</readonly>
         <executable>true</executable>
         <run_address>0xeec</run_address>
         <size>0x20</size>
         <alignment>0x4</alignment>
         <input_file_ref idref="fl-3"/>
      </object_component>
      <object_component id="oc-14f">
         <name>.text.DL_UART_setOversampling</name>
         <load_address>0xf0c</load_address>
         <readonly>true</readonly>
         <executable>true</executable>
         <run_address>0xf0c</run_address>
         <size>0x1e</size>
         <alignment>0x2</alignment>
         <input_file_ref idref="fl-3"/>
      </object_component>
      <object_component id="oc-11b">
         <name>.text.DL_GPIO_clearInterruptStatus</name>
         <load_address>0xf2c</load_address>
         <readonly>true</readonly>
         <executable>true</executable>
         <run_address>0xf2c</run_address>
         <size>0x1c</size>
         <alignment>0x4</alignment>
         <input_file_ref idref="fl-3"/>
      </object_component>
      <object_component id="oc-114">
         <name>.text.DL_GPIO_enableHiZ</name>
         <load_address>0xf48</load_address>
         <readonly>true</readonly>
         <executable>true</executable>
         <run_address>0xf48</run_address>
         <size>0x1c</size>
         <alignment>0x4</alignment>
         <input_file_ref idref="fl-3"/>
      </object_component>
      <object_component id="oc-11c">
         <name>.text.DL_GPIO_enableInterrupt</name>
         <load_address>0xf64</load_address>
         <readonly>true</readonly>
         <executable>true</executable>
         <run_address>0xf64</run_address>
         <size>0x1c</size>
         <alignment>0x4</alignment>
         <input_file_ref idref="fl-3"/>
      </object_component>
      <object_component id="oc-118">
         <name>.text.DL_GPIO_initDigitalInput</name>
         <load_address>0xf80</load_address>
         <readonly>true</readonly>
         <executable>true</executable>
         <run_address>0xf80</run_address>
         <size>0x1c</size>
         <alignment>0x4</alignment>
         <input_file_ref idref="fl-3"/>
      </object_component>
      <object_component id="oc-111">
         <name>.text.DL_GPIO_initPeripheralOutputFunction</name>
         <load_address>0xf9c</load_address>
         <readonly>true</readonly>
         <executable>true</executable>
         <run_address>0xf9c</run_address>
         <size>0x1c</size>
         <alignment>0x4</alignment>
         <input_file_ref idref="fl-3"/>
      </object_component>
      <object_component id="oc-145">
         <name>.text.DL_I2C_enableInterrupt</name>
         <load_address>0xfb8</load_address>
         <readonly>true</readonly>
         <executable>true</executable>
         <run_address>0xfb8</run_address>
         <size>0x1c</size>
         <alignment>0x4</alignment>
         <input_file_ref idref="fl-3"/>
      </object_component>
      <object_component id="oc-65">
         <name>.text.DL_Interrupt_getPendingGroup</name>
         <load_address>0xfd4</load_address>
         <readonly>true</readonly>
         <executable>true</executable>
         <run_address>0xfd4</run_address>
         <size>0x1c</size>
         <alignment>0x4</alignment>
         <input_file_ref idref="fl-1"/>
      </object_component>
      <object_component id="oc-11e">
         <name>.text.DL_SYSCTL_setSYSOSCFreq</name>
         <load_address>0xff0</load_address>
         <readonly>true</readonly>
         <executable>true</executable>
         <run_address>0xff0</run_address>
         <size>0x1c</size>
         <alignment>0x4</alignment>
         <input_file_ref idref="fl-3"/>
      </object_component>
      <object_component id="oc-133">
         <name>.text.DL_Timer_enableInterrupt</name>
         <load_address>0x100c</load_address>
         <readonly>true</readonly>
         <executable>true</executable>
         <run_address>0x100c</run_address>
         <size>0x1c</size>
         <alignment>0x4</alignment>
         <input_file_ref idref="fl-3"/>
      </object_component>
      <object_component id="oc-12a">
         <name>.text.DL_Timer_setCaptCompUpdateMethod</name>
         <load_address>0x1028</load_address>
         <readonly>true</readonly>
         <executable>true</executable>
         <run_address>0x1028</run_address>
         <size>0x1c</size>
         <alignment>0x4</alignment>
         <input_file_ref idref="fl-1b"/>
      </object_component>
      <object_component id="oc-122">
         <name>.text.DL_Timer_setClockConfig</name>
         <load_address>0x1044</load_address>
         <readonly>true</readonly>
         <executable>true</executable>
         <run_address>0x1044</run_address>
         <size>0x1c</size>
         <alignment>0x4</alignment>
         <input_file_ref idref="fl-1b"/>
      </object_component>
      <object_component id="oc-151">
         <name>.text.DL_UART_enableInterrupt</name>
         <load_address>0x1060</load_address>
         <readonly>true</readonly>
         <executable>true</executable>
         <run_address>0x1060</run_address>
         <size>0x1c</size>
         <alignment>0x4</alignment>
         <input_file_ref idref="fl-3"/>
      </object_component>
      <object_component id="oc-34">
         <name>.text.SysTick_Handler</name>
         <load_address>0x107c</load_address>
         <readonly>true</readonly>
         <executable>true</executable>
         <run_address>0x107c</run_address>
         <size>0x1c</size>
         <alignment>0x4</alignment>
         <input_file_ref idref="fl-5"/>
      </object_component>
      <object_component id="oc-112">
         <name>.text.DL_GPIO_enableOutput</name>
         <load_address>0x1098</load_address>
         <readonly>true</readonly>
         <executable>true</executable>
         <run_address>0x1098</run_address>
         <size>0x18</size>
         <alignment>0x4</alignment>
         <input_file_ref idref="fl-3"/>
      </object_component>
      <object_component id="oc-109">
         <name>.text.DL_GPIO_enablePower</name>
         <load_address>0x10b0</load_address>
         <readonly>true</readonly>
         <executable>true</executable>
         <run_address>0x10b0</run_address>
         <size>0x18</size>
         <alignment>0x4</alignment>
         <input_file_ref idref="fl-3"/>
      </object_component>
      <object_component id="oc-116">
         <name>.text.DL_GPIO_initDigitalOutput</name>
         <load_address>0x10c8</load_address>
         <readonly>true</readonly>
         <executable>true</executable>
         <run_address>0x10c8</run_address>
         <size>0x18</size>
         <alignment>0x4</alignment>
         <input_file_ref idref="fl-3"/>
      </object_component>
      <object_component id="oc-105">
         <name>.text.DL_GPIO_reset</name>
         <load_address>0x10e0</load_address>
         <readonly>true</readonly>
         <executable>true</executable>
         <run_address>0x10e0</run_address>
         <size>0x18</size>
         <alignment>0x4</alignment>
         <input_file_ref idref="fl-3"/>
      </object_component>
      <object_component id="oc-11a">
         <name>.text.DL_GPIO_setUpperPinsPolarity</name>
         <load_address>0x10f8</load_address>
         <readonly>true</readonly>
         <executable>true</executable>
         <run_address>0x10f8</run_address>
         <size>0x18</size>
         <alignment>0x2</alignment>
         <input_file_ref idref="fl-3"/>
      </object_component>
      <object_component id="oc-13f">
         <name>.text.DL_I2C_enableAnalogGlitchFilter</name>
         <load_address>0x1110</load_address>
         <readonly>true</readonly>
         <executable>true</executable>
         <run_address>0x1110</run_address>
         <size>0x18</size>
         <alignment>0x2</alignment>
         <input_file_ref idref="fl-3"/>
      </object_component>
      <object_component id="oc-146">
         <name>.text.DL_I2C_enableController</name>
         <load_address>0x1128</load_address>
         <readonly>true</readonly>
         <executable>true</executable>
         <run_address>0x1128</run_address>
         <size>0x18</size>
         <alignment>0x4</alignment>
         <input_file_ref idref="fl-3"/>
      </object_component>
      <object_component id="oc-144">
         <name>.text.DL_I2C_enableControllerClockStretching</name>
         <load_address>0x1140</load_address>
         <readonly>true</readonly>
         <executable>true</executable>
         <run_address>0x1140</run_address>
         <size>0x18</size>
         <alignment>0x4</alignment>
         <input_file_ref idref="fl-3"/>
      </object_component>
      <object_component id="oc-10b">
         <name>.text.DL_I2C_enablePower</name>
         <load_address>0x1158</load_address>
         <readonly>true</readonly>
         <executable>true</executable>
         <run_address>0x1158</run_address>
         <size>0x18</size>
         <alignment>0x4</alignment>
         <input_file_ref idref="fl-3"/>
      </object_component>
      <object_component id="oc-107">
         <name>.text.DL_I2C_reset</name>
         <load_address>0x1170</load_address>
         <readonly>true</readonly>
         <executable>true</executable>
         <run_address>0x1170</run_address>
         <size>0x18</size>
         <alignment>0x4</alignment>
         <input_file_ref idref="fl-3"/>
      </object_component>
      <object_component id="oc-141">
         <name>.text.DL_I2C_setTimerPeriod</name>
         <load_address>0x1188</load_address>
         <readonly>true</readonly>
         <executable>true</executable>
         <run_address>0x1188</run_address>
         <size>0x18</size>
         <alignment>0x4</alignment>
         <input_file_ref idref="fl-3"/>
      </object_component>
      <object_component id="oc-11d">
         <name>.text.DL_SYSCTL_setBORThreshold</name>
         <load_address>0x11a0</load_address>
         <readonly>true</readonly>
         <executable>true</executable>
         <run_address>0x11a0</run_address>
         <size>0x18</size>
         <alignment>0x4</alignment>
         <input_file_ref idref="fl-3"/>
      </object_component>
      <object_component id="oc-10a">
         <name>.text.DL_Timer_enablePower</name>
         <load_address>0x11b8</load_address>
         <readonly>true</readonly>
         <executable>true</executable>
         <run_address>0x11b8</run_address>
         <size>0x18</size>
         <alignment>0x4</alignment>
         <input_file_ref idref="fl-3"/>
      </object_component>
      <object_component id="oc-106">
         <name>.text.DL_Timer_reset</name>
         <load_address>0x11d0</load_address>
         <readonly>true</readonly>
         <executable>true</executable>
         <run_address>0x11d0</run_address>
         <size>0x18</size>
         <alignment>0x4</alignment>
         <input_file_ref idref="fl-3"/>
      </object_component>
      <object_component id="oc-129">
         <name>.text.DL_Timer_setCaptureCompareOutCtl</name>
         <load_address>0x11e8</load_address>
         <readonly>true</readonly>
         <executable>true</executable>
         <run_address>0x11e8</run_address>
         <size>0x18</size>
         <alignment>0x4</alignment>
         <input_file_ref idref="fl-1b"/>
      </object_component>
      <object_component id="oc-152">
         <name>.text.DL_UART_enableDMAReceiveEvent</name>
         <load_address>0x1200</load_address>
         <readonly>true</readonly>
         <executable>true</executable>
         <run_address>0x1200</run_address>
         <size>0x18</size>
         <alignment>0x4</alignment>
         <input_file_ref idref="fl-3"/>
      </object_component>
      <object_component id="oc-153">
         <name>.text.DL_UART_enableFIFOs</name>
         <load_address>0x1218</load_address>
         <readonly>true</readonly>
         <executable>true</executable>
         <run_address>0x1218</run_address>
         <size>0x18</size>
         <alignment>0x2</alignment>
         <input_file_ref idref="fl-3"/>
      </object_component>
      <object_component id="oc-10c">
         <name>.text.DL_UART_enablePower</name>
         <load_address>0x1230</load_address>
         <readonly>true</readonly>
         <executable>true</executable>
         <run_address>0x1230</run_address>
         <size>0x18</size>
         <alignment>0x4</alignment>
         <input_file_ref idref="fl-3"/>
      </object_component>
      <object_component id="oc-9f">
         <name>.text.DL_UART_isBusy</name>
         <load_address>0x1248</load_address>
         <readonly>true</readonly>
         <executable>true</executable>
         <run_address>0x1248</run_address>
         <size>0x18</size>
         <alignment>0x4</alignment>
         <input_file_ref idref="fl-6"/>
      </object_component>
      <object_component id="oc-108">
         <name>.text.DL_UART_reset</name>
         <load_address>0x1260</load_address>
         <readonly>true</readonly>
         <executable>true</executable>
         <run_address>0x1260</run_address>
         <size>0x18</size>
         <alignment>0x4</alignment>
         <input_file_ref idref="fl-3"/>
      </object_component>
      <object_component id="oc-15d">
         <name>.text.SYSCFG_DL_DMA_CH0_init</name>
         <load_address>0x1278</load_address>
         <readonly>true</readonly>
         <executable>true</executable>
         <run_address>0x1278</run_address>
         <size>0x18</size>
         <alignment>0x4</alignment>
         <input_file_ref idref="fl-3"/>
      </object_component>
      <object_component id="oc-15e">
         <name>.text.SYSCFG_DL_DMA_CH1_init</name>
         <load_address>0x1290</load_address>
         <readonly>true</readonly>
         <executable>true</executable>
         <run_address>0x1290</run_address>
         <size>0x18</size>
         <alignment>0x4</alignment>
         <input_file_ref idref="fl-3"/>
      </object_component>
      <object_component id="oc-b0">
         <name>.text.Bluetooth_Init</name>
         <load_address>0x12a8</load_address>
         <readonly>true</readonly>
         <executable>true</executable>
         <run_address>0x12a8</run_address>
         <size>0x16</size>
         <alignment>0x2</alignment>
         <input_file_ref idref="fl-6"/>
      </object_component>
      <object_component id="oc-66">
         <name>.text.DL_GPIO_readPins</name>
         <load_address>0x12be</load_address>
         <readonly>true</readonly>
         <executable>true</executable>
         <run_address>0x12be</run_address>
         <size>0x16</size>
         <alignment>0x2</alignment>
         <input_file_ref idref="fl-1"/>
      </object_component>
      <object_component id="oc-156">
         <name>.text.DL_UART_enable</name>
         <load_address>0x12d4</load_address>
         <readonly>true</readonly>
         <executable>true</executable>
         <run_address>0x12d4</run_address>
         <size>0x16</size>
         <alignment>0x2</alignment>
         <input_file_ref idref="fl-3"/>
      </object_component>
      <object_component id="oc-a0">
         <name>.text.DL_UART_transmitData</name>
         <load_address>0x12ea</load_address>
         <readonly>true</readonly>
         <executable>true</executable>
         <run_address>0x12ea</run_address>
         <size>0x16</size>
         <alignment>0x2</alignment>
         <input_file_ref idref="fl-6"/>
      </object_component>
      <object_component id="oc-52">
         <name>.text:decompress:ZI:__TI_zero_init_nomemset</name>
         <load_address>0x1300</load_address>
         <readonly>true</readonly>
         <executable>true</executable>
         <run_address>0x1300</run_address>
         <size>0x16</size>
         <alignment>0x2</alignment>
         <input_file_ref idref="fl-30"/>
      </object_component>
      <object_component id="oc-119">
         <name>.text.DL_GPIO_clearPins</name>
         <load_address>0x1316</load_address>
         <readonly>true</readonly>
         <executable>true</executable>
         <run_address>0x1316</run_address>
         <size>0x14</size>
         <alignment>0x2</alignment>
         <input_file_ref idref="fl-3"/>
      </object_component>
      <object_component id="oc-140">
         <name>.text.DL_I2C_resetControllerTransfer</name>
         <load_address>0x132c</load_address>
         <readonly>true</readonly>
         <executable>true</executable>
         <run_address>0x132c</run_address>
         <size>0x14</size>
         <alignment>0x4</alignment>
         <input_file_ref idref="fl-3"/>
      </object_component>
      <object_component id="oc-120">
         <name>.text.DL_SYSCTL_disableSYSPLL</name>
         <load_address>0x1340</load_address>
         <readonly>true</readonly>
         <executable>true</executable>
         <run_address>0x1340</run_address>
         <size>0x14</size>
         <alignment>0x4</alignment>
         <input_file_ref idref="fl-3"/>
      </object_component>
      <object_component id="oc-121">
         <name>.text.DL_SYSCTL_enableMFCLK</name>
         <load_address>0x1354</load_address>
         <readonly>true</readonly>
         <executable>true</executable>
         <run_address>0x1354</run_address>
         <size>0x14</size>
         <alignment>0x4</alignment>
         <input_file_ref idref="fl-3"/>
      </object_component>
      <object_component id="oc-12c">
         <name>.text.DL_Timer_enableClock</name>
         <load_address>0x1368</load_address>
         <readonly>true</readonly>
         <executable>true</executable>
         <run_address>0x1368</run_address>
         <size>0x14</size>
         <alignment>0x4</alignment>
         <input_file_ref idref="fl-3"/>
      </object_component>
      <object_component id="oc-12d">
         <name>.text.DL_Timer_setCCPDirection</name>
         <load_address>0x137c</load_address>
         <readonly>true</readonly>
         <executable>true</executable>
         <run_address>0x137c</run_address>
         <size>0x14</size>
         <alignment>0x2</alignment>
         <input_file_ref idref="fl-3"/>
      </object_component>
      <object_component id="oc-78">
         <name>.text.DL_UART_receiveData</name>
         <load_address>0x1390</load_address>
         <readonly>true</readonly>
         <executable>true</executable>
         <run_address>0x1390</run_address>
         <size>0x14</size>
         <alignment>0x4</alignment>
         <input_file_ref idref="fl-1"/>
      </object_component>
      <object_component id="oc-b6">
         <name>.text.Gyroscpe_Start</name>
         <load_address>0x13a4</load_address>
         <readonly>true</readonly>
         <executable>true</executable>
         <run_address>0x13a4</run_address>
         <size>0x14</size>
         <alignment>0x4</alignment>
         <input_file_ref idref="fl-8"/>
      </object_component>
      <object_component id="oc-6b">
         <name>.text.DL_UART_getPendingInterrupt</name>
         <load_address>0x13b8</load_address>
         <readonly>true</readonly>
         <executable>true</executable>
         <run_address>0x13b8</run_address>
         <size>0x12</size>
         <alignment>0x2</alignment>
         <input_file_ref idref="fl-1"/>
      </object_component>
      <object_component id="oc-148">
         <name>.text.DL_UART_setClockConfig</name>
         <load_address>0x13ca</load_address>
         <readonly>true</readonly>
         <executable>true</executable>
         <run_address>0x13ca</run_address>
         <size>0x12</size>
         <alignment>0x2</alignment>
         <input_file_ref idref="fl-1c"/>
      </object_component>
      <object_component id="oc-a1">
         <name>.text:TI_memcpy_small</name>
         <load_address>0x13dc</load_address>
         <readonly>true</readonly>
         <executable>true</executable>
         <run_address>0x13dc</run_address>
         <size>0x12</size>
         <alignment>0x1</alignment>
         <input_file_ref idref="fl-a7"/>
      </object_component>
      <object_component id="oc-20">
         <name>.text:decompress:none</name>
         <load_address>0x13ee</load_address>
         <readonly>true</readonly>
         <executable>true</executable>
         <run_address>0x13ee</run_address>
         <size>0x12</size>
         <alignment>0x2</alignment>
         <input_file_ref idref="fl-31"/>
      </object_component>
      <object_component id="oc-11f">
         <name>.text.DL_SYSCTL_disableHFXT</name>
         <load_address>0x1400</load_address>
         <readonly>true</readonly>
         <executable>true</executable>
         <run_address>0x1400</run_address>
         <size>0x10</size>
         <alignment>0x4</alignment>
         <input_file_ref idref="fl-3"/>
      </object_component>
      <object_component id="oc-12b">
         <name>.text.DL_Timer_setCaptureCompareValue</name>
         <load_address>0x1410</load_address>
         <readonly>true</readonly>
         <executable>true</executable>
         <run_address>0x1410</run_address>
         <size>0x10</size>
         <alignment>0x4</alignment>
         <input_file_ref idref="fl-1b"/>
      </object_component>
      <object_component id="oc-e7">
         <name>.text.SYSCFG_DL_DMA_init</name>
         <load_address>0x1420</load_address>
         <readonly>true</readonly>
         <executable>true</executable>
         <run_address>0x1420</run_address>
         <size>0xc</size>
         <alignment>0x2</alignment>
         <input_file_ref idref="fl-3"/>
      </object_component>
      <object_component id="oc-10d">
         <name>.text.DL_Common_delayCycles</name>
         <load_address>0x142c</load_address>
         <readonly>true</readonly>
         <executable>true</executable>
         <run_address>0x142c</run_address>
         <size>0xa</size>
         <alignment>0x2</alignment>
         <input_file_ref idref="fl-18"/>
      </object_component>
      <object_component id="oc-4b">
         <name>.text.__aeabi_memcpy</name>
         <load_address>0x1438</load_address>
         <readonly>true</readonly>
         <executable>true</executable>
         <run_address>0x1438</run_address>
         <size>0x8</size>
         <alignment>0x4</alignment>
         <input_file_ref idref="fl-a1"/>
      </object_component>
      <object_component id="oc-33">
         <name>.text.Default_Handler</name>
         <load_address>0x1440</load_address>
         <readonly>true</readonly>
         <executable>true</executable>
         <run_address>0x1440</run_address>
         <size>0x4</size>
         <alignment>0x2</alignment>
         <input_file_ref idref="fl-4"/>
      </object_component>
      <object_component id="oc-2f">
         <name>.text.Reset_Handler</name>
         <load_address>0x1444</load_address>
         <readonly>true</readonly>
         <executable>true</executable>
         <run_address>0x1444</run_address>
         <size>0x4</size>
         <alignment>0x2</alignment>
         <input_file_ref idref="fl-4"/>
      </object_component>
      <object_component id="oc-83">
         <name>.text._system_pre_init</name>
         <load_address>0x1448</load_address>
         <readonly>true</readonly>
         <executable>true</executable>
         <run_address>0x1448</run_address>
         <size>0x4</size>
         <alignment>0x2</alignment>
         <input_file_ref idref="fl-2e"/>
      </object_component>
      <object_component id="oc-bc">
         <name>.text:abort</name>
         <load_address>0x144c</load_address>
         <readonly>true</readonly>
         <executable>true</executable>
         <run_address>0x144c</run_address>
         <size>0x4</size>
         <alignment>0x2</alignment>
         <input_file_ref idref="fl-33"/>
      </object_component>
      <object_component id="oc-1bc">
         <name>.cinit..data.load</name>
         <load_address>0x14f8</load_address>
         <readonly>true</readonly>
         <run_address>0x14f8</run_address>
         <size>0x15</size>
         <alignment>0x1</alignment>
      </object_component>
      <object_component id="oc-1ba">
         <name>__TI_handler_table</name>
         <load_address>0x1510</load_address>
         <readonly>true</readonly>
         <run_address>0x1510</run_address>
         <size>0xc</size>
         <alignment>0x4</alignment>
      </object_component>
      <object_component id="oc-1bd">
         <name>.cinit..bss.load</name>
         <load_address>0x151c</load_address>
         <readonly>true</readonly>
         <run_address>0x151c</run_address>
         <size>0x8</size>
         <alignment>0x4</alignment>
      </object_component>
      <object_component id="oc-1bb">
         <name>__TI_cinit_table</name>
         <load_address>0x1524</load_address>
         <readonly>true</readonly>
         <run_address>0x1524</run_address>
         <size>0x10</size>
         <alignment>0x4</alignment>
      </object_component>
      <object_component id="oc-176">
         <name>.rodata.gDMA_CH0Config</name>
         <load_address>0x1450</load_address>
         <readonly>true</readonly>
         <run_address>0x1450</run_address>
         <size>0x18</size>
         <alignment>0x4</alignment>
         <input_file_ref idref="fl-3"/>
      </object_component>
      <object_component id="oc-177">
         <name>.rodata.gDMA_CH1Config</name>
         <load_address>0x1468</load_address>
         <readonly>true</readonly>
         <run_address>0x1468</run_address>
         <size>0x18</size>
         <alignment>0x4</alignment>
         <input_file_ref idref="fl-3"/>
      </object_component>
      <object_component id="oc-135">
         <name>.rodata.gENCODER_TIM0TimerConfig</name>
         <load_address>0x1480</load_address>
         <readonly>true</readonly>
         <run_address>0x1480</run_address>
         <size>0x14</size>
         <alignment>0x4</alignment>
         <input_file_ref idref="fl-3"/>
      </object_component>
      <object_component id="oc-137">
         <name>.rodata.gENCODER_TIM1TimerConfig</name>
         <load_address>0x1494</load_address>
         <readonly>true</readonly>
         <run_address>0x1494</run_address>
         <size>0x14</size>
         <alignment>0x4</alignment>
         <input_file_ref idref="fl-3"/>
      </object_component>
      <object_component id="oc-15c">
         <name>.rodata.gBluetoothConfig</name>
         <load_address>0x14a8</load_address>
         <readonly>true</readonly>
         <run_address>0x14a8</run_address>
         <size>0xa</size>
         <alignment>0x2</alignment>
         <input_file_ref idref="fl-3"/>
      </object_component>
      <object_component id="oc-15a">
         <name>.rodata.gGyroscpeConfig</name>
         <load_address>0x14b2</load_address>
         <readonly>true</readonly>
         <run_address>0x14b2</run_address>
         <size>0xa</size>
         <alignment>0x2</alignment>
         <input_file_ref idref="fl-3"/>
      </object_component>
      <object_component id="oc-158">
         <name>.rodata.ggrayscaleConfig</name>
         <load_address>0x14bc</load_address>
         <readonly>true</readonly>
         <run_address>0x14bc</run_address>
         <size>0xa</size>
         <alignment>0x2</alignment>
         <input_file_ref idref="fl-3"/>
      </object_component>
      <object_component id="oc-15b">
         <name>.rodata.gBluetoothClockConfig</name>
         <load_address>0x14c6</load_address>
         <readonly>true</readonly>
         <run_address>0x14c6</run_address>
         <size>0x2</size>
         <alignment>0x1</alignment>
         <input_file_ref idref="fl-3"/>
      </object_component>
      <object_component id="oc-12f">
         <name>.rodata.gPWM_0Config</name>
         <load_address>0x14c8</load_address>
         <readonly>true</readonly>
         <run_address>0x14c8</run_address>
         <size>0x8</size>
         <alignment>0x4</alignment>
         <input_file_ref idref="fl-3"/>
      </object_component>
      <object_component id="oc-131">
         <name>.rodata.gPWM_1Config</name>
         <load_address>0x14d0</load_address>
         <readonly>true</readonly>
         <run_address>0x14d0</run_address>
         <size>0x8</size>
         <alignment>0x4</alignment>
         <input_file_ref idref="fl-3"/>
      </object_component>
      <object_component id="oc-b8">
         <name>.rodata.str1.176328792963337784071</name>
         <load_address>0x14d8</load_address>
         <readonly>true</readonly>
         <run_address>0x14d8</run_address>
         <size>0x4</size>
         <alignment>0x1</alignment>
         <input_file_ref idref="fl-2"/>
      </object_component>
      <object_component id="oc-b9">
         <name>.rodata.str1.52501554851255701521</name>
         <load_address>0x14dc</load_address>
         <readonly>true</readonly>
         <run_address>0x14dc</run_address>
         <size>0x4</size>
         <alignment>0x1</alignment>
         <input_file_ref idref="fl-2"/>
      </object_component>
      <object_component id="oc-134">
         <name>.rodata.gENCODER_TIM0ClockConfig</name>
         <load_address>0x14e0</load_address>
         <readonly>true</readonly>
         <run_address>0x14e0</run_address>
         <size>0x3</size>
         <alignment>0x1</alignment>
         <input_file_ref idref="fl-3"/>
      </object_component>
      <object_component id="oc-136">
         <name>.rodata.gENCODER_TIM1ClockConfig</name>
         <load_address>0x14e3</load_address>
         <readonly>true</readonly>
         <run_address>0x14e3</run_address>
         <size>0x3</size>
         <alignment>0x1</alignment>
         <input_file_ref idref="fl-3"/>
      </object_component>
      <object_component id="oc-12e">
         <name>.rodata.gPWM_0ClockConfig</name>
         <load_address>0x14e6</load_address>
         <readonly>true</readonly>
         <run_address>0x14e6</run_address>
         <size>0x3</size>
         <alignment>0x1</alignment>
         <input_file_ref idref="fl-3"/>
      </object_component>
      <object_component id="oc-130">
         <name>.rodata.gPWM_1ClockConfig</name>
         <load_address>0x14e9</load_address>
         <readonly>true</readonly>
         <run_address>0x14e9</run_address>
         <size>0x3</size>
         <alignment>0x1</alignment>
         <input_file_ref idref="fl-3"/>
      </object_component>
      <object_component id="oc-77">
         <name>.rodata.str1.70867438457564947861</name>
         <load_address>0x14ec</load_address>
         <readonly>true</readonly>
         <run_address>0x14ec</run_address>
         <size>0x3</size>
         <alignment>0x1</alignment>
         <input_file_ref idref="fl-1"/>
      </object_component>
      <object_component id="oc-159">
         <name>.rodata.gGyroscpeClockConfig</name>
         <load_address>0x14ef</load_address>
         <readonly>true</readonly>
         <run_address>0x14ef</run_address>
         <size>0x2</size>
         <alignment>0x1</alignment>
         <input_file_ref idref="fl-3"/>
      </object_component>
      <object_component id="oc-147">
         <name>.rodata.gI2C_OLEDClockConfig</name>
         <load_address>0x14f1</load_address>
         <readonly>true</readonly>
         <run_address>0x14f1</run_address>
         <size>0x2</size>
         <alignment>0x1</alignment>
         <input_file_ref idref="fl-3"/>
      </object_component>
      <object_component id="oc-157">
         <name>.rodata.ggrayscaleClockConfig</name>
         <load_address>0x14f3</load_address>
         <readonly>true</readonly>
         <run_address>0x14f3</run_address>
         <size>0x2</size>
         <alignment>0x1</alignment>
         <input_file_ref idref="fl-3"/>
      </object_component>
      <object_component id="oc-184">
         <name>.binit</name>
         <load_address>0x0</load_address>
         <readonly>true</readonly>
         <run_address>0x0</run_address>
         <size>0x0</size>
         <alignment>0x4</alignment>
      </object_component>
      <object_component id="oc-b7">
         <name>.data.Bluetooth_BUF</name>
         <load_address>0x20200140</load_address>
         <readwrite>true</readwrite>
         <run_address>0x20200140</run_address>
         <size>0xe</size>
         <alignment>0x1</alignment>
         <input_file_ref idref="fl-2"/>
      </object_component>
      <object_component id="oc-62">
         <name>.data.delay_times</name>
         <load_address>0x20200150</load_address>
         <readwrite>true</readwrite>
         <run_address>0x20200150</run_address>
         <size>0x4</size>
         <alignment>0x4</alignment>
         <input_file_ref idref="fl-5"/>
      </object_component>
      <object_component id="oc-9c">
         <name>.data.grayscale_data</name>
         <load_address>0x2020014e</load_address>
         <readwrite>true</readwrite>
         <run_address>0x2020014e</run_address>
         <size>0x1</size>
         <alignment>0x1</alignment>
         <input_file_ref idref="fl-7"/>
      </object_component>
      <object_component id="oc-f7">
         <name>.data.wt61_data_ready</name>
         <load_address>0x2020014f</load_address>
         <readwrite>true</readwrite>
         <run_address>0x2020014f</run_address>
         <size>0x1</size>
         <alignment>0x1</alignment>
         <input_file_ref idref="fl-8"/>
      </object_component>
      <object_component id="oc-e8">
         <name>.common:gPWM_0Backup</name>
         <uninitialized>true</uninitialized>
         <readwrite>true</readwrite>
         <run_address>0x20200078</run_address>
         <size>0x78</size>
         <alignment>0x4</alignment>
      </object_component>
      <object_component id="oc-e9">
         <name>.common:gENCODER_TIM1Backup</name>
         <uninitialized>true</uninitialized>
         <readwrite>true</readwrite>
         <run_address>0x20200000</run_address>
         <size>0x78</size>
         <alignment>0x4</alignment>
      </object_component>
      <object_component id="oc-76">
         <name>.common:gRxGraycScalePacket</name>
         <uninitialized>true</uninitialized>
         <readwrite>true</readwrite>
         <run_address>0x202000f0</run_address>
         <size>0x2b</size>
         <alignment>0x1</alignment>
      </object_component>
      <object_component id="oc-9b">
         <name>.common:gCheckGrayScale</name>
         <uninitialized>true</uninitialized>
         <readwrite>true</readwrite>
         <run_address>0x2020011b</run_address>
         <size>0x1</size>
         <alignment>0x1</alignment>
      </object_component>
      <object_component id="oc-f3">
         <name>.common:wt61_rx_buffer</name>
         <uninitialized>true</uninitialized>
         <readwrite>true</readwrite>
         <run_address>0x20200134</run_address>
         <size>0xb</size>
         <alignment>0x1</alignment>
      </object_component>
      <object_component id="oc-67">
         <name>.common:motor</name>
         <uninitialized>true</uninitialized>
         <readwrite>true</readwrite>
         <run_address>0x2020011c</run_address>
         <size>0x18</size>
         <alignment>0x4</alignment>
      </object_component>
      <object_component id="oc-1a">
         <name>.stack</name>
         <uninitialized>true</uninitialized>
         <readwrite>true</readwrite>
         <run_address>0x20207e00</run_address>
         <size>0x4</size>
         <alignment>0x4</alignment>
         <input_file_ref idref="fl-2b"/>
      </object_component>
      <object_component id="oc-1bf">
         <name>.stack</name>
         <uninitialized>true</uninitialized>
         <readwrite>true</readwrite>
         <run_address>0x20207e00</run_address>
         <size>0x0</size>
         <alignment>0x8</alignment>
      </object_component>
      <object_component id="oc-69">
         <name>.debug_abbrev</name>
         <load_address>0x0</load_address>
         <run_address>0x0</run_address>
         <size>0x139</size>
         <alignment>0x1</alignment>
         <input_file_ref idref="fl-1"/>
      </object_component>
      <object_component id="oc-ba">
         <name>.debug_abbrev</name>
         <load_address>0x139</load_address>
         <run_address>0x139</run_address>
         <size>0x80</size>
         <alignment>0x1</alignment>
         <input_file_ref idref="fl-2"/>
      </object_component>
      <object_component id="oc-ea">
         <name>.debug_abbrev</name>
         <load_address>0x1b9</load_address>
         <run_address>0x1b9</run_address>
         <size>0x1f8</size>
         <alignment>0x1</alignment>
         <input_file_ref idref="fl-3"/>
      </object_component>
      <object_component id="oc-40">
         <name>.debug_abbrev</name>
         <load_address>0x3b1</load_address>
         <run_address>0x3b1</run_address>
         <size>0x6d</size>
         <alignment>0x1</alignment>
         <input_file_ref idref="fl-4"/>
      </object_component>
      <object_component id="oc-63">
         <name>.debug_abbrev</name>
         <load_address>0x41e</load_address>
         <run_address>0x41e</run_address>
         <size>0xd5</size>
         <alignment>0x1</alignment>
         <input_file_ref idref="fl-5"/>
      </object_component>
      <object_component id="oc-99">
         <name>.debug_abbrev</name>
         <load_address>0x4f3</load_address>
         <run_address>0x4f3</run_address>
         <size>0x15e</size>
         <alignment>0x1</alignment>
         <input_file_ref idref="fl-6"/>
      </object_component>
      <object_component id="oc-9d">
         <name>.debug_abbrev</name>
         <load_address>0x651</load_address>
         <run_address>0x651</run_address>
         <size>0x1a7</size>
         <alignment>0x1</alignment>
         <input_file_ref idref="fl-7"/>
      </object_component>
      <object_component id="oc-f4">
         <name>.debug_abbrev</name>
         <load_address>0x7f8</load_address>
         <run_address>0x7f8</run_address>
         <size>0x1d7</size>
         <alignment>0x1</alignment>
         <input_file_ref idref="fl-8"/>
      </object_component>
      <object_component id="oc-95">
         <name>.debug_abbrev</name>
         <load_address>0x9cf</load_address>
         <run_address>0x9cf</run_address>
         <size>0x125</size>
         <alignment>0x1</alignment>
         <input_file_ref idref="fl-9"/>
      </object_component>
      <object_component id="oc-168">
         <name>.debug_abbrev</name>
         <load_address>0xaf4</load_address>
         <run_address>0xaf4</run_address>
         <size>0x62</size>
         <alignment>0x1</alignment>
         <input_file_ref idref="fl-18"/>
      </object_component>
      <object_component id="oc-178">
         <name>.debug_abbrev</name>
         <load_address>0xb56</load_address>
         <run_address>0xb56</run_address>
         <size>0x182</size>
         <alignment>0x1</alignment>
         <input_file_ref idref="fl-19"/>
      </object_component>
      <object_component id="oc-16e">
         <name>.debug_abbrev</name>
         <load_address>0xcd8</load_address>
         <run_address>0xcd8</run_address>
         <size>0x1e7</size>
         <alignment>0x1</alignment>
         <input_file_ref idref="fl-1a"/>
      </object_component>
      <object_component id="oc-16c">
         <name>.debug_abbrev</name>
         <load_address>0xebf</load_address>
         <run_address>0xebf</run_address>
         <size>0x258</size>
         <alignment>0x1</alignment>
         <input_file_ref idref="fl-1b"/>
      </object_component>
      <object_component id="oc-170">
         <name>.debug_abbrev</name>
         <load_address>0x1117</load_address>
         <run_address>0x1117</run_address>
         <size>0x27f</size>
         <alignment>0x1</alignment>
         <input_file_ref idref="fl-1c"/>
      </object_component>
      <object_component id="oc-42">
         <name>.debug_abbrev</name>
         <load_address>0x1396</load_address>
         <run_address>0x1396</run_address>
         <size>0xaf</size>
         <alignment>0x1</alignment>
         <input_file_ref idref="fl-2b"/>
      </object_component>
      <object_component id="oc-fe">
         <name>.debug_abbrev</name>
         <load_address>0x1445</load_address>
         <run_address>0x1445</run_address>
         <size>0x186</size>
         <alignment>0x1</alignment>
         <input_file_ref idref="fl-2d"/>
      </object_component>
      <object_component id="oc-a9">
         <name>.debug_abbrev</name>
         <load_address>0x15cb</load_address>
         <run_address>0x15cb</run_address>
         <size>0x39</size>
         <alignment>0x1</alignment>
         <input_file_ref idref="fl-2e"/>
      </object_component>
      <object_component id="oc-7c">
         <name>.debug_abbrev</name>
         <load_address>0x1604</load_address>
         <run_address>0x1604</run_address>
         <size>0xc2</size>
         <alignment>0x1</alignment>
         <input_file_ref idref="fl-30"/>
      </object_component>
      <object_component id="oc-4f">
         <name>.debug_abbrev</name>
         <load_address>0x16c6</load_address>
         <run_address>0x16c6</run_address>
         <size>0x70</size>
         <alignment>0x1</alignment>
         <input_file_ref idref="fl-31"/>
      </object_component>
      <object_component id="oc-47">
         <name>.debug_abbrev</name>
         <load_address>0x1736</load_address>
         <run_address>0x1736</run_address>
         <size>0x8d</size>
         <alignment>0x1</alignment>
         <input_file_ref idref="fl-32"/>
      </object_component>
      <object_component id="oc-f8">
         <name>.debug_abbrev</name>
         <load_address>0x17c3</load_address>
         <run_address>0x17c3</run_address>
         <size>0xb3</size>
         <alignment>0x1</alignment>
         <input_file_ref idref="fl-33"/>
      </object_component>
      <object_component id="oc-7b">
         <name>.debug_abbrev</name>
         <load_address>0x1876</load_address>
         <run_address>0x1876</run_address>
         <size>0x27</size>
         <alignment>0x1</alignment>
         <input_file_ref idref="fl-a1"/>
      </object_component>
      <object_component id="oc-d5">
         <name>.debug_abbrev</name>
         <load_address>0x189d</load_address>
         <run_address>0x189d</run_address>
         <size>0x25</size>
         <alignment>0x1</alignment>
         <input_file_ref idref="fl-a7"/>
      </object_component>
      <object_component id="oc-1c1">
         <name>.debug_abbrev</name>
         <load_address>0x18c2</load_address>
         <run_address>0x18c2</run_address>
         <size>0xf</size>
         <alignment>0x0</alignment>
      </object_component>
      <object_component id="oc-3b">
         <name>.debug_info</name>
         <load_address>0x0</load_address>
         <run_address>0x0</run_address>
         <size>0x15f0</size>
         <alignment>0x1</alignment>
         <input_file_ref idref="fl-1"/>
      </object_component>
      <object_component id="oc-88">
         <name>.debug_info</name>
         <load_address>0x15f0</load_address>
         <run_address>0x15f0</run_address>
         <size>0xf1</size>
         <alignment>0x1</alignment>
         <input_file_ref idref="fl-2"/>
      </object_component>
      <object_component id="oc-ad">
         <name>.debug_info</name>
         <load_address>0x16e1</load_address>
         <run_address>0x16e1</run_address>
         <size>0x4a50</size>
         <alignment>0x1</alignment>
         <input_file_ref idref="fl-3"/>
      </object_component>
      <object_component id="oc-19">
         <name>.debug_info</name>
         <load_address>0x6131</load_address>
         <run_address>0x6131</run_address>
         <size>0x80</size>
         <alignment>0x1</alignment>
         <input_file_ref idref="fl-4"/>
      </object_component>
      <object_component id="oc-37">
         <name>.debug_info</name>
         <load_address>0x61b1</load_address>
         <run_address>0x61b1</run_address>
         <size>0x153</size>
         <alignment>0x1</alignment>
         <input_file_ref idref="fl-5"/>
      </object_component>
      <object_component id="oc-6e">
         <name>.debug_info</name>
         <load_address>0x6304</load_address>
         <run_address>0x6304</run_address>
         <size>0x825</size>
         <alignment>0x1</alignment>
         <input_file_ref idref="fl-6"/>
      </object_component>
      <object_component id="oc-73">
         <name>.debug_info</name>
         <load_address>0x6b29</load_address>
         <run_address>0x6b29</run_address>
         <size>0xdc2</size>
         <alignment>0x1</alignment>
         <input_file_ref idref="fl-7"/>
      </object_component>
      <object_component id="oc-b3">
         <name>.debug_info</name>
         <load_address>0x78eb</load_address>
         <run_address>0x78eb</run_address>
         <size>0xe1e</size>
         <alignment>0x1</alignment>
         <input_file_ref idref="fl-8"/>
      </object_component>
      <object_component id="oc-68">
         <name>.debug_info</name>
         <load_address>0x8709</load_address>
         <run_address>0x8709</run_address>
         <size>0xe7f</size>
         <alignment>0x1</alignment>
         <input_file_ref idref="fl-9"/>
      </object_component>
      <object_component id="oc-110">
         <name>.debug_info</name>
         <load_address>0x9588</load_address>
         <run_address>0x9588</run_address>
         <size>0x75</size>
         <alignment>0x1</alignment>
         <input_file_ref idref="fl-18"/>
      </object_component>
      <object_component id="oc-175">
         <name>.debug_info</name>
         <load_address>0x95fd</load_address>
         <run_address>0x95fd</run_address>
         <size>0x6df</size>
         <alignment>0x1</alignment>
         <input_file_ref idref="fl-19"/>
      </object_component>
      <object_component id="oc-13b">
         <name>.debug_info</name>
         <load_address>0x9cdc</load_address>
         <run_address>0x9cdc</run_address>
         <size>0xca0</size>
         <alignment>0x1</alignment>
         <input_file_ref idref="fl-1a"/>
      </object_component>
      <object_component id="oc-127">
         <name>.debug_info</name>
         <load_address>0xa97c</load_address>
         <run_address>0xa97c</run_address>
         <size>0x2f7d</size>
         <alignment>0x1</alignment>
         <input_file_ref idref="fl-1b"/>
      </object_component>
      <object_component id="oc-14a">
         <name>.debug_info</name>
         <load_address>0xd8f9</load_address>
         <run_address>0xd8f9</run_address>
         <size>0x1259</size>
         <alignment>0x1</alignment>
         <input_file_ref idref="fl-1c"/>
      </object_component>
      <object_component id="oc-1b">
         <name>.debug_info</name>
         <load_address>0xeb52</load_address>
         <run_address>0xeb52</run_address>
         <size>0x423</size>
         <alignment>0x1</alignment>
         <input_file_ref idref="fl-2b"/>
      </object_component>
      <object_component id="oc-c7">
         <name>.debug_info</name>
         <load_address>0xef75</load_address>
         <run_address>0xef75</run_address>
         <size>0x74a</size>
         <alignment>0x1</alignment>
         <input_file_ref idref="fl-2d"/>
      </object_component>
      <object_component id="oc-86">
         <name>.debug_info</name>
         <load_address>0xf6bf</load_address>
         <run_address>0xf6bf</run_address>
         <size>0x46</size>
         <alignment>0x1</alignment>
         <input_file_ref idref="fl-2e"/>
      </object_component>
      <object_component id="oc-55">
         <name>.debug_info</name>
         <load_address>0xf705</load_address>
         <run_address>0xf705</run_address>
         <size>0x192</size>
         <alignment>0x1</alignment>
         <input_file_ref idref="fl-30"/>
      </object_component>
      <object_component id="oc-22">
         <name>.debug_info</name>
         <load_address>0xf897</load_address>
         <run_address>0xf897</run_address>
         <size>0xc6</size>
         <alignment>0x1</alignment>
         <input_file_ref idref="fl-31"/>
      </object_component>
      <object_component id="oc-1d">
         <name>.debug_info</name>
         <load_address>0xf95d</load_address>
         <run_address>0xf95d</run_address>
         <size>0x180</size>
         <alignment>0x1</alignment>
         <input_file_ref idref="fl-32"/>
      </object_component>
      <object_component id="oc-be">
         <name>.debug_info</name>
         <load_address>0xfadd</load_address>
         <run_address>0xfadd</run_address>
         <size>0xed</size>
         <alignment>0x1</alignment>
         <input_file_ref idref="fl-33"/>
      </object_component>
      <object_component id="oc-4e">
         <name>.debug_info</name>
         <load_address>0xfbca</load_address>
         <run_address>0xfbca</run_address>
         <size>0x19e</size>
         <alignment>0x1</alignment>
         <input_file_ref idref="fl-a1"/>
      </object_component>
      <object_component id="oc-a2">
         <name>.debug_info</name>
         <load_address>0xfd68</load_address>
         <run_address>0xfd68</run_address>
         <size>0x2fa</size>
         <alignment>0x1</alignment>
         <input_file_ref idref="fl-a7"/>
      </object_component>
      <object_component id="oc-1c0">
         <name>.debug_info</name>
         <load_address>0x10062</load_address>
         <run_address>0x10062</run_address>
         <size>0xbd</size>
         <alignment>0x0</alignment>
      </object_component>
      <object_component id="oc-3a">
         <name>.debug_ranges</name>
         <load_address>0x0</load_address>
         <run_address>0x0</run_address>
         <size>0x60</size>
         <alignment>0x1</alignment>
         <input_file_ref idref="fl-1"/>
      </object_component>
      <object_component id="oc-ac">
         <name>.debug_ranges</name>
         <load_address>0x60</load_address>
         <run_address>0x60</run_address>
         <size>0x200</size>
         <alignment>0x1</alignment>
         <input_file_ref idref="fl-3"/>
      </object_component>
      <object_component id="oc-30">
         <name>.debug_ranges</name>
         <load_address>0x260</load_address>
         <run_address>0x260</run_address>
         <size>0x18</size>
         <alignment>0x1</alignment>
         <input_file_ref idref="fl-4"/>
      </object_component>
      <object_component id="oc-38">
         <name>.debug_ranges</name>
         <load_address>0x278</load_address>
         <run_address>0x278</run_address>
         <size>0x20</size>
         <alignment>0x1</alignment>
         <input_file_ref idref="fl-5"/>
      </object_component>
      <object_component id="oc-6d">
         <name>.debug_ranges</name>
         <load_address>0x298</load_address>
         <run_address>0x298</run_address>
         <size>0x40</size>
         <alignment>0x1</alignment>
         <input_file_ref idref="fl-6"/>
      </object_component>
      <object_component id="oc-74">
         <name>.debug_ranges</name>
         <load_address>0x2d8</load_address>
         <run_address>0x2d8</run_address>
         <size>0x88</size>
         <alignment>0x1</alignment>
         <input_file_ref idref="fl-7"/>
      </object_component>
      <object_component id="oc-b5">
         <name>.debug_ranges</name>
         <load_address>0x360</load_address>
[...]
               <start_address>0x20200000</start_address>
               <size>0x13f</size>
               <logical_group_ref idref="lg-f"/>
            </allocated_space>
            <available_space>
               <start_address>0x2020013f</start_address>
               <size>0x1</size>
            </available_space>
            <allocated_space>
               <start_address>0x20200140</start_address>
               <size>0x14</size>
               <logical_group_ref idref="lg-e"/>
            </allocated_space>
            <available_space>
               <start_address>0x20200154</start_address>
               <size>0x7cac</size>
            </available_space>
            <allocated_space>
               <start_address>0x20207e00</start_address>
               <size>0x200</size>
               <logical_group_ref idref="lg-11"/>
            </allocated_space>
         </usage_details>
      </memory_area>
      <memory_area display="yes" color="green">
         <name>BCR_CONFIG</name>
         <page_id>0x0</page_id>
         <origin>0x41c00000</origin>
         <length>0x80</length>
         <used_space>0x0</used_space>
         <unused_space>0x80</unused_space>
         <attributes>R</attributes>
         <usage_details>
         </usage_details>
      </memory_area>
      <memory_area display="yes" color="green">
         <name>BSL_CONFIG</name>
         <page_id>0x0</page_id>
         <origin>0x41c00100</origin>
         <length>0x80</length>
         <used_space>0x0</used_space>
         <unused_space>0x80</unused_space>
         <attributes>R</attributes>
         <usage_details>
         </usage_details>
      </memory_area>
   </placement_map>
   <cptbl_list>
      <cptbl>
         <name>__TI_cinit_table</name>
         <cprec>
            <name>.data</name>
            <load_address>0x14f8</load_address>
            <load_size>0x15</load_size>
            <run_address>0x20200140</run_address>
            <run_size>0x14</run_size>
            <compression>lzss</compression>
         </cprec>
         <cprec>
            <name>.bss</name>
            <load_address>0x151c</load_address>
            <load_size>0x8</load_size>
            <run_address>0x20200000</run_address>
            <run_size>0x13f</run_size>
            <compression>zero_init</compression>
         </cprec>
      </cptbl>
   </cptbl_list>
   <handler_table>
      <handler_table_name>__TI_handler_table</handler_table_name>
      <handler>
         <index>0x0</index>
         <name>__TI_decompress_lzss</name>
      </handler>
      <handler>
         <index>0x1</index>
         <name>__TI_decompress_none</name>
      </handler>
      <handler>
         <index>0x2</index>
         <name>__TI_zero_init</name>
      </handler>
   </handler_table>
   <symbol_table>
      <symbol id="sm-1">
         <name>__start___llvm_prf_cnts</name>
         <value>0x20200000</value>
      </symbol>
      <symbol id="sm-2">
         <name>__stop___llvm_prf_cnts</name>
         <value>0x20200000</value>
      </symbol>
      <symbol id="sm-3">
         <name>__start___llvm_prf_bits</name>
         <value>0x20200000</value>
      </symbol>
      <symbol id="sm-4">
         <name>__stop___llvm_prf_bits</name>
         <value>0x20200000</value>
      </symbol>
      <symbol id="sm-5">
         <name>__TI_CINIT_Base</name>
         <value>0x1524</value>
      </symbol>
      <symbol id="sm-6">
         <name>__TI_CINIT_Limit</name>
         <value>0x1534</value>
      </symbol>
      <symbol id="sm-7">
         <name>__TI_CINIT_Warm</name>
         <value>0x1534</value>
      </symbol>
      <symbol id="sm-8">
         <name>__TI_Handler_Table_Base</name>
         <value>0x1510</value>
      </symbol>
      <symbol id="sm-9">
         <name>__TI_Handler_Table_Limit</name>
         <value>0x151c</value>
      </symbol>
      <symbol id="sm-a">
         <name>binit</name>
         <value>0xffffffff</value>
      </symbol>
      <symbol id="sm-b">
         <name>__binit__</name>
         <value>0xffffffff</value>
      </symbol>
      <symbol id="sm-c">
         <name>__STACK_SIZE</name>
         <value>0x200</value>
      </symbol>
      <symbol id="sm-d">
         <name>__STACK_END</name>
         <value>0x20208000</value>
      </symbol>
      <symbol id="sm-e">
         <name>__TI_pprof_out_hndl</name>
         <value>0xffffffff</value>
      </symbol>
      <symbol id="sm-f">
         <name>__TI_prof_data_start</name>
         <value>0xffffffff</value>
      </symbol>
      <symbol id="sm-10">
         <name>__TI_prof_data_size</name>
         <value>0xffffffff</value>
      </symbol>
      <symbol id="sm-51">
         <name>UART2_IRQHandler</name>
         <value>0x471</value>
         <object_component_ref idref="oc-3e"/>
      </symbol>
      <symbol id="sm-52">
         <name>UART0_IRQHandler</name>
         <value>0xbb5</value>
         <object_component_ref idref="oc-3f"/>
      </symbol>
      <symbol id="sm-53">
         <name>GROUP1_IRQHandler</name>
         <value>0x521</value>
         <object_component_ref idref="oc-39"/>
      </symbol>
      <symbol id="sm-5e">
         <name>main</name>
         <value>0xa65</value>
         <object_component_ref idref="oc-87"/>
      </symbol>
      <symbol id="sm-5f">
         <name>Bluetooth_BUF</name>
         <value>0x20200140</value>
         <object_component_ref idref="oc-b7"/>
      </symbol>
      <symbol id="sm-162">
         <name>SYSCFG_DL_init</name>
         <value>0x9e1</value>
         <object_component_ref idref="oc-ab"/>
      </symbol>
      <symbol id="sm-163">
         <name>SYSCFG_DL_initPower</name>
         <value>0x3ad</value>
         <object_component_ref idref="oc-dc"/>
      </symbol>
      <symbol id="sm-164">
         <name>SYSCFG_DL_GPIO_init</name>
         <value>0xc1</value>
         <object_component_ref idref="oc-dd"/>
      </symbol>
      <symbol id="sm-165">
         <name>SYSCFG_DL_SYSCTL_init</name>
         <value>0xec9</value>
         <object_component_ref idref="oc-de"/>
      </symbol>
      <symbol id="sm-166">
         <name>SYSCFG_DL_PWM_0_init</name>
         <value>0x5a9</value>
         <object_component_ref idref="oc-df"/>
      </symbol>
      <symbol id="sm-167">
         <name>SYSCFG_DL_PWM_1_init</name>
         <value>0x62d</value>
         <object_component_ref idref="oc-e0"/>
      </symbol>
      <symbol id="sm-168">
         <name>SYSCFG_DL_ENCODER_TIM0_init</name>
         <value>0xb4d</value>
         <object_component_ref idref="oc-e1"/>
      </symbol>
      <symbol id="sm-169">
         <name>SYSCFG_DL_ENCODER_TIM1_init</name>
         <value>0xb81</value>
         <object_component_ref idref="oc-e2"/>
      </symbol>
      <symbol id="sm-16a">
         <name>SYSCFG_DL_I2C_OLED_init</name>
         <value>0x801</value>
         <object_component_ref idref="oc-e3"/>
      </symbol>
      <symbol id="sm-16b">
         <name>SYSCFG_DL_grayscale_init</name>
         <value>0x795</value>
         <object_component_ref idref="oc-e4"/>
      </symbol>
      <symbol id="sm-16c">
         <name>SYSCFG_DL_Gyroscpe_init</name>
         <value>0x729</value>
         <object_component_ref idref="oc-e5"/>
      </symbol>
      <symbol id="sm-16d">
         <name>SYSCFG_DL_Bluetooth_init</name>
         <value>0x999</value>
         <object_component_ref idref="oc-e6"/>
      </symbol>
      <symbol id="sm-16e">
         <name>SYSCFG_DL_DMA_init</name>
         <value>0x1421</value>
         <object_component_ref idref="oc-e7"/>
      </symbol>
      <symbol id="sm-16f">
         <name>gPWM_0Backup</name>
         <value>0x20200078</value>
      </symbol>
      <symbol id="sm-170">
         <name>gENCODER_TIM1Backup</name>
         <value>0x20200000</value>
      </symbol>
      <symbol id="sm-171">
         <name>SYSCFG_DL_DMA_CH0_init</name>
         <value>0x1279</value>
         <object_component_ref idref="oc-15d"/>
      </symbol>
      <symbol id="sm-172">
         <name>SYSCFG_DL_DMA_CH1_init</name>
         <value>0x1291</value>
         <object_component_ref idref="oc-15e"/>
      </symbol>
      <symbol id="sm-17d">
         <name>Default_Handler</name>
         <value>0x1441</value>
         <object_component_ref idref="oc-33"/>
      </symbol>
      <symbol id="sm-17e">
         <name>Reset_Handler</name>
         <value>0x1445</value>
         <object_component_ref idref="oc-2f"/>
      </symbol>
      <symbol id="sm-17f">
         <name>interruptVectors</name>
         <value>0x0</value>
         <object_component_ref idref="oc-18"/>
      </symbol>
      <symbol id="sm-180">
         <name>NMI_Handler</name>
         <value>0x1441</value>
         <object_component_ref idref="oc-33"/>
      </symbol>
      <symbol id="sm-181">
         <name>HardFault_Handler</name>
         <value>0x1441</value>
         <object_component_ref idref="oc-33"/>
      </symbol>
      <symbol id="sm-182">
         <name>SVC_Handler</name>
         <value>0x1441</value>
         <object_component_ref idref="oc-33"/>
      </symbol>
      <symbol id="sm-183">
         <name>PendSV_Handler</name>
         <value>0x1441</value>
         <object_component_ref idref="oc-33"/>
      </symbol>
      <symbol id="sm-184">
         <name>GROUP0_IRQHandler</name>
         <value>0x1441</value>
         <object_component_ref idref="oc-33"/>
      </symbol>
      <symbol id="sm-185">
         <name>TIMG8_IRQHandler</name>
         <value>0x1441</value>
         <object_component_ref idref="oc-33"/>
      </symbol>
      <symbol id="sm-186">
         <name>UART3_IRQHandler</name>
         <value>0x1441</value>
         <object_component_ref idref="oc-33"/>
      </symbol>
      <symbol id="sm-187">
         <name>ADC0_IRQHandler</name>
         <value>0x1441</value>
         <object_component_ref idref="oc-33"/>
      </symbol>
      <symbol id="sm-188">
         <name>ADC1_IRQHandler</name>
         <value>0x1441</value>
         <object_component_ref idref="oc-33"/>
      </symbol>
      <symbol id="sm-189">
         <name>CANFD0_IRQHandler</name>
         <value>0x1441</value>
         <object_component_ref idref="oc-33"/>
      </symbol>
      <symbol id="sm-18a">
         <name>DAC0_IRQHandler</name>
         <value>0x1441</value>
         <object_component_ref idref="oc-33"/>
      </symbol>
      <symbol id="sm-18b">
         <name>SPI0_IRQHandler</name>
         <value>0x1441</value>
         <object_component_ref idref="oc-33"/>
      </symbol>
      <symbol id="sm-18c">
         <name>SPI1_IRQHandler</name>
         <value>0x1441</value>
         <object_component_ref idref="oc-33"/>
      </symbol>
      <symbol id="sm-18d">
         <name>UART1_IRQHandler</name>
         <value>0x1441</value>
         <object_component_ref idref="oc-33"/>
      </symbol>
      <symbol id="sm-18e">
         <name>TIMG0_IRQHandler</name>
         <value>0x1441</value>
         <object_component_ref idref="oc-33"/>
      </symbol>
      <symbol id="sm-18f">
         <name>TIMG6_IRQHandler</name>
         <value>0x1441</value>
         <object_component_ref idref="oc-33"/>
      </symbol>
      <symbol id="sm-190">
         <name>TIMA0_IRQHandler</name>
         <value>0x1441</value>
         <object_component_ref idref="oc-33"/>
      </symbol>
      <symbol id="sm-191">
         <name>TIMA1_IRQHandler</name>
         <value>0x1441</value>
         <object_component_ref idref="oc-33"/>
      </symbol>
      <symbol id="sm-192">
         <name>TIMG7_IRQHandler</name>
         <value>0x1441</value>
         <object_component_ref idref="oc-33"/>
      </symbol>
      <symbol id="sm-193">
         <name>TIMG12_IRQHandler</name>
         <value>0x1441</value>
         <object_component_ref idref="oc-33"/>
      </symbol>
      <symbol id="sm-194">
         <name>I2C0_IRQHandler</name>
         <value>0x1441</value>
         <object_component_ref idref="oc-33"/>
      </symbol>
      <symbol id="sm-195">
         <name>I2C1_IRQHandler</name>
         <value>0x1441</value>
         <object_component_ref idref="oc-33"/>
      </symbol>
      <symbol id="sm-196">
         <name>AES_IRQHandler</name>
         <value>0x1441</value>
         <object_component_ref idref="oc-33"/>
      </symbol>
      <symbol id="sm-197">
         <name>RTC_IRQHandler</name>
         <value>0x1441</value>
         <object_component_ref idref="oc-33"/>
      </symbol>
      <symbol id="sm-198">
         <name>DMA_IRQHandler</name>
         <value>0x1441</value>
         <object_component_ref idref="oc-33"/>
      </symbol>
      <symbol id="sm-1a2">
         <name>SysTick_Handler</name>
         <value>0x107d</value>
         <object_component_ref idref="oc-34"/>
      </symbol>
      <symbol id="sm-1a3">
         <name>delay_times</name>
         <value>0x20200150</value>
         <object_component_ref idref="oc-62"/>
      </symbol>
      <symbol id="sm-1c0">
         <name>Bluetooth_Init</name>
         <value>0x12a9</value>
         <object_component_ref idref="oc-b0"/>
      </symbol>
      <symbol id="sm-1c1">
         <name>uart0_send_char</name>
         <value>0xc9d</value>
         <object_component_ref idref="oc-79"/>
      </symbol>
      <symbol id="sm-1c2">
         <name>uart0_send_string</name>
         <value>0xaa1</value>
         <object_component_ref idref="oc-6c"/>
      </symbol>
      <symbol id="sm-1cc">
         <name>gRxGraycScalePacket</name>
         <value>0x202000f0</value>
      </symbol>
      <symbol id="sm-1cd">
         <name>gCheckGrayScale</name>
         <value>0x2020011b</value>
      </symbol>
      <symbol id="sm-1ce">
         <name>wGrayScale_Data</name>
         <value>0xde1</value>
         <object_component_ref idref="oc-71"/>
      </symbol>
      <symbol id="sm-1cf">
         <name>grayscale_data</name>
         <value>0x2020014e</value>
         <object_component_ref idref="oc-9c"/>
      </symbol>
      <symbol id="sm-1f2">
         <name>Gyroscpe_Init</name>
         <value>0x865</value>
         <object_component_ref idref="oc-b1"/>
      </symbol>
      <symbol id="sm-1f3">
         <name>wt61_rx_buffer</name>
         <value>0x20200134</value>
      </symbol>
      <symbol id="sm-1f4">
         <name>Gyroscpe_Start</name>
         <value>0x13a5</value>
         <object_component_ref idref="oc-b6"/>
      </symbol>
      <symbol id="sm-1f5">
         <name>wt61_data_ready</name>
         <value>0x2020014f</value>
         <object_component_ref idref="oc-f7"/>
      </symbol>
      <symbol id="sm-1fb">
         <name>motor</name>
         <value>0x2020011c</value>
      </symbol>
      <symbol id="sm-1fd">
         <name>__TI_ATRegion0_src_addr</name>
         <value>0x0</value>
      </symbol>
      <symbol id="sm-1fe">
         <name>__TI_ATRegion0_trg_addr</name>
         <value>0x0</value>
      </symbol>
      <symbol id="sm-1ff">
         <name>__TI_ATRegion0_region_sz</name>
         <value>0x0</value>
      </symbol>
      <symbol id="sm-200">
         <name>__TI_ATRegion1_src_addr</name>
         <value>0x0</value>
      </symbol>
      <symbol id="sm-201">
         <name>__TI_ATRegion1_trg_addr</name>
         <value>0x0</value>
      </symbol>
      <symbol id="sm-202">
         <name>__TI_ATRegion1_region_sz</name>
         <value>0x0</value>
      </symbol>
      <symbol id="sm-203">
         <name>__TI_ATRegion2_src_addr</name>
         <value>0x0</value>
      </symbol>
      <symbol id="sm-204">
         <name>__TI_ATRegion2_trg_addr</name>
         <value>0x0</value>
      </symbol>
      <symbol id="sm-205">
         <name>__TI_ATRegion2_region_sz</name>
         <value>0x0</value>
      </symbol>
      <symbol id="sm-20e">
         <name>DL_Common_delayCycles</name>
         <value>0x142d</value>
         <object_component_ref idref="oc-10d"/>
      </symbol>
      <symbol id="sm-218">
         <name>DL_DMA_initChannel</name>
         <value>0x8b9</value>
         <object_component_ref idref="oc-172"/>
      </symbol>
      <symbol id="sm-222">
         <name>DL_I2C_setClockConfig</name>
         <value>0xea3</value>
         <object_component_ref idref="oc-138"/>
      </symbol>
      <symbol id="sm-23e">
         <name>DL_Timer_setClockConfig</name>
         <value>0x1045</value>
         <object_component_ref idref="oc-122"/>
      </symbol>
      <symbol id="sm-23f">
         <name>DL_Timer_initTimerMode</name>
         <value>0x201</value>
         <object_component_ref idref="oc-132"/>
      </symbol>
      <symbol id="sm-240">
         <name>DL_Timer_setCaptureCompareValue</name>
         <value>0x1411</value>
         <object_component_ref idref="oc-12b"/>
      </symbol>
      <symbol id="sm-241">
         <name>DL_Timer_initPWMMode</name>
         <value>0x2e9</value>
         <object_component_ref idref="oc-128"/>
      </symbol>
      <symbol id="sm-242">
         <name>DL_Timer_setCaptureCompareOutCtl</name>
         <value>0x11e9</value>
         <object_component_ref idref="oc-129"/>
      </symbol>
      <symbol id="sm-243">
         <name>DL_Timer_setCaptCompUpdateMethod</name>
         <value>0x1029</value>
         <object_component_ref idref="oc-12a"/>
      </symbol>
      <symbol id="sm-250">
         <name>DL_UART_init</name>
         <value>0x951</value>
         <object_component_ref idref="oc-14e"/>
      </symbol>
      <symbol id="sm-251">
         <name>DL_UART_setClockConfig</name>
         <value>0x13cb</value>
         <object_component_ref idref="oc-148"/>
      </symbol>
      <symbol id="sm-25c">
         <name>_c_int00_noargs</name>
         <value>0xe09</value>
         <object_component_ref idref="oc-5b"/>
      </symbol>
      <symbol id="sm-25d">
         <name>__stack</name>
         <value>0x20207e00</value>
         <object_component_ref idref="oc-1a"/>
      </symbol>
      <symbol id="sm-269">
         <name>__TI_auto_init_nobinit_nopinit</name>
         <value>0xadd</value>
         <object_component_ref idref="oc-c3"/>
      </symbol>
      <symbol id="sm-271">
         <name>_system_pre_init</name>
         <value>0x1449</value>
         <object_component_ref idref="oc-83"/>
      </symbol>
      <symbol id="sm-27c">
         <name>__TI_zero_init_nomemset</name>
         <value>0x1301</value>
         <object_component_ref idref="oc-52"/>
      </symbol>
      <symbol id="sm-285">
         <name>__TI_decompress_none</name>
         <value>0x13ef</value>
         <object_component_ref idref="oc-20"/>
      </symbol>
      <symbol id="sm-290">
         <name>__TI_decompress_lzss</name>
         <value>0x6b1</value>
         <object_component_ref idref="oc-1c"/>
      </symbol>
      <symbol id="sm-29a">
         <name>abort</name>
         <value>0x144d</value>
         <object_component_ref idref="oc-bc"/>
      </symbol>
      <symbol id="sm-29b">
         <name>C$$EXIT</name>
         <value>0x144c</value>
         <object_component_ref idref="oc-bc"/>
      </symbol>
      <symbol id="sm-2a3">
         <name>__aeabi_memcpy</name>
         <value>0x1439</value>
         <object_component_ref idref="oc-4b"/>
      </symbol>
      <symbol id="sm-2a4">
         <name>__aeabi_memcpy4</name>
         <value>0x1439</value>
         <object_component_ref idref="oc-4b"/>
      </symbol>
      <symbol id="sm-2a5">
         <name>__aeabi_memcpy8</name>
         <value>0x1439</value>
         <object_component_ref idref="oc-4b"/>
      </symbol>
      <symbol id="sm-2af">
         <name>TI_memcpy_small</name>
         <value>0x13dd</value>
         <object_component_ref idref="oc-a1"/>
      </symbol>
      <symbol id="sm-2b0">
         <name>__TI_static_base__</name>
         <value>0x0</value>
      </symbol>
      <symbol id="sm-2b3">
         <name>__mpu_init</name>
         <value>0x0</value>
      </symbol>
      <symbol id="sm-2b4">
         <name>_system_post_cinit</name>
         <value>0x0</value>
      </symbol>
   </symbol_table>
   <title>Link successful</title>
</link_info>
