******************************************************************************
            TI ARM Clang Linker PC v3.2.2                      
******************************************************************************
>> Linked Sat May 17 14:56:05 2025

OUTPUT FILE NAME:   <24H_01_init_to_hardware.out>
ENTRY POINT SYMBOL: "_c_int00_noargs"  address: 00000b61


MEMORY CONFIGURATION

         name            origin    length      used     unused   attr    fill
----------------------  --------  ---------  --------  --------  ----  --------
  FLASH                 00000000   00020000  00001128  0001eed8  R  X
  SRAM                  20200000   00008000  000003e2  00007c1e  RW X
  BCR_CONFIG            41c00000   00000080  00000000  00000080  R   
  BSL_CONFIG            41c00100   00000080  00000000  00000080  R   


SEGMENT ALLOCATION MAP

run origin  load origin   length   init length attrs members
----------  ----------- ---------- ----------- ----- -------
00000000    00000000    00001128   00001128    r-x
  00000000    00000000    000000c0   000000c0    r-- .intvecs
  000000c0    000000c0    00001000   00001000    r-x .text
  000010c0    000010c0    00000030   00000030    r-- .rodata
  000010f0    000010f0    00000038   00000038    r-- .cinit
20200000    20200000    000001e2   00000000    rw-
  20200000    20200000    000001d9   00000000    rw- .bss
  202001d9    202001d9    00000009   00000000    rw- .data
20207e00    20207e00    00000200   00000000    rw-
  20207e00    20207e00    00000200   00000000    rw- .stack


SECTION ALLOCATION MAP

 output                                  attributes/
section   page    origin      length       input sections
--------  ----  ----------  ----------   ----------------
.intvecs   0    00000000    000000c0     
                  00000000    000000c0     startup_mspm0g350x_ticlang.o (.intvecs)

.text      0    000000c0    00001000     
                  000000c0    0000012c     oled.o (.text.I2C1_IRQHandler)
                  000001ec    00000114     ti_msp_dl_config.o (.text.SYSCFG_DL_GPIO_init)
                  00000300    000000c8     main.o (.text.UART0_IRQHandler)
                  000003c8    000000c4     driverlib.a : dl_timer.o (.text.DL_Timer_initPWMMode)
                  0000048c    0000008c     ti_msp_dl_config.o (.text.SYSCFG_DL_initPower)
                  00000518    00000084     ti_msp_dl_config.o (.text.SYSCFG_DL_PWM_0_init)
                  0000059c    00000084     ti_msp_dl_config.o (.text.SYSCFG_DL_PWM_1_init)
                  00000620    00000080     driverlib.a : dl_timer.o (.text.DL_TimerA_initPWMMode)
                  000006a0    00000078     libc.a : copy_decompress_lzss.c.obj (.text:decompress:lzss)
                  00000718    00000064     ti_msp_dl_config.o (.text.SYSCFG_DL_I2C_OLED_init)
                  0000077c    0000005e     driverlib.a : dl_i2c.o (.text.DL_I2C_fillControllerTXFIFO)
                  000007da    00000002     --HOLE-- [fill = 0]
                  000007dc    0000004c     ti_msp_dl_config.o (.text.DL_UART_setBaudRateDivisor)
                  00000828    00000048     driverlib.a : dl_uart.o (.text.DL_UART_init)
                  00000870    00000048     ti_msp_dl_config.o (.text.SYSCFG_DL_UART_0_init)
                  000008b8    00000040     ti_msp_dl_config.o (.text.SYSCFG_DL_Gyroscpe_init)
                  000008f8    0000003c     ti_msp_dl_config.o (.text.DL_GPIO_initPeripheralInputFunctionFeatures)
                  00000934    0000003c     grayscale.o (.text.uart0_send_string)
                  00000970    0000003c     libc.a : autoinit.c.obj (.text:__TI_auto_init_nobinit_nopinit)
                  000009ac    00000038     ti_msp_dl_config.o (.text.SYSCFG_DL_init)
                  000009e4    0000002c     grayscale.o (.text.__NVIC_ClearPendingIRQ)
                  00000a10    0000002c     grayscale.o (.text.__NVIC_EnableIRQ)
                  00000a3c    0000002c     grayscale.o (.text.grayscale_start)
                  00000a68    0000002c     grayscale.o (.text.uart0_send_char)
                  00000a94    0000002a     ti_msp_dl_config.o (.text.SYSCFG_DL_SYSCTL_init)
                  00000abe    00000028     ti_msp_dl_config.o (.text.DL_Common_updateReg)
                  00000ae6    00000002     --HOLE-- [fill = 0]
                  00000ae8    00000028     ti_msp_dl_config.o (.text.DL_I2C_setControllerRXFIFOThreshold)
                  00000b10    00000028     ti_msp_dl_config.o (.text.DL_I2C_setControllerTXFIFOThreshold)
                  00000b38    00000028     main.o (.text.main)
                  00000b60    00000028     libc.a : boot_cortex_m.c.obj (.text:_c_int00_noargs)
                  00000b88    00000026     ti_msp_dl_config.o (.text.DL_I2C_setAnalogGlitchFilterPulseWidth)
                  00000bae    00000026     driverlib.a : dl_i2c.o (.text.DL_I2C_setClockConfig)
                  00000bd4    00000020     ti_msp_dl_config.o (.text.DL_GPIO_initPeripheralInputFunction)
                  00000bf4    0000001e     ti_msp_dl_config.o (.text.DL_UART_setOversampling)
                  00000c12    00000002     --HOLE-- [fill = 0]
                  00000c14    0000001c     ti_msp_dl_config.o (.text.DL_GPIO_clearInterruptStatus)
                  00000c30    0000001c     ti_msp_dl_config.o (.text.DL_GPIO_enableHiZ)
                  00000c4c    0000001c     ti_msp_dl_config.o (.text.DL_GPIO_enableInterrupt)
                  00000c68    0000001c     ti_msp_dl_config.o (.text.DL_GPIO_initDigitalInput)
                  00000c84    0000001c     ti_msp_dl_config.o (.text.DL_GPIO_initPeripheralOutputFunction)
                  00000ca0    0000001c     oled.o (.text.DL_I2C_disableInterrupt)
                  00000cbc    0000001c     ti_msp_dl_config.o (.text.DL_I2C_enableInterrupt)
                  00000cd8    0000001c     oled.o (.text.DL_I2C_isControllerRXFIFOEmpty)
                  00000cf4    0000001c     ti_msp_dl_config.o (.text.DL_SYSCTL_setMCLKDivider)
                  00000d10    0000001c     ti_msp_dl_config.o (.text.DL_SYSCTL_setSYSOSCFreq)
                  00000d2c    0000001c     ti_msp_dl_config.o (.text.DL_SYSCTL_setULPCLKDivider)
                  00000d48    0000001c     driverlib.a : dl_timer.o (.text.DL_Timer_setCaptCompUpdateMethod)
                  00000d64    0000001c                 : dl_timer.o (.text.DL_Timer_setClockConfig)
                  00000d80    0000001c     ti_msp_dl_config.o (.text.DL_UART_enableInterrupt)
                  00000d9c    00000018     ti_msp_dl_config.o (.text.DL_GPIO_enableOutput)
                  00000db4    00000018     ti_msp_dl_config.o (.text.DL_GPIO_enablePower)
                  00000dcc    00000018     ti_msp_dl_config.o (.text.DL_GPIO_initDigitalOutput)
                  00000de4    00000018     ti_msp_dl_config.o (.text.DL_GPIO_reset)
                  00000dfc    00000018     ti_msp_dl_config.o (.text.DL_GPIO_setUpperPinsPolarity)
                  00000e14    00000018     ti_msp_dl_config.o (.text.DL_I2C_enableAnalogGlitchFilter)
                  00000e2c    00000018     ti_msp_dl_config.o (.text.DL_I2C_enableController)
                  00000e44    00000018     ti_msp_dl_config.o (.text.DL_I2C_enableControllerClockStretching)
                  00000e5c    00000018     ti_msp_dl_config.o (.text.DL_I2C_enablePower)
                  00000e74    00000018     ti_msp_dl_config.o (.text.DL_I2C_reset)
                  00000e8c    00000018     ti_msp_dl_config.o (.text.DL_I2C_setTimerPeriod)
                  00000ea4    00000018     ti_msp_dl_config.o (.text.DL_SYSCTL_setBORThreshold)
                  00000ebc    00000018     ti_msp_dl_config.o (.text.DL_Timer_enablePower)
                  00000ed4    00000018     ti_msp_dl_config.o (.text.DL_Timer_reset)
                  00000eec    00000018     driverlib.a : dl_timer.o (.text.DL_Timer_setCaptureCompareOutCtl)
                  00000f04    00000018     ti_msp_dl_config.o (.text.DL_UART_enablePower)
                  00000f1c    00000018     grayscale.o (.text.DL_UART_isBusy)
                  00000f34    00000018     ti_msp_dl_config.o (.text.DL_UART_reset)
                  00000f4c    00000016     ti_msp_dl_config.o (.text.DL_UART_enable)
                  00000f62    00000016     grayscale.o (.text.DL_UART_transmitData)
                  00000f78    00000016     libc.a : copy_zero_init.c.obj (.text:decompress:ZI:__TI_zero_init_nomemset)
                  00000f8e    00000014     ti_msp_dl_config.o (.text.DL_GPIO_clearPins)
                  00000fa2    00000002     --HOLE-- [fill = 0]
                  00000fa4    00000014     oled.o (.text.DL_I2C_receiveControllerData)
                  00000fb8    00000014     ti_msp_dl_config.o (.text.DL_I2C_resetControllerTransfer)
                  00000fcc    00000014     ti_msp_dl_config.o (.text.DL_SYSCTL_disableSYSPLL)
                  00000fe0    00000014     ti_msp_dl_config.o (.text.DL_Timer_enableClock)
                  00000ff4    00000014     ti_msp_dl_config.o (.text.DL_Timer_setCCPDirection)
                  00001008    00000014     main.o (.text.DL_UART_receiveData)
                  0000101c    00000012     oled.o (.text.DL_I2C_getPendingInterrupt)
                  0000102e    00000012     main.o (.text.DL_UART_getPendingInterrupt)
                  00001040    00000012     driverlib.a : dl_uart.o (.text.DL_UART_setClockConfig)
                  00001052    00000012     libc.a : memcpy16.S.obj (.text:TI_memcpy_small)
                  00001064    00000012            : copy_decompress_none.c.obj (.text:decompress:none)
                  00001076    00000002     --HOLE-- [fill = 0]
                  00001078    00000010     ti_msp_dl_config.o (.text.DL_SYSCTL_disableHFXT)
                  00001088    00000010     driverlib.a : dl_timer.o (.text.DL_Timer_setCaptureCompareValue)
                  00001098    0000000a                 : dl_common.o (.text.DL_Common_delayCycles)
                  000010a2    00000002     --HOLE-- [fill = 0]
                  000010a4    00000008     libclang_rt.builtins.a : aeabi_memcpy.S.obj (.text.__aeabi_memcpy)
                  000010ac    00000004     startup_mspm0g350x_ticlang.o (.text.Default_Handler)
                  000010b0    00000004     startup_mspm0g350x_ticlang.o (.text.Reset_Handler)
                  000010b4    00000004     libc.a : pre_init.c.obj (.text._system_pre_init)
                  000010b8    00000004            : exit.c.obj (.text:abort)
                  000010bc    00000004     --HOLE-- [fill = 0]

.cinit     0    000010f0    00000038     
                  000010f0    0000000e     (.cinit..data.load) [load image, compression = lzss]
                  000010fe    00000002     --HOLE-- [fill = 0]
                  00001100    0000000c     (__TI_handler_table)
                  0000110c    00000008     (.cinit..bss.load) [load image, compression = zero_init]
                  00001114    00000010     (__TI_cinit_table)
                  00001124    00000004     --HOLE-- [fill = 0]

.rodata    0    000010c0    00000030     
                  000010c0    0000000a     ti_msp_dl_config.o (.rodata.gGyroscpeConfig)
                  000010ca    0000000a     ti_msp_dl_config.o (.rodata.gUART_0Config)
                  000010d4    00000008     ti_msp_dl_config.o (.rodata.gPWM_0Config)
                  000010dc    00000008     ti_msp_dl_config.o (.rodata.gPWM_1Config)
                  000010e4    00000003     ti_msp_dl_config.o (.rodata.gPWM_0ClockConfig)
                  000010e7    00000003     ti_msp_dl_config.o (.rodata.gPWM_1ClockConfig)
                  000010ea    00000002     ti_msp_dl_config.o (.rodata.gGyroscpeClockConfig)
                  000010ec    00000002     ti_msp_dl_config.o (.rodata.gI2C_OLEDClockConfig)
                  000010ee    00000002     ti_msp_dl_config.o (.rodata.gUART_0ClockConfig)

.init_array 
*          0    00000000    00000000     UNINITIALIZED

.binit     0    00000000    00000000     

.bss       0    20200000    000001d9     UNINITIALIZED
                  20200000    000000bc     (.common:gPWM_0Backup)
                  202000bc    000000bc     (.common:gPWM_1Backup)
                  20200178    0000002b     (.common:rxBuffer)
                  202001a3    00000010     (.common:gRxPacket)
                  202001b3    00000010     (.common:gTxPacket)
                  202001c3    00000001     (.common:gI2cControllerStatus)
                  202001c4    00000004     (.common:gRxCount)
                  202001c8    00000004     (.common:gRxLen)
                  202001cc    00000004     (.common:gTxCount)
                  202001d0    00000004     (.common:gTxLen)
                  202001d4    00000004     (.common:rx_count)
                  202001d8    00000001     (.common:grayscale_uart_receive)

.data      0    202001d9    00000009     UNINITIALIZED
                  202001d9    00000008     main.o (.data.grayscale_start_str)
                  202001e1    00000001     main.o (.data.dataReceived)

.stack     0    20207e00    00000200     UNINITIALIZED
                  20207e00    00000004     libc.a : boot_cortex_m.c.obj (.stack)
                  20207e04    000001fc     --HOLE--

__llvm_prf_cnts 
*          0    20200000    00000000     UNINITIALIZED

__llvm_prf_bits 
*          0    20200000    00000000     UNINITIALIZED

MODULE SUMMARY

       Module                         code   ro data   rw data
       ------                         ----   -------   -------
    .\
       ti_msp_dl_config.o             2172   48        376    
       main.o                         278    0         57     
       startup_mspm0g350x_ticlang.o   8      192       0      
    +--+------------------------------+------+---------+---------+
       Total:                         2458   240       433    
                                                              
    .\OLED\
       oled.o                         394    0         49     
    +--+------------------------------+------+---------+---------+
       Total:                         394    0         49     
                                                              
    .\hardware\
       grayscale.o                    282    0         0      
    +--+------------------------------+------+---------+---------+
       Total:                         282    0         0      
                                                              
    C:/ti/mspm0_sdk_2_01_00_03/source/ti/driverlib/lib/ticlang/m0p/mspm0g1x0x_g3x0x/driverlib.a
       dl_timer.o                     420    0         0      
       dl_i2c.o                       132    0         0      
       dl_uart.o                      90     0         0      
       dl_common.o                    10     0         0      
    +--+------------------------------+------+---------+---------+
       Total:                         652    0         0      
                                                              
    C:\ti\ccstheia141\ccs\tools\compiler\ti-cgt-armllvm_3.2.2.LTS\lib\armv6m-ti-none-eabi/c/libc.a
       copy_decompress_lzss.c.obj     120    0         0      
       autoinit.c.obj                 60     0         0      
       boot_cortex_m.c.obj            40     0         0      
       copy_zero_init.c.obj           22     0         0      
       copy_decompress_none.c.obj     18     0         0      
       memcpy16.S.obj                 18     0         0      
       exit.c.obj                     4      0         0      
       pre_init.c.obj                 4      0         0      
    +--+------------------------------+------+---------+---------+
       Total:                         286    0         0      
                                                              
    C:\ti\ccstheia141\ccs\tools\compiler\ti-cgt-armllvm_3.2.2.LTS\lib\clang/15.0.7/lib/armv6m-ti-none-eabi/libclang_rt.builtins.a
       aeabi_memcpy.S.obj             8      0         0      
    +--+------------------------------+------+---------+---------+
       Total:                         8      0         0      
                                                              
       Stack:                         0      0         512    
       Linker Generated:              0      50        0      
    +--+------------------------------+------+---------+---------+
       Grand Total:                   4080   290       994    


LINKER GENERATED COPY TABLES

__TI_cinit_table @ 00001114 records: 2, size/record: 8, table size: 16
	.data: load addr=000010f0, load size=0000000e bytes, run addr=202001d9, run size=00000009 bytes, compression=lzss
	.bss: load addr=0000110c, load size=00000008 bytes, run addr=20200000, run size=000001d9 bytes, compression=zero_init


LINKER GENERATED HANDLER TABLE

__TI_handler_table @ 00001100 records: 3, size/record: 4, table size: 12
	index: 0, handler: __TI_decompress_lzss
	index: 1, handler: __TI_decompress_none
	index: 2, handler: __TI_zero_init


GLOBAL SYMBOLS: SORTED ALPHABETICALLY BY Name 

address   name                            
-------   ----                            
000010ad  ADC0_IRQHandler                 
000010ad  ADC1_IRQHandler                 
000010ad  AES_IRQHandler                  
000010b8  C$$EXIT                         
000010ad  CANFD0_IRQHandler               
000010ad  DAC0_IRQHandler                 
00001099  DL_Common_delayCycles           
0000077d  DL_I2C_fillControllerTXFIFO     
00000baf  DL_I2C_setClockConfig           
00000621  DL_TimerA_initPWMMode           
000003c9  DL_Timer_initPWMMode            
00000d49  DL_Timer_setCaptCompUpdateMethod
00000eed  DL_Timer_setCaptureCompareOutCtl
00001089  DL_Timer_setCaptureCompareValue 
00000d65  DL_Timer_setClockConfig         
00000829  DL_UART_init                    
00001041  DL_UART_setClockConfig          
000010ad  DMA_IRQHandler                  
000010ad  Default_Handler                 
000010ad  GROUP0_IRQHandler               
000010ad  GROUP1_IRQHandler               
000010ad  HardFault_Handler               
000010ad  I2C0_IRQHandler                 
000000c1  I2C1_IRQHandler                 
000010ad  NMI_Handler                     
000010ad  PendSV_Handler                  
000010ad  RTC_IRQHandler                  
000010b1  Reset_Handler                   
000010ad  SPI0_IRQHandler                 
000010ad  SPI1_IRQHandler                 
000010ad  SVC_Handler                     
000001ed  SYSCFG_DL_GPIO_init             
000008b9  SYSCFG_DL_Gyroscpe_init         
00000719  SYSCFG_DL_I2C_OLED_init         
00000519  SYSCFG_DL_PWM_0_init            
0000059d  SYSCFG_DL_PWM_1_init            
00000a95  SYSCFG_DL_SYSCTL_init           
00000871  SYSCFG_DL_UART_0_init           
000009ad  SYSCFG_DL_init                  
0000048d  SYSCFG_DL_initPower             
000010ad  SysTick_Handler                 
000010ad  TIMA0_IRQHandler                
000010ad  TIMA1_IRQHandler                
000010ad  TIMG0_IRQHandler                
000010ad  TIMG12_IRQHandler               
000010ad  TIMG6_IRQHandler                
000010ad  TIMG7_IRQHandler                
000010ad  TIMG8_IRQHandler                
00001053  TI_memcpy_small                 
00000301  UART0_IRQHandler                
000010ad  UART1_IRQHandler                
000010ad  UART2_IRQHandler                
000010ad  UART3_IRQHandler                
20208000  __STACK_END                     
00000200  __STACK_SIZE                    
00000000  __TI_ATRegion0_region_sz        
00000000  __TI_ATRegion0_src_addr         
00000000  __TI_ATRegion0_trg_addr         
00000000  __TI_ATRegion1_region_sz        
00000000  __TI_ATRegion1_src_addr         
00000000  __TI_ATRegion1_trg_addr         
00000000  __TI_ATRegion2_region_sz        
00000000  __TI_ATRegion2_src_addr         
00000000  __TI_ATRegion2_trg_addr         
00001114  __TI_CINIT_Base                 
00001124  __TI_CINIT_Limit                
00001124  __TI_CINIT_Warm                 
00001100  __TI_Handler_Table_Base         
0000110c  __TI_Handler_Table_Limit        
00000971  __TI_auto_init_nobinit_nopinit  
000006a1  __TI_decompress_lzss            
00001065  __TI_decompress_none            
ffffffff  __TI_pprof_out_hndl             
ffffffff  __TI_prof_data_size             
ffffffff  __TI_prof_data_start            
00000000  __TI_static_base__              
00000f79  __TI_zero_init_nomemset         
000010a5  __aeabi_memcpy                  
000010a5  __aeabi_memcpy4                 
000010a5  __aeabi_memcpy8                 
ffffffff  __binit__                       
UNDEFED   __mpu_init                      
20207e00  __stack                         
20200000  __start___llvm_prf_bits         
20200000  __start___llvm_prf_cnts         
20200000  __stop___llvm_prf_bits          
20200000  __stop___llvm_prf_cnts          
00000b61  _c_int00_noargs                 
UNDEFED   _system_post_cinit              
000010b5  _system_pre_init                
000010b9  abort                           
ffffffff  binit                           
202001e1  dataReceived                    
202001c3  gI2cControllerStatus            
20200000  gPWM_0Backup                    
202000bc  gPWM_1Backup                    
202001c4  gRxCount                        
202001c8  gRxLen                          
202001a3  gRxPacket                       
202001cc  gTxCount                        
202001d0  gTxLen                          
202001b3  gTxPacket                       
00000a3d  grayscale_start                 
202001d9  grayscale_start_str             
202001d8  grayscale_uart_receive          
00000000  interruptVectors                
00000b39  main                            
20200178  rxBuffer                        
202001d4  rx_count                        
00000a69  uart0_send_char                 
00000935  uart0_send_string               


GLOBAL SYMBOLS: SORTED BY Symbol Address 

address   name                            
-------   ----                            
00000000  __TI_ATRegion0_region_sz        
00000000  __TI_ATRegion0_src_addr         
00000000  __TI_ATRegion0_trg_addr         
00000000  __TI_ATRegion1_region_sz        
00000000  __TI_ATRegion1_src_addr         
00000000  __TI_ATRegion1_trg_addr         
00000000  __TI_ATRegion2_region_sz        
00000000  __TI_ATRegion2_src_addr         
00000000  __TI_ATRegion2_trg_addr         
00000000  __TI_static_base__              
00000000  interruptVectors                
000000c1  I2C1_IRQHandler                 
000001ed  SYSCFG_DL_GPIO_init             
00000200  __STACK_SIZE                    
00000301  UART0_IRQHandler                
000003c9  DL_Timer_initPWMMode            
0000048d  SYSCFG_DL_initPower             
00000519  SYSCFG_DL_PWM_0_init            
0000059d  SYSCFG_DL_PWM_1_init            
00000621  DL_TimerA_initPWMMode           
000006a1  __TI_decompress_lzss            
00000719  SYSCFG_DL_I2C_OLED_init         
0000077d  DL_I2C_fillControllerTXFIFO     
00000829  DL_UART_init                    
00000871  SYSCFG_DL_UART_0_init           
000008b9  SYSCFG_DL_Gyroscpe_init         
00000935  uart0_send_string               
00000971  __TI_auto_init_nobinit_nopinit  
000009ad  SYSCFG_DL_init                  
00000a3d  grayscale_start                 
00000a69  uart0_send_char                 
00000a95  SYSCFG_DL_SYSCTL_init           
00000b39  main                            
00000b61  _c_int00_noargs                 
00000baf  DL_I2C_setClockConfig           
00000d49  DL_Timer_setCaptCompUpdateMethod
00000d65  DL_Timer_setClockConfig         
00000eed  DL_Timer_setCaptureCompareOutCtl
00000f79  __TI_zero_init_nomemset         
00001041  DL_UART_setClockConfig          
00001053  TI_memcpy_small                 
00001065  __TI_decompress_none            
00001089  DL_Timer_setCaptureCompareValue 
00001099  DL_Common_delayCycles           
000010a5  __aeabi_memcpy                  
000010a5  __aeabi_memcpy4                 
000010a5  __aeabi_memcpy8                 
000010ad  ADC0_IRQHandler                 
000010ad  ADC1_IRQHandler                 
000010ad  AES_IRQHandler                  
000010ad  CANFD0_IRQHandler               
000010ad  DAC0_IRQHandler                 
000010ad  DMA_IRQHandler                  
000010ad  Default_Handler                 
000010ad  GROUP0_IRQHandler               
000010ad  GROUP1_IRQHandler               
000010ad  HardFault_Handler               
000010ad  I2C0_IRQHandler                 
000010ad  NMI_Handler                     
000010ad  PendSV_Handler                  
000010ad  RTC_IRQHandler                  
000010ad  SPI0_IRQHandler                 
000010ad  SPI1_IRQHandler                 
000010ad  SVC_Handler                     
000010ad  SysTick_Handler                 
000010ad  TIMA0_IRQHandler                
000010ad  TIMA1_IRQHandler                
000010ad  TIMG0_IRQHandler                
000010ad  TIMG12_IRQHandler               
000010ad  TIMG6_IRQHandler                
000010ad  TIMG7_IRQHandler                
000010ad  TIMG8_IRQHandler                
000010ad  UART1_IRQHandler                
000010ad  UART2_IRQHandler                
000010ad  UART3_IRQHandler                
000010b1  Reset_Handler                   
000010b5  _system_pre_init                
000010b8  C$$EXIT                         
000010b9  abort                           
00001100  __TI_Handler_Table_Base         
0000110c  __TI_Handler_Table_Limit        
00001114  __TI_CINIT_Base                 
00001124  __TI_CINIT_Limit                
00001124  __TI_CINIT_Warm                 
20200000  __start___llvm_prf_bits         
20200000  __start___llvm_prf_cnts         
20200000  __stop___llvm_prf_bits          
20200000  __stop___llvm_prf_cnts          
20200000  gPWM_0Backup                    
202000bc  gPWM_1Backup                    
20200178  rxBuffer                        
202001a3  gRxPacket                       
202001b3  gTxPacket                       
202001c3  gI2cControllerStatus            
202001c4  gRxCount                        
202001c8  gRxLen                          
202001cc  gTxCount                        
202001d0  gTxLen                          
202001d4  rx_count                        
202001d8  grayscale_uart_receive          
202001d9  grayscale_start_str             
202001e1  dataReceived                    
20207e00  __stack                         
20208000  __STACK_END                     
ffffffff  __TI_pprof_out_hndl             
ffffffff  __TI_prof_data_size             
ffffffff  __TI_prof_data_start            
ffffffff  __binit__                       
ffffffff  binit                           
UNDEFED   __mpu_init                      
UNDEFED   _system_post_cinit              

[111 symbols]
