<?xml version="1.0" encoding="ISO-8859-1" ?>
<link_info>
   <banner>TI ARM Clang Linker PC v3.2.2.LTS</banner>
   <copyright>Copyright (c) 1996-2018 Texas Instruments Incorporated</copyright>
   <link_time>0x6828307f</link_time>
   <link_errors>0x0</link_errors>
   <output_file>D:\TI\code\2024H\2024H\24H_01_init_to_hardware\Debug\24H_01_init_to_hardware.out</output_file>
   <entry_point>
      <name>_c_int00_noargs</name>
      <address>0x11dd</address>
   </entry_point>
   <input_file_list>
      <input_file id="fl-1">
         <path>D:\TI\code\2024H\2024H\24H_01_init_to_hardware\Debug\.\</path>
         <kind>object</kind>
         <file>isr.o</file>
         <name>isr.o</name>
      </input_file>
      <input_file id="fl-2">
         <path>D:\TI\code\2024H\2024H\24H_01_init_to_hardware\Debug\.\</path>
         <kind>object</kind>
         <file>main.o</file>
         <name>main.o</name>
      </input_file>
      <input_file id="fl-3">
         <path>D:\TI\code\2024H\2024H\24H_01_init_to_hardware\Debug\.\</path>
         <kind>object</kind>
         <file>ti_msp_dl_config.o</file>
         <name>ti_msp_dl_config.o</name>
      </input_file>
      <input_file id="fl-4">
         <path>D:\TI\code\2024H\2024H\24H_01_init_to_hardware\Debug\.\</path>
         <kind>object</kind>
         <file>startup_mspm0g350x_ticlang.o</file>
         <name>startup_mspm0g350x_ticlang.o</name>
      </input_file>
      <input_file id="fl-5">
         <path>D:\TI\code\2024H\2024H\24H_01_init_to_hardware\Debug\.\OLED\</path>
         <kind>object</kind>
         <file>oled.o</file>
         <name>oled.o</name>
      </input_file>
      <input_file id="fl-6">
         <path>D:\TI\code\2024H\2024H\24H_01_init_to_hardware\Debug\.\hardware\</path>
         <kind>object</kind>
         <file>grayscale.o</file>
         <name>grayscale.o</name>
      </input_file>
      <input_file id="fl-7">
         <path>D:\TI\code\2024H\2024H\24H_01_init_to_hardware\Debug\.\hardware\</path>
         <kind>object</kind>
         <file>gyroscpe.o</file>
         <name>gyroscpe.o</name>
      </input_file>
      <input_file id="fl-8">
         <path>D:\TI\code\2024H\2024H\24H_01_init_to_hardware\Debug\.\hardware\</path>
         <kind>object</kind>
         <file>motor.o</file>
         <name>motor.o</name>
      </input_file>
      <input_file id="fl-9">
         <path>D:\TI\code\2024H\2024H\24H_01_init_to_hardware\Debug\.\pid\</path>
         <kind>object</kind>
         <file>pid.o</file>
         <name>pid.o</name>
      </input_file>
      <input_file id="fl-16">
         <path>D:\TI\code\2024H\2024H\24H_01_init_to_hardware\Debug\</path>
         <kind>object</kind>
         <file>&lt;internal&gt;</file>
         <name>&lt;internal&gt;</name>
      </input_file>
      <input_file id="fl-17">
         <path>C:\ti\mspm0_sdk_2_01_00_03\source\ti\driverlib\lib\ticlang\m0p\mspm0g1x0x_g3x0x\</path>
         <kind>archive</kind>
         <file>driverlib.a</file>
         <name>dl_common.o</name>
      </input_file>
      <input_file id="fl-18">
         <path>C:\ti\mspm0_sdk_2_01_00_03\source\ti\driverlib\lib\ticlang\m0p\mspm0g1x0x_g3x0x\</path>
         <kind>archive</kind>
         <file>driverlib.a</file>
         <name>dl_i2c.o</name>
      </input_file>
      <input_file id="fl-19">
         <path>C:\ti\mspm0_sdk_2_01_00_03\source\ti\driverlib\lib\ticlang\m0p\mspm0g1x0x_g3x0x\</path>
         <kind>archive</kind>
         <file>driverlib.a</file>
         <name>dl_timer.o</name>
      </input_file>
      <input_file id="fl-1a">
         <path>C:\ti\mspm0_sdk_2_01_00_03\source\ti\driverlib\lib\ticlang\m0p\mspm0g1x0x_g3x0x\</path>
         <kind>archive</kind>
         <file>driverlib.a</file>
         <name>dl_uart.o</name>
      </input_file>
      <input_file id="fl-29">
         <path>C:\ti\ccstheia141\ccs\tools\compiler\ti-cgt-armllvm_3.2.2.LTS\lib\armv6m-ti-none-eabi\c\</path>
         <kind>archive</kind>
         <file>libc.a</file>
         <name>boot_cortex_m.c.obj</name>
      </input_file>
      <input_file id="fl-2a">
         <path>C:\ti\ccstheia141\ccs\tools\compiler\ti-cgt-armllvm_3.2.2.LTS\lib\armv6m-ti-none-eabi\c\</path>
         <kind>archive</kind>
         <file>libc.a</file>
         <name>mathacl_init.c.obj</name>
      </input_file>
      <input_file id="fl-2b">
         <path>C:\ti\ccstheia141\ccs\tools\compiler\ti-cgt-armllvm_3.2.2.LTS\lib\armv6m-ti-none-eabi\c\</path>
         <kind>archive</kind>
         <file>libc.a</file>
         <name>autoinit.c.obj</name>
      </input_file>
      <input_file id="fl-2c">
         <path>C:\ti\ccstheia141\ccs\tools\compiler\ti-cgt-armllvm_3.2.2.LTS\lib\armv6m-ti-none-eabi\c\</path>
         <kind>archive</kind>
         <file>libc.a</file>
         <name>pre_init.c.obj</name>
      </input_file>
      <input_file id="fl-2d">
         <path>C:\ti\ccstheia141\ccs\tools\compiler\ti-cgt-armllvm_3.2.2.LTS\lib\armv6m-ti-none-eabi\c\</path>
         <kind>archive</kind>
         <file>libc.a</file>
         <name>cpy_tbl.c.obj</name>
      </input_file>
      <input_file id="fl-2e">
         <path>C:\ti\ccstheia141\ccs\tools\compiler\ti-cgt-armllvm_3.2.2.LTS\lib\armv6m-ti-none-eabi\c\</path>
         <kind>archive</kind>
         <file>libc.a</file>
         <name>copy_zero_init.c.obj</name>
      </input_file>
      <input_file id="fl-2f">
         <path>C:\ti\ccstheia141\ccs\tools\compiler\ti-cgt-armllvm_3.2.2.LTS\lib\armv6m-ti-none-eabi\c\</path>
         <kind>archive</kind>
         <file>libc.a</file>
         <name>copy_decompress_none.c.obj</name>
      </input_file>
      <input_file id="fl-30">
         <path>C:\ti\ccstheia141\ccs\tools\compiler\ti-cgt-armllvm_3.2.2.LTS\lib\armv6m-ti-none-eabi\c\</path>
         <kind>archive</kind>
         <file>libc.a</file>
         <name>copy_decompress_lzss.c.obj</name>
      </input_file>
      <input_file id="fl-31">
         <path>C:\ti\ccstheia141\ccs\tools\compiler\ti-cgt-armllvm_3.2.2.LTS\lib\armv6m-ti-none-eabi\c\</path>
         <kind>archive</kind>
         <file>libc.a</file>
         <name>exit.c.obj</name>
      </input_file>
      <input_file id="fl-32">
         <path>C:\ti\ccstheia141\ccs\tools\compiler\ti-cgt-armllvm_3.2.2.LTS\lib\armv6m-ti-none-eabi\c\</path>
         <kind>archive</kind>
         <file>libc.a</file>
         <name>_lock.c.obj</name>
      </input_file>
      <input_file id="fl-33">
         <path>C:\ti\ccstheia141\ccs\tools\compiler\ti-cgt-armllvm_3.2.2.LTS\lib\armv6m-ti-none-eabi\c\</path>
         <kind>archive</kind>
         <file>libc.a</file>
         <name>args_main.c.obj</name>
      </input_file>
      <input_file id="fl-99">
         <path>C:\ti\ccstheia141\ccs\tools\compiler\ti-cgt-armllvm_3.2.2.LTS\lib\clang\15.0.7\lib\armv6m-ti-none-eabi\</path>
         <kind>archive</kind>
         <file>libclang_rt.builtins.a</file>
         <name>addsf3.S.obj</name>
      </input_file>
      <input_file id="fl-9a">
         <path>C:\ti\ccstheia141\ccs\tools\compiler\ti-cgt-armllvm_3.2.2.LTS\lib\clang\15.0.7\lib\armv6m-ti-none-eabi\</path>
         <kind>archive</kind>
         <file>libclang_rt.builtins.a</file>
         <name>mulsf3.S.obj</name>
      </input_file>
      <input_file id="fl-9b">
         <path>C:\ti\ccstheia141\ccs\tools\compiler\ti-cgt-armllvm_3.2.2.LTS\lib\clang\15.0.7\lib\armv6m-ti-none-eabi\</path>
         <kind>archive</kind>
         <file>libclang_rt.builtins.a</file>
         <name>fixsfsi.S.obj</name>
      </input_file>
      <input_file id="fl-9c">
         <path>C:\ti\ccstheia141\ccs\tools\compiler\ti-cgt-armllvm_3.2.2.LTS\lib\clang\15.0.7\lib\armv6m-ti-none-eabi\</path>
         <kind>archive</kind>
         <file>libclang_rt.builtins.a</file>
         <name>floatsisf.S.obj</name>
      </input_file>
      <input_file id="fl-9d">
         <path>C:\ti\ccstheia141\ccs\tools\compiler\ti-cgt-armllvm_3.2.2.LTS\lib\clang\15.0.7\lib\armv6m-ti-none-eabi\</path>
         <kind>archive</kind>
         <file>libclang_rt.builtins.a</file>
         <name>aeabi_fcmp.S.obj</name>
      </input_file>
      <input_file id="fl-9e">
         <path>C:\ti\ccstheia141\ccs\tools\compiler\ti-cgt-armllvm_3.2.2.LTS\lib\clang\15.0.7\lib\armv6m-ti-none-eabi\</path>
         <kind>archive</kind>
         <file>libclang_rt.builtins.a</file>
         <name>aeabi_memcpy.S.obj</name>
      </input_file>
      <input_file id="fl-9f">
         <path>C:\ti\ccstheia141\ccs\tools\compiler\ti-cgt-armllvm_3.2.2.LTS\lib\clang\15.0.7\lib\armv6m-ti-none-eabi\</path>
         <kind>archive</kind>
         <file>libclang_rt.builtins.a</file>
         <name>aeabi_memset.S.obj</name>
      </input_file>
      <input_file id="fl-a0">
         <path>C:\ti\ccstheia141\ccs\tools\compiler\ti-cgt-armllvm_3.2.2.LTS\lib\clang\15.0.7\lib\armv6m-ti-none-eabi\</path>
         <kind>archive</kind>
         <file>libclang_rt.builtins.a</file>
         <name>aeabi_uidivmod.S.obj</name>
      </input_file>
      <input_file id="fl-a1">
         <path>C:\ti\ccstheia141\ccs\tools\compiler\ti-cgt-armllvm_3.2.2.LTS\lib\clang\15.0.7\lib\armv6m-ti-none-eabi\</path>
         <kind>archive</kind>
         <file>libclang_rt.builtins.a</file>
         <name>comparesf2.S.obj</name>
      </input_file>
      <input_file id="fl-a2">
         <path>C:\ti\ccstheia141\ccs\tools\compiler\ti-cgt-armllvm_3.2.2.LTS\lib\clang\15.0.7\lib\armv6m-ti-none-eabi\</path>
         <kind>archive</kind>
         <file>libclang_rt.builtins.a</file>
         <name>muldsi3.S.obj</name>
      </input_file>
      <input_file id="fl-a3">
         <path>C:\ti\ccstheia141\ccs\tools\compiler\ti-cgt-armllvm_3.2.2.LTS\lib\clang\15.0.7\lib\armv6m-ti-none-eabi\</path>
         <kind>archive</kind>
         <file>libclang_rt.builtins.a</file>
         <name>aeabi_div0.c.obj</name>
      </input_file>
      <input_file id="fl-a4">
         <path>C:\ti\ccstheia141\ccs\tools\compiler\ti-cgt-armllvm_3.2.2.LTS\lib\armv6m-ti-none-eabi\c\</path>
         <kind>archive</kind>
         <file>libc.a</file>
         <name>memcpy16.S.obj</name>
      </input_file>
      <input_file id="fl-a5">
         <path>C:\ti\ccstheia141\ccs\tools\compiler\ti-cgt-armllvm_3.2.2.LTS\lib\armv6m-ti-none-eabi\c\</path>
         <kind>archive</kind>
         <file>libc.a</file>
         <name>memset16.S.obj</name>
      </input_file>
   </input_file_list>
   <object_component_list>
      <object_component id="oc-18">
         <name>.intvecs</name>
         <load_address>0x0</load_address>
         <readonly>true</readonly>
         <run_address>0x0</run_address>
         <size>0xc0</size>
         <alignment>0x4</alignment>
         <input_file_ref idref="fl-4"/>
      </object_component>
      <object_component id="oc-d5">
         <name>.text.SYSCFG_DL_GPIO_init</name>
         <load_address>0xc0</load_address>
         <readonly>true</readonly>
         <executable>true</executable>
         <run_address>0xc0</run_address>
         <size>0x130</size>
         <alignment>0x4</alignment>
         <input_file_ref idref="fl-3"/>
      </object_component>
      <object_component id="oc-39">
         <name>.text.I2C0_IRQHandler</name>
         <load_address>0x1f0</load_address>
         <readonly>true</readonly>
         <executable>true</executable>
         <run_address>0x1f0</run_address>
         <size>0x12c</size>
         <alignment>0x4</alignment>
         <input_file_ref idref="fl-5"/>
      </object_component>
      <object_component id="oc-e7">
         <name>.text.OLED_ShowChar</name>
         <load_address>0x31c</load_address>
         <readonly>true</readonly>
         <executable>true</executable>
         <run_address>0x31c</run_address>
         <size>0x118</size>
         <alignment>0x4</alignment>
         <input_file_ref idref="fl-5"/>
      </object_component>
      <object_component id="oc-aa">
         <name>.text.OLED_Init</name>
         <load_address>0x434</load_address>
         <readonly>true</readonly>
         <executable>true</executable>
         <run_address>0x434</run_address>
         <size>0x100</size>
         <alignment>0x2</alignment>
         <input_file_ref idref="fl-5"/>
      </object_component>
      <object_component id="oc-124">
         <name>.text.DL_Timer_initTimerMode</name>
         <load_address>0x534</load_address>
         <readonly>true</readonly>
         <executable>true</executable>
         <run_address>0x534</run_address>
         <size>0xe8</size>
         <alignment>0x4</alignment>
         <input_file_ref idref="fl-19"/>
      </object_component>
      <object_component id="oc-e5">
         <name>.text.OLED_WR_Byte</name>
         <load_address>0x61c</load_address>
         <readonly>true</readonly>
         <executable>true</executable>
         <run_address>0x61c</run_address>
         <size>0xdc</size>
         <alignment>0x4</alignment>
         <input_file_ref idref="fl-5"/>
      </object_component>
      <object_component id="oc-15d">
         <name>.text.DL_Timer_initPWMMode</name>
         <load_address>0x6f8</load_address>
         <readonly>true</readonly>
         <executable>true</executable>
         <run_address>0x6f8</run_address>
         <size>0xc4</size>
         <alignment>0x4</alignment>
         <input_file_ref idref="fl-19"/>
      </object_component>
      <object_component id="oc-d4">
         <name>.text.SYSCFG_DL_initPower</name>
         <load_address>0x7bc</load_address>
         <readonly>true</readonly>
         <executable>true</executable>
         <run_address>0x7bc</run_address>
         <size>0xb0</size>
         <alignment>0x4</alignment>
         <input_file_ref idref="fl-3"/>
      </object_component>
      <object_component id="oc-34">
         <name>.text.GROUP1_IRQHandler</name>
         <load_address>0x86c</load_address>
         <readonly>true</readonly>
         <executable>true</executable>
         <run_address>0x86c</run_address>
         <size>0x88</size>
         <alignment>0x4</alignment>
         <input_file_ref idref="fl-1"/>
      </object_component>
      <object_component id="oc-d7">
         <name>.text.SYSCFG_DL_PWM_0_init</name>
         <load_address>0x8f4</load_address>
         <readonly>true</readonly>
         <executable>true</executable>
         <run_address>0x8f4</run_address>
         <size>0x84</size>
         <alignment>0x4</alignment>
         <input_file_ref idref="fl-3"/>
      </object_component>
      <object_component id="oc-d8">
         <name>.text.SYSCFG_DL_PWM_1_init</name>
         <load_address>0x978</load_address>
         <readonly>true</readonly>
         <executable>true</executable>
         <run_address>0x978</run_address>
         <size>0x84</size>
         <alignment>0x4</alignment>
         <input_file_ref idref="fl-3"/>
      </object_component>
      <object_component id="oc-11b">
         <name>.text.DL_TimerA_initPWMMode</name>
         <load_address>0x9fc</load_address>
         <readonly>true</readonly>
         <executable>true</executable>
         <run_address>0x9fc</run_address>
         <size>0x80</size>
         <alignment>0x4</alignment>
         <input_file_ref idref="fl-19"/>
      </object_component>
      <object_component id="oc-ab">
         <name>.text.OLED_ShowString</name>
         <load_address>0xa7c</load_address>
         <readonly>true</readonly>
         <executable>true</executable>
         <run_address>0xa7c</run_address>
         <size>0x70</size>
         <alignment>0x2</alignment>
         <input_file_ref idref="fl-5"/>
      </object_component>
      <object_component id="oc-86">
         <name>.text.main</name>
         <load_address>0xaec</load_address>
         <readonly>true</readonly>
         <executable>true</executable>
         <run_address>0xaec</run_address>
         <size>0x6c</size>
         <alignment>0x4</alignment>
         <input_file_ref idref="fl-2"/>
      </object_component>
      <object_component id="oc-e6">
         <name>.text.OLED_Clear</name>
         <load_address>0xb58</load_address>
         <readonly>true</readonly>
         <executable>true</executable>
         <run_address>0xb58</run_address>
         <size>0x6a</size>
         <alignment>0x2</alignment>
         <input_file_ref idref="fl-5"/>
      </object_component>
      <object_component id="oc-161">
         <name>.text.__aeabi_idiv0</name>
         <load_address>0xbc2</load_address>
         <readonly>true</readonly>
         <executable>true</executable>
         <run_address>0xbc2</run_address>
         <size>0x2</size>
         <alignment>0x2</alignment>
         <input_file_ref idref="fl-a3"/>
      </object_component>
      <object_component id="oc-db">
         <name>.text.SYSCFG_DL_I2C_OLED_init</name>
         <load_address>0xbc4</load_address>
         <readonly>true</readonly>
         <executable>true</executable>
         <run_address>0xbc4</run_address>
         <size>0x64</size>
         <alignment>0x4</alignment>
         <input_file_ref idref="fl-3"/>
      </object_component>
      <object_component id="oc-6a">
         <name>.text.DL_I2C_fillControllerTXFIFO</name>
         <load_address>0xc28</load_address>
         <readonly>true</readonly>
         <executable>true</executable>
         <run_address>0xc28</run_address>
         <size>0x5e</size>
         <alignment>0x2</alignment>
         <input_file_ref idref="fl-18"/>
      </object_component>
      <object_component id="oc-ac">
         <name>.text.motor_init</name>
         <load_address>0xc88</load_address>
         <readonly>true</readonly>
         <executable>true</executable>
         <run_address>0xc88</run_address>
         <size>0x58</size>
         <alignment>0x4</alignment>
         <input_file_ref idref="fl-8"/>
      </object_component>
      <object_component id="oc-144">
         <name>.text.DL_I2C_startControllerTransfer</name>
         <load_address>0xce0</load_address>
         <readonly>true</readonly>
         <executable>true</executable>
         <run_address>0xce0</run_address>
         <size>0x50</size>
         <alignment>0x4</alignment>
         <input_file_ref idref="fl-5"/>
      </object_component>
      <object_component id="oc-13d">
         <name>.text.DL_UART_setBaudRateDivisor</name>
         <load_address>0xd30</load_address>
         <readonly>true</readonly>
         <executable>true</executable>
         <run_address>0xd30</run_address>
         <size>0x4c</size>
         <alignment>0x4</alignment>
         <input_file_ref idref="fl-3"/>
      </object_component>
      <object_component id="oc-a5">
         <name>.text.SYSCFG_DL_init</name>
         <load_address>0xd7c</load_address>
         <readonly>true</readonly>
         <executable>true</executable>
         <run_address>0xd7c</run_address>
         <size>0x4c</size>
         <alignment>0x4</alignment>
         <input_file_ref idref="fl-3"/>
      </object_component>
      <object_component id="oc-13b">
         <name>.text.DL_UART_init</name>
         <load_address>0xdc8</load_address>
         <readonly>true</readonly>
         <executable>true</executable>
         <run_address>0xdc8</run_address>
         <size>0x48</size>
         <alignment>0x4</alignment>
         <input_file_ref idref="fl-1a"/>
      </object_component>
      <object_component id="oc-dd">
         <name>.text.SYSCFG_DL_Gyroscpe_init</name>
         <load_address>0xe10</load_address>
         <readonly>true</readonly>
         <executable>true</executable>
         <run_address>0xe10</run_address>
         <size>0x40</size>
         <alignment>0x4</alignment>
         <input_file_ref idref="fl-3"/>
      </object_component>
      <object_component id="oc-dc">
         <name>.text.SYSCFG_DL_grayscale_init</name>
         <load_address>0xe50</load_address>
         <readonly>true</readonly>
         <executable>true</executable>
         <run_address>0xe50</run_address>
         <size>0x40</size>
         <alignment>0x4</alignment>
         <input_file_ref idref="fl-3"/>
      </object_component>
      <object_component id="oc-146">
         <name>.text.__aeabi_uidivmod</name>
         <load_address>0xe90</load_address>
         <readonly>true</readonly>
         <executable>true</executable>
         <run_address>0xe90</run_address>
         <size>0x40</size>
         <alignment>0x4</alignment>
         <input_file_ref idref="fl-a0"/>
      </object_component>
      <object_component id="oc-ae">
         <name>.text.motor_duty</name>
         <load_address>0xed0</load_address>
         <readonly>true</readonly>
         <executable>true</executable>
         <run_address>0xed0</run_address>
         <size>0x40</size>
         <alignment>0x4</alignment>
         <input_file_ref idref="fl-8"/>
      </object_component>
      <object_component id="oc-10a">
         <name>.text.DL_GPIO_initPeripheralInputFunctionFeatures</name>
         <load_address>0xf10</load_address>
         <readonly>true</readonly>
         <executable>true</executable>
         <run_address>0xf10</run_address>
         <size>0x3c</size>
         <alignment>0x4</alignment>
         <input_file_ref idref="fl-3"/>
      </object_component>
      <object_component id="oc-145">
         <name>.text.OLED_Set_Pos</name>
         <load_address>0xf4c</load_address>
         <readonly>true</readonly>
         <executable>true</executable>
         <run_address>0xf4c</run_address>
         <size>0x3c</size>
         <alignment>0x2</alignment>
         <input_file_ref idref="fl-5"/>
      </object_component>
      <object_component id="oc-bb">
         <name>.text:__TI_auto_init_nobinit_nopinit</name>
         <load_address>0xf88</load_address>
         <readonly>true</readonly>
         <executable>true</executable>
         <run_address>0xf88</run_address>
         <size>0x3c</size>
         <alignment>0x4</alignment>
         <input_file_ref idref="fl-2b"/>
      </object_component>
      <object_component id="oc-10e">
         <name>.text.DL_GPIO_initDigitalInputFeatures</name>
         <load_address>0xfc4</load_address>
         <readonly>true</readonly>
         <executable>true</executable>
         <run_address>0xfc4</run_address>
         <size>0x34</size>
         <alignment>0x4</alignment>
         <input_file_ref idref="fl-3"/>
      </object_component>
      <object_component id="oc-d9">
         <name>.text.SYSCFG_DL_ENCODER_TIM0_init</name>
         <load_address>0xff8</load_address>
         <readonly>true</readonly>
         <executable>true</executable>
         <run_address>0xff8</run_address>
         <size>0x34</size>
         <alignment>0x4</alignment>
         <input_file_ref idref="fl-3"/>
      </object_component>
      <object_component id="oc-da">
         <name>.text.SYSCFG_DL_ENCODER_TIM1_init</name>
         <load_address>0x102c</load_address>
         <readonly>true</readonly>
         <executable>true</executable>
         <run_address>0x102c</run_address>
         <size>0x34</size>
         <alignment>0x4</alignment>
         <input_file_ref idref="fl-3"/>
      </object_component>
      <object_component id="oc-b0">
         <name>.text.__NVIC_ClearPendingIRQ</name>
         <load_address>0x1060</load_address>
         <readonly>true</readonly>
         <executable>true</executable>
         <run_address>0x1060</run_address>
         <size>0x2c</size>
         <alignment>0x4</alignment>
         <input_file_ref idref="fl-2"/>
      </object_component>
      <object_component id="oc-af">
         <name>.text.__NVIC_EnableIRQ</name>
         <load_address>0x108c</load_address>
         <readonly>true</readonly>
         <executable>true</executable>
         <run_address>0x108c</run_address>
         <size>0x2c</size>
         <alignment>0x4</alignment>
         <input_file_ref idref="fl-2"/>
      </object_component>
      <object_component id="oc-e4">
         <name>.text.__NVIC_EnableIRQ</name>
         <load_address>0x10b8</load_address>
         <readonly>true</readonly>
         <executable>true</executable>
         <run_address>0x10b8</run_address>
         <size>0x2c</size>
         <alignment>0x4</alignment>
         <input_file_ref idref="fl-5"/>
      </object_component>
      <object_component id="oc-e8">
         <name>.text.gpio_set</name>
         <load_address>0x10e4</load_address>
         <readonly>true</readonly>
         <executable>true</executable>
         <run_address>0x10e4</run_address>
         <size>0x2c</size>
         <alignment>0x2</alignment>
         <input_file_ref idref="fl-8"/>
      </object_component>
      <object_component id="oc-d6">
         <name>.text.SYSCFG_DL_SYSCTL_init</name>
         <load_address>0x1110</load_address>
         <readonly>true</readonly>
         <executable>true</executable>
         <run_address>0x1110</run_address>
         <size>0x2a</size>
         <alignment>0x2</alignment>
         <input_file_ref idref="fl-3"/>
      </object_component>
      <object_component id="oc-160">
         <name>.text.DL_Common_updateReg</name>
         <load_address>0x113a</load_address>
         <readonly>true</readonly>
         <executable>true</executable>
         <run_address>0x113a</run_address>
         <size>0x28</size>
         <alignment>0x2</alignment>
         <input_file_ref idref="fl-5"/>
      </object_component>
      <object_component id="oc-15c">
         <name>.text.DL_Common_updateReg</name>
         <load_address>0x1162</load_address>
         <readonly>true</readonly>
         <executable>true</executable>
         <run_address>0x1162</run_address>
         <size>0x28</size>
         <alignment>0x2</alignment>
         <input_file_ref idref="fl-3"/>
      </object_component>
      <object_component id="oc-130">
         <name>.text.DL_I2C_setControllerRXFIFOThreshold</name>
         <load_address>0x118c</load_address>
         <readonly>true</readonly>
         <executable>true</executable>
         <run_address>0x118c</run_address>
         <size>0x28</size>
         <alignment>0x4</alignment>
         <input_file_ref idref="fl-3"/>
      </object_component>
      <object_component id="oc-12f">
         <name>.text.DL_I2C_setControllerTXFIFOThreshold</name>
         <load_address>0x11b4</load_address>
         <readonly>true</readonly>
         <executable>true</executable>
         <run_address>0x11b4</run_address>
         <size>0x28</size>
         <alignment>0x4</alignment>
         <input_file_ref idref="fl-3"/>
      </object_component>
      <object_component id="oc-59">
         <name>.text:_c_int00_noargs</name>
         <load_address>0x11dc</load_address>
         <readonly>true</readonly>
         <executable>true</executable>
         <run_address>0x11dc</run_address>
         <size>0x28</size>
         <alignment>0x4</alignment>
         <input_file_ref idref="fl-29"/>
      </object_component>
      <object_component id="oc-12b">
         <name>.text.DL_I2C_setAnalogGlitchFilterPulseWidth</name>
         <load_address>0x1204</load_address>
         <readonly>true</readonly>
         <executable>true</executable>
         <run_address>0x1204</run_address>
         <size>0x26</size>
         <alignment>0x2</alignment>
         <input_file_ref idref="fl-3"/>
      </object_component>
      <object_component id="oc-12a">
         <name>.text.DL_I2C_setClockConfig</name>
         <load_address>0x122a</load_address>
         <readonly>true</readonly>
         <executable>true</executable>
         <run_address>0x122a</run_address>
         <size>0x26</size>
         <alignment>0x2</alignment>
         <input_file_ref idref="fl-18"/>
      </object_component>
      <object_component id="oc-e3">
         <name>.text.delay_ms</name>
         <load_address>0x1250</load_address>
         <readonly>true</readonly>
         <executable>true</executable>
         <run_address>0x1250</run_address>
         <size>0x22</size>
         <alignment>0x2</alignment>
         <input_file_ref idref="fl-5"/>
      </object_component>
      <object_component id="oc-10c">
         <name>.text.DL_GPIO_initPeripheralInputFunction</name>
         <load_address>0x1274</load_address>
         <readonly>true</readonly>
         <executable>true</executable>
         <run_address>0x1274</run_address>
         <size>0x20</size>
         <alignment>0x4</alignment>
         <input_file_ref idref="fl-3"/>
      </object_component>
      <object_component id="oc-13c">
         <name>.text.DL_UART_setOversampling</name>
         <load_address>0x1294</load_address>
         <readonly>true</readonly>
         <executable>true</executable>
         <run_address>0x1294</run_address>
         <size>0x1e</size>
         <alignment>0x2</alignment>
         <input_file_ref idref="fl-3"/>
      </object_component>
      <object_component id="oc-112">
         <name>.text.DL_GPIO_clearInterruptStatus</name>
         <load_address>0x12b4</load_address>
         <readonly>true</readonly>
         <executable>true</executable>
         <run_address>0x12b4</run_address>
         <size>0x1c</size>
         <alignment>0x4</alignment>
         <input_file_ref idref="fl-3"/>
      </object_component>
      <object_component id="oc-10b">
         <name>.text.DL_GPIO_enableHiZ</name>
         <load_address>0x12d0</load_address>
         <readonly>true</readonly>
         <executable>true</executable>
         <run_address>0x12d0</run_address>
         <size>0x1c</size>
         <alignment>0x4</alignment>
         <input_file_ref idref="fl-3"/>
      </object_component>
      <object_component id="oc-113">
         <name>.text.DL_GPIO_enableInterrupt</name>
         <load_address>0x12ec</load_address>
         <readonly>true</readonly>
         <executable>true</executable>
         <run_address>0x12ec</run_address>
         <size>0x1c</size>
         <alignment>0x4</alignment>
         <input_file_ref idref="fl-3"/>
      </object_component>
      <object_component id="oc-10f">
         <name>.text.DL_GPIO_initDigitalInput</name>
         <load_address>0x1308</load_address>
         <readonly>true</readonly>
         <executable>true</executable>
         <run_address>0x1308</run_address>
         <size>0x1c</size>
         <alignment>0x4</alignment>
         <input_file_ref idref="fl-3"/>
      </object_component>
      <object_component id="oc-108">
         <name>.text.DL_GPIO_initPeripheralOutputFunction</name>
         <load_address>0x1324</load_address>
         <readonly>true</readonly>
         <executable>true</executable>
         <run_address>0x1324</run_address>
         <size>0x1c</size>
         <alignment>0x4</alignment>
         <input_file_ref idref="fl-3"/>
      </object_component>
      <object_component id="oc-67">
         <name>.text.DL_I2C_disableInterrupt</name>
         <load_address>0x1340</load_address>
         <readonly>true</readonly>
         <executable>true</executable>
         <run_address>0x1340</run_address>
         <size>0x1c</size>
         <alignment>0x4</alignment>
         <input_file_ref idref="fl-5"/>
      </object_component>
      <object_component id="oc-132">
         <name>.text.DL_I2C_enableInterrupt</name>
         <load_address>0x135c</load_address>
         <readonly>true</readonly>
         <executable>true</executable>
         <run_address>0x135c</run_address>
         <size>0x1c</size>
         <alignment>0x4</alignment>
         <input_file_ref idref="fl-3"/>
      </object_component>
      <object_component id="oc-68">
         <name>.text.DL_I2C_isControllerRXFIFOEmpty</name>
         <load_address>0x1378</load_address>
         <readonly>true</readonly>
         <executable>true</executable>
         <run_address>0x1378</run_address>
         <size>0x1c</size>
         <alignment>0x4</alignment>
         <input_file_ref idref="fl-5"/>
      </object_component>
      <object_component id="oc-60">
         <name>.text.DL_Interrupt_getPendingGroup</name>
         <load_address>0x1394</load_address>
         <readonly>true</readonly>
         <executable>true</executable>
         <run_address>0x1394</run_address>
         <size>0x1c</size>
         <alignment>0x4</alignment>
         <input_file_ref idref="fl-1"/>
      </object_component>
      <object_component id="oc-119">
         <name>.text.DL_SYSCTL_setMCLKDivider</name>
         <load_address>0x13b0</load_address>
         <readonly>true</readonly>
         <executable>true</executable>
         <run_address>0x13b0</run_address>
         <size>0x1c</size>
         <alignment>0x4</alignment>
         <input_file_ref idref="fl-3"/>
      </object_component>
      <object_component id="oc-115">
         <name>.text.DL_SYSCTL_setSYSOSCFreq</name>
         <load_address>0x13cc</load_address>
         <readonly>true</readonly>
         <executable>true</executable>
         <run_address>0x13cc</run_address>
         <size>0x1c</size>
         <alignment>0x4</alignment>
         <input_file_ref idref="fl-3"/>
      </object_component>
      <object_component id="oc-118">
         <name>.text.DL_SYSCTL_setULPCLKDivider</name>
         <load_address>0x13e8</load_address>
         <readonly>true</readonly>
         <executable>true</executable>
         <run_address>0x13e8</run_address>
         <size>0x1c</size>
         <alignment>0x4</alignment>
         <input_file_ref idref="fl-3"/>
      </object_component>
      <object_component id="oc-125">
         <name>.text.DL_Timer_enableInterrupt</name>
         <load_address>0x1404</load_address>
         <readonly>true</readonly>
         <executable>true</executable>
         <run_address>0x1404</run_address>
         <size>0x1c</size>
         <alignment>0x4</alignment>
         <input_file_ref idref="fl-3"/>
      </object_component>
      <object_component id="oc-11d">
         <name>.text.DL_Timer_setCaptCompUpdateMethod</name>
         <load_address>0x1420</load_address>
         <readonly>true</readonly>
         <executable>true</executable>
         <run_address>0x1420</run_address>
         <size>0x1c</size>
         <alignment>0x4</alignment>
         <input_file_ref idref="fl-19"/>
      </object_component>
      <object_component id="oc-11a">
         <name>.text.DL_Timer_setClockConfig</name>
         <load_address>0x143c</load_address>
         <readonly>true</readonly>
         <executable>true</executable>
         <run_address>0x143c</run_address>
         <size>0x1c</size>
         <alignment>0x4</alignment>
         <input_file_ref idref="fl-19"/>
      </object_component>
      <object_component id="oc-109">
         <name>.text.DL_GPIO_enableOutput</name>
         <load_address>0x1458</load_address>
         <readonly>true</readonly>
         <executable>true</executable>
         <run_address>0x1458</run_address>
         <size>0x18</size>
         <alignment>0x4</alignment>
         <input_file_ref idref="fl-3"/>
      </object_component>
      <object_component id="oc-100">
         <name>.text.DL_GPIO_enablePower</name>
         <load_address>0x1470</load_address>
         <readonly>true</readonly>
         <executable>true</executable>
         <run_address>0x1470</run_address>
         <size>0x18</size>
         <alignment>0x4</alignment>
         <input_file_ref idref="fl-3"/>
      </object_component>
      <object_component id="oc-10d">
         <name>.text.DL_GPIO_initDigitalOutput</name>
         <load_address>0x1488</load_address>
         <readonly>true</readonly>
         <executable>true</executable>
         <run_address>0x1488</run_address>
         <size>0x18</size>
         <alignment>0x4</alignment>
         <input_file_ref idref="fl-3"/>
      </object_component>
      <object_component id="oc-fc">
         <name>.text.DL_GPIO_reset</name>
         <load_address>0x14a0</load_address>
         <readonly>true</readonly>
         <executable>true</executable>
         <run_address>0x14a0</run_address>
         <size>0x18</size>
         <alignment>0x4</alignment>
         <input_file_ref idref="fl-3"/>
      </object_component>
      <object_component id="oc-14c">
         <name>.text.DL_GPIO_setPins</name>
         <load_address>0x14b8</load_address>
         <readonly>true</readonly>
         <executable>true</executable>
         <run_address>0x14b8</run_address>
         <size>0x18</size>
         <alignment>0x4</alignment>
         <input_file_ref idref="fl-8"/>
      </object_component>
      <object_component id="oc-111">
         <name>.text.DL_GPIO_setUpperPinsPolarity</name>
         <load_address>0x14d0</load_address>
         <readonly>true</readonly>
         <executable>true</executable>
         <run_address>0x14d0</run_address>
         <size>0x18</size>
         <alignment>0x2</alignment>
         <input_file_ref idref="fl-3"/>
      </object_component>
      <object_component id="oc-12c">
         <name>.text.DL_I2C_enableAnalogGlitchFilter</name>
         <load_address>0x14e8</load_address>
         <readonly>true</readonly>
         <executable>true</executable>
         <run_address>0x14e8</run_address>
         <size>0x18</size>
         <alignment>0x2</alignment>
         <input_file_ref idref="fl-3"/>
      </object_component>
      <object_component id="oc-133">
         <name>.text.DL_I2C_enableController</name>
         <load_address>0x1500</load_address>
         <readonly>true</readonly>
         <executable>true</executable>
         <run_address>0x1500</run_address>
         <size>0x18</size>
         <alignment>0x4</alignment>
         <input_file_ref idref="fl-3"/>
      </object_component>
      <object_component id="oc-131">
         <name>.text.DL_I2C_enableControllerClockStretching</name>
         <load_address>0x1518</load_address>
         <readonly>true</readonly>
         <executable>true</executable>
         <run_address>0x1518</run_address>
         <size>0x18</size>
         <alignment>0x4</alignment>
         <input_file_ref idref="fl-3"/>
      </object_component>
      <object_component id="oc-102">
         <name>.text.DL_I2C_enablePower</name>
         <load_address>0x1530</load_address>
         <readonly>true</readonly>
         <executable>true</executable>
         <run_address>0x1530</run_address>
         <size>0x18</size>
         <alignment>0x4</alignment>
         <input_file_ref idref="fl-3"/>
      </object_component>
      <object_component id="oc-fe">
         <name>.text.DL_I2C_reset</name>
         <load_address>0x1548</load_address>
         <readonly>true</readonly>
         <executable>true</executable>
         <run_address>0x1548</run_address>
         <size>0x18</size>
         <alignment>0x4</alignment>
         <input_file_ref idref="fl-3"/>
      </object_component>
      <object_component id="oc-12e">
         <name>.text.DL_I2C_setTimerPeriod</name>
         <load_address>0x1560</load_address>
         <readonly>true</readonly>
         <executable>true</executable>
         <run_address>0x1560</run_address>
         <size>0x18</size>
         <alignment>0x4</alignment>
         <input_file_ref idref="fl-3"/>
      </object_component>
      <object_component id="oc-114">
         <name>.text.DL_SYSCTL_setBORThreshold</name>
         <load_address>0x1578</load_address>
         <readonly>true</readonly>
         <executable>true</executable>
         <run_address>0x1578</run_address>
         <size>0x18</size>
         <alignment>0x4</alignment>
         <input_file_ref idref="fl-3"/>
      </object_component>
      <object_component id="oc-101">
         <name>.text.DL_Timer_enablePower</name>
         <load_address>0x1590</load_address>
         <readonly>true</readonly>
         <executable>true</executable>
         <run_address>0x1590</run_address>
         <size>0x18</size>
         <alignment>0x4</alignment>
         <input_file_ref idref="fl-3"/>
      </object_component>
      <object_component id="oc-fd">
         <name>.text.DL_Timer_reset</name>
         <load_address>0x15a8</load_address>
         <readonly>true</readonly>
         <executable>true</executable>
         <run_address>0x15a8</run_address>
         <size>0x18</size>
         <alignment>0x4</alignment>
         <input_file_ref idref="fl-3"/>
      </object_component>
      <object_component id="oc-11c">
         <name>.text.DL_Timer_setCaptureCompareOutCtl</name>
         <load_address>0x15c0</load_address>
         <readonly>true</readonly>
         <executable>true</executable>
         <run_address>0x15c0</run_address>
         <size>0x18</size>
         <alignment>0x4</alignment>
         <input_file_ref idref="fl-19"/>
      </object_component>
      <object_component id="oc-103">
         <name>.text.DL_UART_enablePower</name>
         <load_address>0x15d8</load_address>
         <readonly>true</readonly>
         <executable>true</executable>
         <run_address>0x15d8</run_address>
         <size>0x18</size>
         <alignment>0x4</alignment>
         <input_file_ref idref="fl-3"/>
      </object_component>
      <object_component id="oc-ff">
         <name>.text.DL_UART_reset</name>
         <load_address>0x15f0</load_address>
         <readonly>true</readonly>
         <executable>true</executable>
         <run_address>0x15f0</run_address>
         <size>0x18</size>
         <alignment>0x4</alignment>
         <input_file_ref idref="fl-3"/>
      </object_component>
      <object_component id="oc-61">
         <name>.text.DL_GPIO_readPins</name>
         <load_address>0x1608</load_address>
         <readonly>true</readonly>
         <executable>true</executable>
         <run_address>0x1608</run_address>
         <size>0x16</size>
         <alignment>0x2</alignment>
         <input_file_ref idref="fl-1"/>
      </object_component>
      <object_component id="oc-13e">
         <name>.text.DL_UART_enable</name>
         <load_address>0x161e</load_address>
         <readonly>true</readonly>
         <executable>true</executable>
         <run_address>0x161e</run_address>
         <size>0x16</size>
         <alignment>0x2</alignment>
         <input_file_ref idref="fl-3"/>
      </object_component>
      <object_component id="oc-50">
         <name>.text:decompress:ZI:__TI_zero_init_nomemset</name>
         <load_address>0x1634</load_address>
         <readonly>true</readonly>
         <executable>true</executable>
         <run_address>0x1634</run_address>
         <size>0x16</size>
         <alignment>0x2</alignment>
         <input_file_ref idref="fl-2e"/>
      </object_component>
      <object_component id="oc-14d">
         <name>.text.DL_GPIO_clearPins</name>
         <load_address>0x164a</load_address>
         <readonly>true</readonly>
         <executable>true</executable>
         <run_address>0x164a</run_address>
         <size>0x14</size>
         <alignment>0x2</alignment>
         <input_file_ref idref="fl-8"/>
      </object_component>
      <object_component id="oc-110">
         <name>.text.DL_GPIO_clearPins</name>
         <load_address>0x165e</load_address>
         <readonly>true</readonly>
         <executable>true</executable>
         <run_address>0x165e</run_address>
         <size>0x14</size>
         <alignment>0x2</alignment>
         <input_file_ref idref="fl-3"/>
      </object_component>
      <object_component id="oc-143">
         <name>.text.DL_I2C_getControllerStatus</name>
         <load_address>0x1674</load_address>
         <readonly>true</readonly>
         <executable>true</executable>
         <run_address>0x1674</run_address>
         <size>0x14</size>
         <alignment>0x4</alignment>
         <input_file_ref idref="fl-5"/>
      </object_component>
      <object_component id="oc-69">
         <name>.text.DL_I2C_receiveControllerData</name>
         <load_address>0x1688</load_address>
         <readonly>true</readonly>
         <executable>true</executable>
         <run_address>0x1688</run_address>
         <size>0x14</size>
         <alignment>0x4</alignment>
         <input_file_ref idref="fl-5"/>
      </object_component>
      <object_component id="oc-12d">
         <name>.text.DL_I2C_resetControllerTransfer</name>
         <load_address>0x169c</load_address>
         <readonly>true</readonly>
         <executable>true</executable>
         <run_address>0x169c</run_address>
         <size>0x14</size>
         <alignment>0x4</alignment>
         <input_file_ref idref="fl-3"/>
      </object_component>
      <object_component id="oc-117">
         <name>.text.DL_SYSCTL_disableSYSPLL</name>
         <load_address>0x16b0</load_address>
         <readonly>true</readonly>
         <executable>true</executable>
         <run_address>0x16b0</run_address>
         <size>0x14</size>
         <alignment>0x4</alignment>
         <input_file_ref idref="fl-3"/>
      </object_component>
      <object_component id="oc-11e">
         <name>.text.DL_Timer_enableClock</name>
         <load_address>0x16c4</load_address>
         <readonly>true</readonly>
         <executable>true</executable>
         <run_address>0x16c4</run_address>
         <size>0x14</size>
         <alignment>0x4</alignment>
         <input_file_ref idref="fl-3"/>
      </object_component>
      <object_component id="oc-11f">
         <name>.text.DL_Timer_setCCPDirection</name>
         <load_address>0x16d8</load_address>
         <readonly>true</readonly>
         <executable>true</executable>
         <run_address>0x16d8</run_address>
         <size>0x14</size>
         <alignment>0x2</alignment>
         <input_file_ref idref="fl-3"/>
      </object_component>
      <object_component id="oc-66">
         <name>.text.DL_I2C_getPendingInterrupt</name>
         <load_address>0x16ec</load_address>
         <readonly>true</readonly>
         <executable>true</executable>
         <run_address>0x16ec</run_address>
         <size>0x12</size>
         <alignment>0x2</alignment>
         <input_file_ref idref="fl-5"/>
      </object_component>
      <object_component id="oc-135">
         <name>.text.DL_UART_setClockConfig</name>
         <load_address>0x16fe</load_address>
         <readonly>true</readonly>
         <executable>true</executable>
         <run_address>0x16fe</run_address>
         <size>0x12</size>
         <alignment>0x2</alignment>
         <input_file_ref idref="fl-1a"/>
      </object_component>
      <object_component id="oc-116">
         <name>.text.DL_SYSCTL_disableHFXT</name>
         <load_address>0x1710</load_address>
         <readonly>true</readonly>
         <executable>true</executable>
         <run_address>0x1710</run_address>
         <size>0x10</size>
         <alignment>0x4</alignment>
         <input_file_ref idref="fl-3"/>
      </object_component>
      <object_component id="oc-e9">
         <name>.text.DL_Timer_setCaptureCompareValue</name>
         <load_address>0x1720</load_address>
         <readonly>true</readonly>
         <executable>true</executable>
         <run_address>0x1720</run_address>
         <size>0x10</size>
         <alignment>0x4</alignment>
         <input_file_ref idref="fl-19"/>
      </object_component>
      <object_component id="oc-104">
         <name>.text.DL_Common_delayCycles</name>
         <load_address>0x1730</load_address>
         <readonly>true</readonly>
         <executable>true</executable>
         <run_address>0x1730</run_address>
         <size>0xa</size>
         <alignment>0x2</alignment>
         <input_file_ref idref="fl-17"/>
      </object_component>
      <object_component id="oc-33">
         <name>.text.Default_Handler</name>
         <load_address>0x173a</load_address>
         <readonly>true</readonly>
         <executable>true</executable>
         <run_address>0x173a</run_address>
         <size>0x4</size>
         <alignment>0x2</alignment>
         <input_file_ref idref="fl-4"/>
      </object_component>
      <object_component id="oc-2f">
         <name>.text.Reset_Handler</name>
         <load_address>0x173e</load_address>
         <readonly>true</readonly>
         <executable>true</executable>
         <run_address>0x173e</run_address>
         <size>0x4</size>
         <alignment>0x2</alignment>
         <input_file_ref idref="fl-4"/>
      </object_component>
      <object_component id="oc-82">
         <name>.text._system_pre_init</name>
         <load_address>0x1742</load_address>
         <readonly>true</readonly>
         <executable>true</executable>
         <run_address>0x1742</run_address>
         <size>0x4</size>
         <alignment>0x2</alignment>
         <input_file_ref idref="fl-2c"/>
      </object_component>
      <object_component id="oc-b4">
         <name>.text:abort</name>
         <load_address>0x1746</load_address>
         <readonly>true</readonly>
         <executable>true</executable>
         <run_address>0x1746</run_address>
         <size>0x4</size>
         <alignment>0x2</alignment>
         <input_file_ref idref="fl-31"/>
      </object_component>
      <object_component id="oc-1ab">
         <name>.cinit..bss.load</name>
         <load_address>0x1fd8</load_address>
         <readonly>true</readonly>
         <run_address>0x1fd8</run_address>
         <size>0x8</size>
         <alignment>0x4</alignment>
      </object_component>
      <object_component id="oc-1a9">
         <name>__TI_handler_table</name>
         <load_address>0x1fe0</load_address>
         <readonly>true</readonly>
         <run_address>0x1fe0</run_address>
         <size>0x4</size>
         <alignment>0x4</alignment>
      </object_component>
      <object_component id="oc-1aa">
         <name>__TI_cinit_table</name>
         <load_address>0x1fe4</load_address>
         <readonly>true</readonly>
         <run_address>0x1fe4</run_address>
         <size>0x8</size>
         <alignment>0x4</alignment>
      </object_component>
      <object_component id="oc-14a">
         <name>.rodata.asc2_1608</name>
         <load_address>0x1750</load_address>
         <readonly>true</readonly>
         <run_address>0x1750</run_address>
         <size>0x5f0</size>
         <alignment>0x1</alignment>
         <input_file_ref idref="fl-5"/>
      </object_component>
      <object_component id="oc-14b">
         <name>.rodata.asc2_0806</name>
         <load_address>0x1d40</load_address>
         <readonly>true</readonly>
         <run_address>0x1d40</run_address>
         <size>0x228</size>
         <alignment>0x1</alignment>
         <input_file_ref idref="fl-5"/>
      </object_component>
      <object_component id="oc-127">
         <name>.rodata.gENCODER_TIM0TimerConfig</name>
         <load_address>0x1f68</load_address>
         <readonly>true</readonly>
         <run_address>0x1f68</run_address>
         <size>0x14</size>
         <alignment>0x4</alignment>
         <input_file_ref idref="fl-3"/>
      </object_component>
      <object_component id="oc-129">
         <name>.rodata.gENCODER_TIM1TimerConfig</name>
         <load_address>0x1f7c</load_address>
         <readonly>true</readonly>
         <run_address>0x1f7c</run_address>
         <size>0x14</size>
         <alignment>0x4</alignment>
         <input_file_ref idref="fl-3"/>
      </object_component>
      <object_component id="oc-b1">
         <name>.rodata.str1.176328792963337784071</name>
         <load_address>0x1f90</load_address>
         <readonly>true</readonly>
         <run_address>0x1f90</run_address>
         <size>0xe</size>
         <alignment>0x1</alignment>
         <input_file_ref idref="fl-2"/>
      </object_component>
      <object_component id="oc-142">
         <name>.rodata.gGyroscpeConfig</name>
         <load_address>0x1f9e</load_address>
         <readonly>true</readonly>
         <run_address>0x1f9e</run_address>
         <size>0xa</size>
         <alignment>0x2</alignment>
         <input_file_ref idref="fl-3"/>
      </object_component>
      <object_component id="oc-140">
         <name>.rodata.ggrayscaleConfig</name>
         <load_address>0x1fa8</load_address>
         <readonly>true</readonly>
         <run_address>0x1fa8</run_address>
         <size>0xa</size>
         <alignment>0x2</alignment>
         <input_file_ref idref="fl-3"/>
      </object_component>
      <object_component id="oc-141">
         <name>.rodata.gGyroscpeClockConfig</name>
         <load_address>0x1fb2</load_address>
         <readonly>true</readonly>
         <run_address>0x1fb2</run_address>
         <size>0x2</size>
         <alignment>0x1</alignment>
         <input_file_ref idref="fl-3"/>
      </object_component>
      <object_component id="oc-121">
         <name>.rodata.gPWM_0Config</name>
         <load_address>0x1fb4</load_address>
         <readonly>true</readonly>
         <run_address>0x1fb4</run_address>
         <size>0x8</size>
         <alignment>0x4</alignment>
         <input_file_ref idref="fl-3"/>
      </object_component>
      <object_component id="oc-123">
         <name>.rodata.gPWM_1Config</name>
         <load_address>0x1fbc</load_address>
         <readonly>true</readonly>
         <run_address>0x1fbc</run_address>
         <size>0x8</size>
         <alignment>0x4</alignment>
         <input_file_ref idref="fl-3"/>
      </object_component>
      <object_component id="oc-126">
         <name>.rodata.gENCODER_TIM0ClockConfig</name>
         <load_address>0x1fc4</load_address>
         <readonly>true</readonly>
         <run_address>0x1fc4</run_address>
         <size>0x3</size>
         <alignment>0x1</alignment>
         <input_file_ref idref="fl-3"/>
      </object_component>
      <object_component id="oc-128">
         <name>.rodata.gENCODER_TIM1ClockConfig</name>
         <load_address>0x1fc7</load_address>
         <readonly>true</readonly>
         <run_address>0x1fc7</run_address>
         <size>0x3</size>
         <alignment>0x1</alignment>
         <input_file_ref idref="fl-3"/>
      </object_component>
      <object_component id="oc-120">
         <name>.rodata.gPWM_0ClockConfig</name>
         <load_address>0x1fca</load_address>
         <readonly>true</readonly>
         <run_address>0x1fca</run_address>
         <size>0x3</size>
         <alignment>0x1</alignment>
         <input_file_ref idref="fl-3"/>
      </object_component>
      <object_component id="oc-122">
         <name>.rodata.gPWM_1ClockConfig</name>
         <load_address>0x1fcd</load_address>
         <readonly>true</readonly>
         <run_address>0x1fcd</run_address>
         <size>0x3</size>
         <alignment>0x1</alignment>
         <input_file_ref idref="fl-3"/>
      </object_component>
      <object_component id="oc-134">
         <name>.rodata.gI2C_OLEDClockConfig</name>
         <load_address>0x1fd0</load_address>
         <readonly>true</readonly>
         <run_address>0x1fd0</run_address>
         <size>0x2</size>
         <alignment>0x1</alignment>
         <input_file_ref idref="fl-3"/>
      </object_component>
      <object_component id="oc-13f">
         <name>.rodata.ggrayscaleClockConfig</name>
         <load_address>0x1fd2</load_address>
         <readonly>true</readonly>
         <run_address>0x1fd2</run_address>
         <size>0x2</size>
         <alignment>0x1</alignment>
         <input_file_ref idref="fl-3"/>
      </object_component>
      <object_component id="oc-173">
         <name>.binit</name>
         <load_address>0x0</load_address>
         <readonly>true</readonly>
         <run_address>0x0</run_address>
         <size>0x0</size>
         <alignment>0x4</alignment>
      </object_component>
      <object_component id="oc-de">
         <name>.common:gPWM_0Backup</name>
         <uninitialized>true</uninitialized>
         <readwrite>true</readwrite>
         <run_address>0x20200000</run_address>
         <size>0xbc</size>
         <alignment>0x4</alignment>
      </object_component>
      <object_component id="oc-df">
         <name>.common:gPWM_1Backup</name>
         <uninitialized>true</uninitialized>
         <readwrite>true</readwrite>
         <run_address>0x202000bc</run_address>
         <size>0xbc</size>
         <alignment>0x4</alignment>
      </object_component>
      <object_component id="oc-e0">
         <name>.common:gENCODER_TIM1Backup</name>
         <uninitialized>true</uninitialized>
         <readwrite>true</readwrite>
         <run_address>0x20200178</run_address>
         <size>0x78</size>
         <alignment>0x4</alignment>
      </object_component>
      <object_component id="oc-70">
         <name>.common:gI2cControllerStatus</name>
         <uninitialized>true</uninitialized>
         <readwrite>true</readwrite>
         <run_address>0x20200238</run_address>
         <size>0x1</size>
         <alignment>0x1</alignment>
      </object_component>
      <object_component id="oc-72">
         <name>.common:gTxLen</name>
         <uninitialized>true</uninitialized>
         <readwrite>true</readwrite>
         <run_address>0x20200234</run_address>
         <size>0x4</size>
         <alignment>0x4</alignment>
      </object_component>
      <object_component id="oc-73">
         <name>.common:gTxPacket</name>
         <uninitialized>true</uninitialized>
         <readwrite>true</readwrite>
         <run_address>0x20200218</run_address>
         <size>0x10</size>
         <alignment>0x1</alignment>
      </object_component>
      <object_component id="oc-71">
         <name>.common:gTxCount</name>
         <uninitialized>true</uninitialized>
         <readwrite>true</readwrite>
         <run_address>0x20200230</run_address>
         <size>0x4</size>
         <alignment>0x4</alignment>
      </object_component>
      <object_component id="oc-74">
         <name>.common:gRxCount</name>
         <uninitialized>true</uninitialized>
         <readwrite>true</readwrite>
         <run_address>0x20200228</run_address>
         <size>0x4</size>
         <alignment>0x4</alignment>
      </object_component>
      <object_component id="oc-75">
         <name>.common:gRxLen</name>
         <uninitialized>true</uninitialized>
         <readwrite>true</readwrite>
         <run_address>0x2020022c</run_address>
         <size>0x4</size>
         <alignment>0x4</alignment>
      </object_component>
      <object_component id="oc-76">
         <name>.common:gRxPacket</name>
         <uninitialized>true</uninitialized>
         <readwrite>true</readwrite>
         <run_address>0x20200208</run_address>
         <size>0x10</size>
         <alignment>0x1</alignment>
      </object_component>
      <object_component id="oc-62">
         <name>.common:motor</name>
         <uninitialized>true</uninitialized>
         <readwrite>true</readwrite>
         <run_address>0x202001f0</run_address>
         <size>0x18</size>
         <alignment>0x4</alignment>
      </object_component>
      <object_component id="oc-1a">
         <name>.stack</name>
         <uninitialized>true</uninitialized>
         <readwrite>true</readwrite>
         <run_address>0x20207e00</run_address>
         <size>0x4</size>
         <alignment>0x4</alignment>
         <input_file_ref idref="fl-29"/>
      </object_component>
      <object_component id="oc-1ad">
         <name>.stack</name>
         <uninitialized>true</uninitialized>
         <readwrite>true</readwrite>
         <run_address>0x20207e00</run_address>
         <size>0x0</size>
         <alignment>0x8</alignment>
      </object_component>
      <object_component id="oc-64">
         <name>.debug_abbrev</name>
         <load_address>0x0</load_address>
         <run_address>0x0</run_address>
         <size>0x114</size>
         <alignment>0x1</alignment>
         <input_file_ref idref="fl-1"/>
      </object_component>
      <object_component id="oc-b2">
         <name>.debug_abbrev</name>
         <load_address>0x114</load_address>
         <run_address>0x114</run_address>
         <size>0x146</size>
         <alignment>0x1</alignment>
         <input_file_ref idref="fl-2"/>
      </object_component>
      <object_component id="oc-e1">
         <name>.debug_abbrev</name>
         <load_address>0x25a</load_address>
         <run_address>0x25a</run_address>
         <size>0x1f8</size>
         <alignment>0x1</alignment>
         <input_file_ref idref="fl-3"/>
      </object_component>
      <object_component id="oc-3e">
         <name>.debug_abbrev</name>
         <load_address>0x452</load_address>
         <run_address>0x452</run_address>
         <size>0x6d</size>
         <alignment>0x1</alignment>
         <input_file_ref idref="fl-4"/>
      </object_component>
      <object_component id="oc-77">
         <name>.debug_abbrev</name>
         <load_address>0x4bf</load_address>
         <run_address>0x4bf</run_address>
         <size>0x1ae</size>
         <alignment>0x1</alignment>
         <input_file_ref idref="fl-5"/>
      </object_component>
      <object_component id="oc-95">
         <name>.debug_abbrev</name>
         <load_address>0x66d</load_address>
         <run_address>0x66d</run_address>
         <size>0x125</size>
         <alignment>0x1</alignment>
         <input_file_ref idref="fl-8"/>
      </object_component>
      <object_component id="oc-159">
         <name>.debug_abbrev</name>
         <load_address>0x792</load_address>
         <run_address>0x792</run_address>
         <size>0x62</size>
         <alignment>0x1</alignment>
         <input_file_ref idref="fl-17"/>
      </object_component>
      <object_component id="oc-99">
         <name>.debug_abbrev</name>
         <load_address>0x7f4</load_address>
         <run_address>0x7f4</run_address>
         <size>0x1e7</size>
         <alignment>0x1</alignment>
         <input_file_ref idref="fl-18"/>
      </object_component>
      <object_component id="oc-14e">
         <name>.debug_abbrev</name>
         <load_address>0x9db</load_address>
         <run_address>0x9db</run_address>
         <size>0x258</size>
         <alignment>0x1</alignment>
         <input_file_ref idref="fl-19"/>
      </object_component>
      <object_component id="oc-15e">
         <name>.debug_abbrev</name>
         <load_address>0xc33</load_address>
         <run_address>0xc33</run_address>
         <size>0x27f</size>
         <alignment>0x1</alignment>
         <input_file_ref idref="fl-1a"/>
      </object_component>
      <object_component id="oc-40">
         <name>.debug_abbrev</name>
         <load_address>0xeb2</load_address>
         <run_address>0xeb2</run_address>
         <size>0xaf</size>
         <alignment>0x1</alignment>
         <input_file_ref idref="fl-29"/>
      </object_component>
      <object_component id="oc-f5">
         <name>.debug_abbrev</name>
         <load_address>0xf61</load_address>
         <run_address>0xf61</run_address>
         <size>0x186</size>
         <alignment>0x1</alignment>
         <input_file_ref idref="fl-2b"/>
      </object_component>
      <object_component id="oc-a3">
         <name>.debug_abbrev</name>
         <load_address>0x10e7</load_address>
         <run_address>0x10e7</run_address>
         <size>0x39</size>
         <alignment>0x1</alignment>
         <input_file_ref idref="fl-2c"/>
      </object_component>
      <object_component id="oc-7b">
         <name>.debug_abbrev</name>
         <load_address>0x1120</load_address>
         <run_address>0x1120</run_address>
         <size>0xc2</size>
         <alignment>0x1</alignment>
         <input_file_ref idref="fl-2e"/>
      </object_component>
      <object_component id="oc-ef">
         <name>.debug_abbrev</name>
         <load_address>0x11e2</load_address>
         <run_address>0x11e2</run_address>
         <size>0xb3</size>
         <alignment>0x1</alignment>
         <input_file_ref idref="fl-31"/>
      </object_component>
      <object_component id="oc-166">
         <name>.debug_abbrev</name>
         <load_address>0x1295</load_address>
         <run_address>0x1295</run_address>
         <size>0x27</size>
         <alignment>0x1</alignment>
         <input_file_ref idref="fl-a0"/>
      </object_component>
      <object_component id="oc-167">
         <name>.debug_abbrev</name>
         <load_address>0x12bc</load_address>
         <run_address>0x12bc</run_address>
         <size>0x59</size>
         <alignment>0x1</alignment>
         <input_file_ref idref="fl-a3"/>
      </object_component>
      <object_component id="oc-1af">
         <name>.debug_abbrev</name>
         <load_address>0x1315</load_address>
         <run_address>0x1315</run_address>
         <size>0xf</size>
         <alignment>0x0</alignment>
      </object_component>
      <object_component id="oc-38">
         <name>.debug_info</name>
         <load_address>0x0</load_address>
         <run_address>0x0</run_address>
         <size>0xf8c</size>
         <alignment>0x1</alignment>
         <input_file_ref idref="fl-1"/>
      </object_component>
      <object_component id="oc-89">
         <name>.debug_info</name>
         <load_address>0xf8c</load_address>
         <run_address>0xf8c</run_address>
         <size>0x9a7</size>
         <alignment>0x1</alignment>
         <input_file_ref idref="fl-2"/>
      </object_component>
      <object_component id="oc-a6">
         <name>.debug_info</name>
         <load_address>0x1933</load_address>
         <run_address>0x1933</run_address>
         <size>0x4608</size>
         <alignment>0x1</alignment>
         <input_file_ref idref="fl-3"/>
      </object_component>
      <object_component id="oc-19">
         <name>.debug_info</name>
         <load_address>0x5f3b</load_address>
         <run_address>0x5f3b</run_address>
         <size>0x80</size>
         <alignment>0x1</alignment>
         <input_file_ref idref="fl-4"/>
      </object_component>
      <object_component id="oc-3a">
         <name>.debug_info</name>
         <load_address>0x5fbb</load_address>
         <run_address>0x5fbb</run_address>
         <size>0x1131</size>
         <alignment>0x1</alignment>
         <input_file_ref idref="fl-5"/>
      </object_component>
      <object_component id="oc-63">
         <name>.debug_info</name>
         <load_address>0x70ec</load_address>
         <run_address>0x70ec</run_address>
         <size>0xe7f</size>
         <alignment>0x1</alignment>
         <input_file_ref idref="fl-8"/>
      </object_component>
      <object_component id="oc-105">
         <name>.debug_info</name>
         <load_address>0x7f6b</load_address>
         <run_address>0x7f6b</run_address>
         <size>0x75</size>
         <alignment>0x1</alignment>
         <input_file_ref idref="fl-17"/>
      </object_component>
      <object_component id="oc-6b">
         <name>.debug_info</name>
         <load_address>0x7fe0</load_address>
         <run_address>0x7fe0</run_address>
         <size>0xca0</size>
         <alignment>0x1</alignment>
         <input_file_ref idref="fl-18"/>
      </object_component>
      <object_component id="oc-ea">
         <name>.debug_info</name>
         <load_address>0x8c80</load_address>
         <run_address>0x8c80</run_address>
         <size>0x2f7d</size>
         <alignment>0x1</alignment>
         <input_file_ref idref="fl-19"/>
      </object_component>
      <object_component id="oc-13a">
         <name>.debug_info</name>
         <load_address>0xbbfd</load_address>
         <run_address>0xbbfd</run_address>
         <size>0x1259</size>
         <alignment>0x1</alignment>
         <input_file_ref idref="fl-1a"/>
      </object_component>
      <object_component id="oc-1b">
         <name>.debug_info</name>
         <load_address>0xce56</load_address>
         <run_address>0xce56</run_address>
         <size>0x423</size>
         <alignment>0x1</alignment>
         <input_file_ref idref="fl-29"/>
      </object_component>
      <object_component id="oc-bd">
         <name>.debug_info</name>
         <load_address>0xd279</load_address>
         <run_address>0xd279</run_address>
         <size>0x74a</size>
         <alignment>0x1</alignment>
         <input_file_ref idref="fl-2b"/>
      </object_component>
      <object_component id="oc-83">
         <name>.debug_info</name>
         <load_address>0xd9c3</load_address>
         <run_address>0xd9c3</run_address>
         <size>0x46</size>
         <alignment>0x1</alignment>
         <input_file_ref idref="fl-2c"/>
      </object_component>
      <object_component id="oc-53">
         <name>.debug_info</name>
         <load_address>0xda09</load_address>
         <run_address>0xda09</run_address>
         <size>0x192</size>
         <alignment>0x1</alignment>
         <input_file_ref idref="fl-2e"/>
      </object_component>
      <object_component id="oc-b5">
         <name>.debug_info</name>
         <load_address>0xdb9b</load_address>
         <run_address>0xdb9b</run_address>
         <size>0xed</size>
         <alignment>0x1</alignment>
         <input_file_ref idref="fl-31"/>
      </object_component>
      <object_component id="oc-149">
         <name>.debug_info</name>
         <load_address>0xdc88</load_address>
         <run_address>0xdc88</run_address>
         <size>0x1c1</size>
         <alignment>0x1</alignment>
         <input_file_ref idref="fl-a0"/>
      </object_component>
      <object_component id="oc-162">
         <name>.debug_info</name>
         <load_address>0xde49</load_address>
         <run_address>0xde49</run_address>
         <size>0x85</size>
         <alignment>0x1</alignment>
         <input_file_ref idref="fl-a3"/>
      </object_component>
      <object_component id="oc-1ae">
         <name>.debug_info</name>
         <load_address>0xdece</load_address>
         <run_address>0xdece</run_address>
         <size>0xa8</size>
         <alignment>0x0</alignment>
      </object_component>
      <object_component id="oc-36">
         <name>.debug_ranges</name>
         <load_address>0x0</load_address>
         <run_address>0x0</run_address>
         <size>0x38</size>
         <alignment>0x1</alignment>
         <input_file_ref idref="fl-1"/>
      </object_component>
      <object_component id="oc-88">
         <name>.debug_ranges</name>
         <load_address>0x38</load_address>
         <run_address>0x38</run_address>
         <size>0x20</size>
         <alignment>0x1</alignment>
         <input_file_ref idref="fl-2"/>
      </object_component>
      <object_component id="oc-a7">
         <name>.debug_ranges</name>
         <load_address>0x58</load_address>
         <run_address>0x58</run_address>
         <size>0x1c0</size>
         <alignment>0x1</alignment>
         <input_file_ref idref="fl-3"/>
      </object_component>
      <object_component id="oc-30">
         <name>.debug_ranges</name>
         <load_address>0x218</load_address>
         <run_address>0x218</run_address>
         <size>0x18</size>
         <alignment>0x1</alignment>
         <input_file_ref idref="fl-4"/>
      </object_component>
      <object_component id="oc-3d">
         <name>.debug_ranges</name>
         <load_address>0x230</load_address>
         <run_address>0x230</run_address>
         <size>0xb8</size>
         <alignment>0x1</alignment>
         <input_file_ref idref="fl-5"/>
      </object_component>
      <object_component id="oc-98">
         <name>.debug_ranges</name>
         <load_address>0x2e8</load_address>
         <run_address>0x2e8</run_address>
         <size>0x30</size>
         <alignment>0x1</alignment>
         <input_file_ref idref="fl-8"/>
      </object_component>
      <object_component id="oc-6e">
         <name>.debug_ranges</name>
         <load_address>0x318</load_address>
         <run_address>0x318</run_address>
         <size>0x1d8</size>
         <alignment>0x1</alignment>
         <input_file_ref idref="fl-18"/>
      </object_component>
      <object_component id="oc-eb">
         <name>.debug_ranges</name>
         <load_address>0x4f0</load_address>
         <run_address>0x4f0</run_address>
         <size>0x170</size>
         <alignment>0x1</alignment>
         <input_file_ref idref="fl-19"/>
      </object_component>
      <object_component id="oc-136">
         <name>.debug_ranges</name>
         <load_address>0x660</load_address>
         <run_address>0x660</run_address>
         <size>0x190</size>
         <alignment>0x1</alignment>
         <input_file_ref idref="fl-1a"/>
      </object_component>
      <object_component id="oc-43">
         <name>.debug_ranges</name>
         <load_address>0x7f0</load_address>
         <run_address>0x7f0</run_address>
         <size>0x48</size>
         <alignment>0x1</alignment>
         <input_file_ref idref="fl-29"/>
      </object_component>
      <object_component id="oc-be">
         <name>.debug_ranges</name>
         <load_address>0x838</load_address>
         <run_address>0x838</run_address>
         <size>0xa8</size>
         <alignment>0x1</alignment>
         <input_file_ref idref="fl-2b"/>
      </object_component>
      <object_component id="oc-51">
         <name>.debug_ranges</name>
         <load_address>0x8e0</load_address>
         <run_address>0x8e0</run_address>
         <size>0x18</size>
         <alignment>0x1</alignment>
         <input_file_ref idref="fl-2e"/>
      </object_component>
      <object_component id="oc-b8">
         <name>.debug_ranges</name>
         <load_address>0x8f8</load_address>
         <run_address>0x8f8</run_address>
         <size>0x18</size>
         <alignment>0x1</alignment>
         <input_file_ref idref="fl-31"/>
      </object_component>
      <object_component id="oc-165">
         <name>.debug_ranges</name>
         <load_address>0x910</load_address>
         <run_address>0x910</run_address>
         <size>0x18</size>
         <alignment>0x1</alignment>
         <input_file_ref idref="fl-a3"/>
      </object_component>
      <object_component id="oc-65">
         <name>.debug_str</name>
         <load_address>0x0</load_address>
         <run_address>0x0</run_address>
         <size>0x87f</size>
         <alignment>0x1</alignment>
         <input_file_ref idref="fl-1"/>
      </object_component>
      <object_component id="oc-b3">
         <name>.debug_str</name>
         <load_address>0x87f</load_address>
         <run_address>0x87f</run_address>
         <size>0x70d</size>
         <alignment>0x1</alignment>
         <input_file_ref idref="fl-2"/>
      </object_component>
      <object_component id="oc-e2">
         <name>.debug_str</name>
         <load_address>0xf8c</load_address>
         <run_address>0xf8c</run_address>
         <size>0x3158</size>
         <alignment>0x1</alignment>
         <input_file_ref idref="fl-3"/>
      </object_component>
      <object_component id="oc-3f">
         <name>.debug_str</name>
         <load_address>0x40e4</load_address>
         <run_address>0x40e4</run_address>
         <size>0x15f</size>
         <alignment>0x1</alignment>
         <input_file_ref idref="fl-4"/>
      </object_component>
      <object_component id="oc-78">
         <name>.debug_str</name>
         <load_address>0x4243</load_address>
         <run_address>0x4243</run_address>
         <size>0xddc</size>
         <alignment>0x1</alignment>
         <input_file_ref idref="fl-5"/>
      </object_component>
      <object_component id="oc-96">
         <name>.debug_str</name>
         <load_address>0x501f</load_address>
         <run_address>0x501f</run_address>
         <size>0x72c</size>
         <alignment>0x1</alignment>
         <input_file_ref idref="fl-8"/>
      </object_component>
      <object_component id="oc-15a">
         <name>.debug_str</name>
         <load_address>0x574b</load_address>
         <run_address>0x574b</run_address>
         <size>0x177</size>
         <alignment>0x1</alignment>
         <input_file_ref idref="fl-17"/>
      </object_component>
      <object_component id="oc-9a">
         <name>.debug_str</name>
         <load_address>0x58c2</load_address>
         <run_address>0x58c2</run_address>
         <size>0x8b9</size>
         <alignment>0x1</alignment>
         <input_file_ref idref="fl-18"/>
      </object_component>
      <object_component id="oc-14f">
         <name>.debug_str</name>
         <load_address>0x617b</load_address>
         <run_address>0x617b</run_address>
         <size>0x1c27</size>
         <alignment>0x1</alignment>
         <input_file_ref idref="fl-19"/>
      </object_component>
      <object_component id="oc-15f">
         <name>.debug_str</name>
         <load_address>0x7da2</load_address>
         <run_address>0x7da2</run_address>
         <size>0xced</size>
         <alignment>0x1</alignment>
         <input_file_ref idref="fl-1a"/>
      </object_component>
      <object_component id="oc-41">
         <name>.debug_str</name>
         <load_address>0x8a8f</load_address>
         <run_address>0x8a8f</run_address>
         <size>0x225</size>
         <alignment>0x1</alignment>
         <input_file_ref idref="fl-29"/>
      </object_component>
      <object_component id="oc-f6">
         <name>.debug_str</name>
         <load_address>0x8cb4</load_address>
         <run_address>0x8cb4</run_address>
         <size>0x32f</size>
         <alignment>0x1</alignment>
         <input_file_ref idref="fl-2b"/>
      </object_component>
      <object_component id="oc-a4">
         <name>.debug_str</name>
         <load_address>0x8fe3</load_address>
         <run_address>0x8fe3</run_address>
         <size>0xf5</size>
         <alignment>0x1</alignment>
         <input_file_ref idref="fl-2c"/>
      </object_component>
      <object_component id="oc-7c">
         <name>.debug_str</name>
         <load_address>0x90d8</load_address>
         <run_address>0x90d8</run_address>
         <size>0x19b</size>
         <alignment>0x1</alignment>
         <input_file_ref idref="fl-2e"/>
      </object_component>
      <object_component id="oc-f0">
         <name>.debug_str</name>
         <load_address>0x9273</load_address>
         <run_address>0x9273</run_address>
         <size>0x13f</size>
         <alignment>0x1</alignment>
         <input_file_ref idref="fl-31"/>
      </object_component>
      <object_component id="oc-168">
         <name>.debug_str</name>
         <load_address>0x93b2</load_address>
         <run_address>0x93b2</run_address>
         <size>0x198</size>
         <alignment>0x1</alignment>
         <input_file_ref idref="fl-a3"/>
      </object_component>
      <object_component id="oc-37">
         <name>.debug_frame</name>
         <load_address>0x0</load_address>
         <run_address>0x0</run_address>
         <size>0x94</size>
         <alignment>0x4</alignment>
         <input_file_ref idref="fl-1"/>
      </object_component>
      <object_component id="oc-87">
         <name>.debug_frame</name>
         <load_address>0x94</load_address>
         <run_address>0x94</run_address>
         <size>0x54</size>
         <alignment>0x4</alignment>
         <input_file_ref idref="fl-2"/>
      </object_component>
      <object_component id="oc-a9">
         <name>.debug_frame</name>
         <load_address>0xe8</load_address>
         <run_address>0xe8</run_address>
         <size>0x508</size>
         <alignment>0x4</alignment>
         <input_file_ref idref="fl-3"/>
      </object_component>
      <object_component id="oc-31">
         <name>.debug_frame</name>
         <load_address>0x5f0</load_address>
         <run_address>0x5f0</run_address>
         <size>0x30</size>
         <alignment>0x4</alignment>
         <input_file_ref idref="fl-4"/>
      </object_component>
      <object_component id="oc-3b">
         <name>.debug_frame</name>
         <load_address>0x620</load_address>
         <run_address>0x620</run_address>
         <size>0x240</size>
         <alignment>0x4</alignment>
         <input_file_ref idref="fl-5"/>
      </object_component>
      <object_component id="oc-ad">
         <name>.debug_frame</name>
         <load_address>0x860</load_address>
         <run_address>0x860</run_address>
         <size>0x8c</size>
         <alignment>0x4</alignment>
         <input_file_ref idref="fl-8"/>
      </object_component>
      <object_component id="oc-107">
         <name>.debug_frame</name>
         <load_address>0x8ec</load_address>
         <run_address>0x8ec</run_address>
[...]
               <logical_group_ref idref="lg-5"/>
            </allocated_space>
            <available_space>
               <start_address>0x1ff0</start_address>
               <size>0x1e010</size>
            </available_space>
         </usage_details>
      </memory_area>
      <memory_area display="yes" color="green">
         <name>SRAM</name>
         <page_id>0x0</page_id>
         <origin>0x20200000</origin>
         <length>0x8000</length>
         <used_space>0x439</used_space>
         <unused_space>0x7bc7</unused_space>
         <attributes>RWX</attributes>
         <usage_details>
            <allocated_space>
               <start_address>0x20200000</start_address>
               <size>0x0</size>
               <logical_group_ref idref="lg-16f"/>
            </allocated_space>
            <allocated_space>
               <start_address>0x20200000</start_address>
               <size>0x0</size>
               <logical_group_ref idref="lg-171"/>
            </allocated_space>
            <allocated_space>
               <start_address>0x20200000</start_address>
               <size>0x239</size>
               <logical_group_ref idref="lg-f"/>
            </allocated_space>
            <available_space>
               <start_address>0x20200239</start_address>
               <size>0x7bc7</size>
            </available_space>
            <allocated_space>
               <start_address>0x20207e00</start_address>
               <size>0x200</size>
               <logical_group_ref idref="lg-11"/>
            </allocated_space>
         </usage_details>
      </memory_area>
      <memory_area display="yes" color="green">
         <name>BCR_CONFIG</name>
         <page_id>0x0</page_id>
         <origin>0x41c00000</origin>
         <length>0x80</length>
         <used_space>0x0</used_space>
         <unused_space>0x80</unused_space>
         <attributes>R</attributes>
         <usage_details>
         </usage_details>
      </memory_area>
      <memory_area display="yes" color="green">
         <name>BSL_CONFIG</name>
         <page_id>0x0</page_id>
         <origin>0x41c00100</origin>
         <length>0x80</length>
         <used_space>0x0</used_space>
         <unused_space>0x80</unused_space>
         <attributes>R</attributes>
         <usage_details>
         </usage_details>
      </memory_area>
   </placement_map>
   <cptbl_list>
      <cptbl>
         <name>__TI_cinit_table</name>
         <cprec>
            <name>.bss</name>
            <load_address>0x1fd8</load_address>
            <load_size>0x8</load_size>
            <run_address>0x20200000</run_address>
            <run_size>0x239</run_size>
            <compression>zero_init</compression>
         </cprec>
      </cptbl>
   </cptbl_list>
   <handler_table>
      <handler_table_name>__TI_handler_table</handler_table_name>
      <handler>
         <index>0x0</index>
         <name>__TI_zero_init</name>
      </handler>
   </handler_table>
   <symbol_table>
      <symbol id="sm-1">
         <name>__start___llvm_prf_cnts</name>
         <value>0x20200000</value>
      </symbol>
      <symbol id="sm-2">
         <name>__stop___llvm_prf_cnts</name>
         <value>0x20200000</value>
      </symbol>
      <symbol id="sm-3">
         <name>__start___llvm_prf_bits</name>
         <value>0x20200000</value>
      </symbol>
      <symbol id="sm-4">
         <name>__stop___llvm_prf_bits</name>
         <value>0x20200000</value>
      </symbol>
      <symbol id="sm-5">
         <name>__TI_CINIT_Base</name>
         <value>0x1fe4</value>
      </symbol>
      <symbol id="sm-6">
         <name>__TI_CINIT_Limit</name>
         <value>0x1fec</value>
      </symbol>
      <symbol id="sm-7">
         <name>__TI_CINIT_Warm</name>
         <value>0x1fec</value>
      </symbol>
      <symbol id="sm-8">
         <name>__TI_Handler_Table_Base</name>
         <value>0x1fe0</value>
      </symbol>
      <symbol id="sm-9">
         <name>__TI_Handler_Table_Limit</name>
         <value>0x1fe4</value>
      </symbol>
      <symbol id="sm-a">
         <name>binit</name>
         <value>0xffffffff</value>
      </symbol>
      <symbol id="sm-b">
         <name>__binit__</name>
         <value>0xffffffff</value>
      </symbol>
      <symbol id="sm-c">
         <name>__STACK_SIZE</name>
         <value>0x200</value>
      </symbol>
      <symbol id="sm-d">
         <name>__STACK_END</name>
         <value>0x20208000</value>
      </symbol>
      <symbol id="sm-e">
         <name>__TI_pprof_out_hndl</name>
         <value>0xffffffff</value>
      </symbol>
      <symbol id="sm-f">
         <name>__TI_prof_data_start</name>
         <value>0xffffffff</value>
      </symbol>
      <symbol id="sm-10">
         <name>__TI_prof_data_size</name>
         <value>0xffffffff</value>
      </symbol>
      <symbol id="sm-43">
         <name>GROUP1_IRQHandler</name>
         <value>0x86d</value>
         <object_component_ref idref="oc-34"/>
      </symbol>
      <symbol id="sm-56">
         <name>main</name>
         <value>0xaed</value>
         <object_component_ref idref="oc-86"/>
      </symbol>
      <symbol id="sm-137">
         <name>SYSCFG_DL_init</name>
         <value>0xd7d</value>
         <object_component_ref idref="oc-a5"/>
      </symbol>
      <symbol id="sm-138">
         <name>SYSCFG_DL_initPower</name>
         <value>0x7bd</value>
         <object_component_ref idref="oc-d4"/>
      </symbol>
      <symbol id="sm-139">
         <name>SYSCFG_DL_GPIO_init</name>
         <value>0xc1</value>
         <object_component_ref idref="oc-d5"/>
      </symbol>
      <symbol id="sm-13a">
         <name>SYSCFG_DL_SYSCTL_init</name>
         <value>0x1111</value>
         <object_component_ref idref="oc-d6"/>
      </symbol>
      <symbol id="sm-13b">
         <name>SYSCFG_DL_PWM_0_init</name>
         <value>0x8f5</value>
         <object_component_ref idref="oc-d7"/>
      </symbol>
      <symbol id="sm-13c">
         <name>SYSCFG_DL_PWM_1_init</name>
         <value>0x979</value>
         <object_component_ref idref="oc-d8"/>
      </symbol>
      <symbol id="sm-13d">
         <name>SYSCFG_DL_ENCODER_TIM0_init</name>
         <value>0xff9</value>
         <object_component_ref idref="oc-d9"/>
      </symbol>
      <symbol id="sm-13e">
         <name>SYSCFG_DL_ENCODER_TIM1_init</name>
         <value>0x102d</value>
         <object_component_ref idref="oc-da"/>
      </symbol>
      <symbol id="sm-13f">
         <name>SYSCFG_DL_I2C_OLED_init</name>
         <value>0xbc5</value>
         <object_component_ref idref="oc-db"/>
      </symbol>
      <symbol id="sm-140">
         <name>SYSCFG_DL_grayscale_init</name>
         <value>0xe51</value>
         <object_component_ref idref="oc-dc"/>
      </symbol>
      <symbol id="sm-141">
         <name>SYSCFG_DL_Gyroscpe_init</name>
         <value>0xe11</value>
         <object_component_ref idref="oc-dd"/>
      </symbol>
      <symbol id="sm-142">
         <name>gPWM_0Backup</name>
         <value>0x20200000</value>
      </symbol>
      <symbol id="sm-143">
         <name>gPWM_1Backup</name>
         <value>0x202000bc</value>
      </symbol>
      <symbol id="sm-144">
         <name>gENCODER_TIM1Backup</name>
         <value>0x20200178</value>
      </symbol>
      <symbol id="sm-14f">
         <name>Default_Handler</name>
         <value>0x173b</value>
         <object_component_ref idref="oc-33"/>
      </symbol>
      <symbol id="sm-150">
         <name>Reset_Handler</name>
         <value>0x173f</value>
         <object_component_ref idref="oc-2f"/>
      </symbol>
      <symbol id="sm-151">
         <name>interruptVectors</name>
         <value>0x0</value>
         <object_component_ref idref="oc-18"/>
      </symbol>
      <symbol id="sm-152">
         <name>NMI_Handler</name>
         <value>0x173b</value>
         <object_component_ref idref="oc-33"/>
      </symbol>
      <symbol id="sm-153">
         <name>HardFault_Handler</name>
         <value>0x173b</value>
         <object_component_ref idref="oc-33"/>
      </symbol>
      <symbol id="sm-154">
         <name>SVC_Handler</name>
         <value>0x173b</value>
         <object_component_ref idref="oc-33"/>
      </symbol>
      <symbol id="sm-155">
         <name>PendSV_Handler</name>
         <value>0x173b</value>
         <object_component_ref idref="oc-33"/>
      </symbol>
      <symbol id="sm-156">
         <name>SysTick_Handler</name>
         <value>0x173b</value>
         <object_component_ref idref="oc-33"/>
      </symbol>
      <symbol id="sm-157">
         <name>GROUP0_IRQHandler</name>
         <value>0x173b</value>
         <object_component_ref idref="oc-33"/>
      </symbol>
      <symbol id="sm-158">
         <name>TIMG8_IRQHandler</name>
         <value>0x173b</value>
         <object_component_ref idref="oc-33"/>
      </symbol>
      <symbol id="sm-159">
         <name>UART3_IRQHandler</name>
         <value>0x173b</value>
         <object_component_ref idref="oc-33"/>
      </symbol>
      <symbol id="sm-15a">
         <name>ADC0_IRQHandler</name>
         <value>0x173b</value>
         <object_component_ref idref="oc-33"/>
      </symbol>
      <symbol id="sm-15b">
         <name>ADC1_IRQHandler</name>
         <value>0x173b</value>
         <object_component_ref idref="oc-33"/>
      </symbol>
      <symbol id="sm-15c">
         <name>CANFD0_IRQHandler</name>
         <value>0x173b</value>
         <object_component_ref idref="oc-33"/>
      </symbol>
      <symbol id="sm-15d">
         <name>DAC0_IRQHandler</name>
         <value>0x173b</value>
         <object_component_ref idref="oc-33"/>
      </symbol>
      <symbol id="sm-15e">
         <name>SPI0_IRQHandler</name>
         <value>0x173b</value>
         <object_component_ref idref="oc-33"/>
      </symbol>
      <symbol id="sm-15f">
         <name>SPI1_IRQHandler</name>
         <value>0x173b</value>
         <object_component_ref idref="oc-33"/>
      </symbol>
      <symbol id="sm-160">
         <name>UART1_IRQHandler</name>
         <value>0x173b</value>
         <object_component_ref idref="oc-33"/>
      </symbol>
      <symbol id="sm-161">
         <name>UART2_IRQHandler</name>
         <value>0x173b</value>
         <object_component_ref idref="oc-33"/>
      </symbol>
      <symbol id="sm-162">
         <name>UART0_IRQHandler</name>
         <value>0x173b</value>
         <object_component_ref idref="oc-33"/>
      </symbol>
      <symbol id="sm-163">
         <name>TIMG0_IRQHandler</name>
         <value>0x173b</value>
         <object_component_ref idref="oc-33"/>
      </symbol>
      <symbol id="sm-164">
         <name>TIMG6_IRQHandler</name>
         <value>0x173b</value>
         <object_component_ref idref="oc-33"/>
      </symbol>
      <symbol id="sm-165">
         <name>TIMA0_IRQHandler</name>
         <value>0x173b</value>
         <object_component_ref idref="oc-33"/>
      </symbol>
      <symbol id="sm-166">
         <name>TIMA1_IRQHandler</name>
         <value>0x173b</value>
         <object_component_ref idref="oc-33"/>
      </symbol>
      <symbol id="sm-167">
         <name>TIMG7_IRQHandler</name>
         <value>0x173b</value>
         <object_component_ref idref="oc-33"/>
      </symbol>
      <symbol id="sm-168">
         <name>TIMG12_IRQHandler</name>
         <value>0x173b</value>
         <object_component_ref idref="oc-33"/>
      </symbol>
      <symbol id="sm-169">
         <name>I2C1_IRQHandler</name>
         <value>0x173b</value>
         <object_component_ref idref="oc-33"/>
      </symbol>
      <symbol id="sm-16a">
         <name>AES_IRQHandler</name>
         <value>0x173b</value>
         <object_component_ref idref="oc-33"/>
      </symbol>
      <symbol id="sm-16b">
         <name>RTC_IRQHandler</name>
         <value>0x173b</value>
         <object_component_ref idref="oc-33"/>
      </symbol>
      <symbol id="sm-16c">
         <name>DMA_IRQHandler</name>
         <value>0x173b</value>
         <object_component_ref idref="oc-33"/>
      </symbol>
      <symbol id="sm-1a6">
         <name>delay_ms</name>
         <value>0x1251</value>
         <object_component_ref idref="oc-e3"/>
      </symbol>
      <symbol id="sm-1a7">
         <name>OLED_WR_Byte</name>
         <value>0x61d</value>
         <object_component_ref idref="oc-e5"/>
      </symbol>
      <symbol id="sm-1a8">
         <name>gI2cControllerStatus</name>
         <value>0x20200238</value>
      </symbol>
      <symbol id="sm-1a9">
         <name>gTxLen</name>
         <value>0x20200234</value>
      </symbol>
      <symbol id="sm-1aa">
         <name>gTxPacket</name>
         <value>0x20200218</value>
      </symbol>
      <symbol id="sm-1ab">
         <name>gTxCount</name>
         <value>0x20200230</value>
      </symbol>
      <symbol id="sm-1ac">
         <name>OLED_Set_Pos</name>
         <value>0xf4d</value>
         <object_component_ref idref="oc-145"/>
      </symbol>
      <symbol id="sm-1ad">
         <name>OLED_Clear</name>
         <value>0xb59</value>
         <object_component_ref idref="oc-e6"/>
      </symbol>
      <symbol id="sm-1ae">
         <name>OLED_ShowChar</name>
         <value>0x31d</value>
         <object_component_ref idref="oc-e7"/>
      </symbol>
      <symbol id="sm-1af">
         <name>asc2_1608</name>
         <value>0x1750</value>
         <object_component_ref idref="oc-14a"/>
      </symbol>
      <symbol id="sm-1b0">
         <name>asc2_0806</name>
         <value>0x1d40</value>
         <object_component_ref idref="oc-14b"/>
      </symbol>
      <symbol id="sm-1b1">
         <name>OLED_ShowString</name>
         <value>0xa7d</value>
         <object_component_ref idref="oc-ab"/>
      </symbol>
      <symbol id="sm-1b2">
         <name>OLED_Init</name>
         <value>0x435</value>
         <object_component_ref idref="oc-aa"/>
      </symbol>
      <symbol id="sm-1b3">
         <name>I2C0_IRQHandler</name>
         <value>0x1f1</value>
         <object_component_ref idref="oc-39"/>
      </symbol>
      <symbol id="sm-1b4">
         <name>gRxCount</name>
         <value>0x20200228</value>
      </symbol>
      <symbol id="sm-1b5">
         <name>gRxLen</name>
         <value>0x2020022c</value>
      </symbol>
      <symbol id="sm-1b6">
         <name>gRxPacket</name>
         <value>0x20200208</value>
      </symbol>
      <symbol id="sm-1ce">
         <name>gpio_set</name>
         <value>0x10e5</value>
         <object_component_ref idref="oc-e8"/>
      </symbol>
      <symbol id="sm-1cf">
         <name>motor_init</name>
         <value>0xc89</value>
         <object_component_ref idref="oc-ac"/>
      </symbol>
      <symbol id="sm-1d0">
         <name>motor_duty</name>
         <value>0xed1</value>
         <object_component_ref idref="oc-ae"/>
      </symbol>
      <symbol id="sm-1d1">
         <name>motor</name>
         <value>0x202001f0</value>
      </symbol>
      <symbol id="sm-1d3">
         <name>__TI_ATRegion0_src_addr</name>
         <value>0x0</value>
      </symbol>
      <symbol id="sm-1d4">
         <name>__TI_ATRegion0_trg_addr</name>
         <value>0x0</value>
      </symbol>
      <symbol id="sm-1d5">
         <name>__TI_ATRegion0_region_sz</name>
         <value>0x0</value>
      </symbol>
      <symbol id="sm-1d6">
         <name>__TI_ATRegion1_src_addr</name>
         <value>0x0</value>
      </symbol>
      <symbol id="sm-1d7">
         <name>__TI_ATRegion1_trg_addr</name>
         <value>0x0</value>
      </symbol>
      <symbol id="sm-1d8">
         <name>__TI_ATRegion1_region_sz</name>
         <value>0x0</value>
      </symbol>
      <symbol id="sm-1d9">
         <name>__TI_ATRegion2_src_addr</name>
         <value>0x0</value>
      </symbol>
      <symbol id="sm-1da">
         <name>__TI_ATRegion2_trg_addr</name>
         <value>0x0</value>
      </symbol>
      <symbol id="sm-1db">
         <name>__TI_ATRegion2_region_sz</name>
         <value>0x0</value>
      </symbol>
      <symbol id="sm-1e4">
         <name>DL_Common_delayCycles</name>
         <value>0x1731</value>
         <object_component_ref idref="oc-104"/>
      </symbol>
      <symbol id="sm-1f0">
         <name>DL_I2C_setClockConfig</name>
         <value>0x122b</value>
         <object_component_ref idref="oc-12a"/>
      </symbol>
      <symbol id="sm-1f1">
         <name>DL_I2C_fillControllerTXFIFO</name>
         <value>0xc29</value>
         <object_component_ref idref="oc-6a"/>
      </symbol>
      <symbol id="sm-210">
         <name>DL_Timer_setClockConfig</name>
         <value>0x143d</value>
         <object_component_ref idref="oc-11a"/>
      </symbol>
      <symbol id="sm-211">
         <name>DL_Timer_initTimerMode</name>
         <value>0x535</value>
         <object_component_ref idref="oc-124"/>
      </symbol>
      <symbol id="sm-212">
         <name>DL_Timer_setCaptureCompareValue</name>
         <value>0x1721</value>
         <object_component_ref idref="oc-e9"/>
      </symbol>
      <symbol id="sm-213">
         <name>DL_Timer_initPWMMode</name>
         <value>0x6f9</value>
         <object_component_ref idref="oc-15d"/>
      </symbol>
      <symbol id="sm-214">
         <name>DL_Timer_setCaptureCompareOutCtl</name>
         <value>0x15c1</value>
         <object_component_ref idref="oc-11c"/>
      </symbol>
      <symbol id="sm-215">
         <name>DL_Timer_setCaptCompUpdateMethod</name>
         <value>0x1421</value>
         <object_component_ref idref="oc-11d"/>
      </symbol>
      <symbol id="sm-216">
         <name>DL_TimerA_initPWMMode</name>
         <value>0x9fd</value>
         <object_component_ref idref="oc-11b"/>
      </symbol>
      <symbol id="sm-223">
         <name>DL_UART_init</name>
         <value>0xdc9</value>
         <object_component_ref idref="oc-13b"/>
      </symbol>
      <symbol id="sm-224">
         <name>DL_UART_setClockConfig</name>
         <value>0x16ff</value>
         <object_component_ref idref="oc-135"/>
      </symbol>
      <symbol id="sm-22f">
         <name>_c_int00_noargs</name>
         <value>0x11dd</value>
         <object_component_ref idref="oc-59"/>
      </symbol>
      <symbol id="sm-230">
         <name>__stack</name>
         <value>0x20207e00</value>
         <object_component_ref idref="oc-1a"/>
      </symbol>
      <symbol id="sm-23c">
         <name>__TI_auto_init_nobinit_nopinit</name>
         <value>0xf89</value>
         <object_component_ref idref="oc-bb"/>
      </symbol>
      <symbol id="sm-244">
         <name>_system_pre_init</name>
         <value>0x1743</value>
         <object_component_ref idref="oc-82"/>
      </symbol>
      <symbol id="sm-24f">
         <name>__TI_zero_init_nomemset</name>
         <value>0x1635</value>
         <object_component_ref idref="oc-50"/>
      </symbol>
      <symbol id="sm-25b">
         <name>abort</name>
         <value>0x1747</value>
         <object_component_ref idref="oc-b4"/>
      </symbol>
      <symbol id="sm-25c">
         <name>C$$EXIT</name>
         <value>0x1746</value>
         <object_component_ref idref="oc-b4"/>
      </symbol>
      <symbol id="sm-264">
         <name>__aeabi_uidiv</name>
         <value>0xe91</value>
         <object_component_ref idref="oc-146"/>
      </symbol>
      <symbol id="sm-265">
         <name>__aeabi_uidivmod</name>
         <value>0xe91</value>
         <object_component_ref idref="oc-146"/>
      </symbol>
      <symbol id="sm-26f">
         <name>__aeabi_idiv0</name>
         <value>0xbc3</value>
         <object_component_ref idref="oc-161"/>
      </symbol>
      <symbol id="sm-270">
         <name>__TI_static_base__</name>
         <value>0x0</value>
      </symbol>
      <symbol id="sm-272">
         <name>__mpu_init</name>
         <value>0x0</value>
      </symbol>
      <symbol id="sm-273">
         <name>_system_post_cinit</name>
         <value>0x0</value>
      </symbol>
   </symbol_table>
   <title>Link successful</title>
</link_info>
