******************************************************************************
            TI ARM Clang Linker PC v3.2.2                      
******************************************************************************
>> Linked Sat May 17 19:12:50 2025

OUTPUT FILE NAME:   <24H_01_init_to_hardware.out>
ENTRY POINT SYMBOL: "_c_int00_noargs"  address: 00000c49


MEMORY CONFIGURATION

         name            origin    length      used     unused   attr    fill
----------------------  --------  ---------  --------  --------  ----  --------
  FLASH                 00000000   00020000  000012c8  0001ed38  R  X
  SRAM                  20200000   00008000  0000033e  00007cc2  RW X
  BCR_CONFIG            41c00000   00000080  00000000  00000080  R   
  BSL_CONFIG            41c00100   00000080  00000000  00000080  R   


SEGMENT ALLOCATION MAP

run origin  load origin   length   init length attrs members
----------  ----------- ---------- ----------- ----- -------
00000000    00000000    000012c8   000012c8    r-x
  00000000    00000000    000000c0   000000c0    r-- .intvecs
  000000c0    000000c0    00001168   00001168    r-x .text
  00001228    00001228    00000070   00000070    r-- .rodata
  00001298    00001298    00000030   00000030    r-- .cinit
20200000    20200000    00000141   00000000    rw-
  20200000    20200000    00000139   00000000    rw- .bss
  2020013c    2020013c    00000005   00000000    rw- .data
20207e00    20207e00    00000200   00000000    rw-
  20207e00    20207e00    00000200   00000000    rw- .stack


SECTION ALLOCATION MAP

 output                                  attributes/
section   page    origin      length       input sections
--------  ----  ----------  ----------   ----------------
.intvecs   0    00000000    000000c0     
                  00000000    000000c0     startup_mspm0g350x_ticlang.o (.intvecs)

.text      0    000000c0    00001168     
                  000000c0    00000140     ti_msp_dl_config.o (.text.SYSCFG_DL_GPIO_init)
                  00000200    0000012c     oled.o (.text.I2C0_IRQHandler)
                  0000032c    000000e8     driverlib.a : dl_timer.o (.text.DL_Timer_initTimerMode)
                  00000414    000000c4                 : dl_timer.o (.text.DL_Timer_initPWMMode)
                  000004d8    000000c4     ti_msp_dl_config.o (.text.SYSCFG_DL_initPower)
                  0000059c    00000088     isr.o (.text.GROUP1_IRQHandler)
                  00000624    00000084     ti_msp_dl_config.o (.text.SYSCFG_DL_PWM_0_init)
                  000006a8    00000084     ti_msp_dl_config.o (.text.SYSCFG_DL_PWM_1_init)
                  0000072c    00000078     libc.a : copy_decompress_lzss.c.obj (.text:decompress:lzss)
                  000007a4    00000064     ti_msp_dl_config.o (.text.SYSCFG_DL_I2C_OLED_init)
                  00000808    0000005e     driverlib.a : dl_i2c.o (.text.DL_I2C_fillControllerTXFIFO)
                  00000866    00000002     --HOLE-- [fill = 0]
                  00000868    0000004c     ti_msp_dl_config.o (.text.DL_UART_setBaudRateDivisor)
                  000008b4    00000048     driverlib.a : dl_uart.o (.text.DL_UART_init)
                  000008fc    00000048     ti_msp_dl_config.o (.text.SYSCFG_DL_Bluetooth_init)
                  00000944    00000044     ti_msp_dl_config.o (.text.SYSCFG_DL_init)
                  00000988    00000040     ti_msp_dl_config.o (.text.SYSCFG_DL_Gyroscpe_init)
                  000009c8    00000040     ti_msp_dl_config.o (.text.SYSCFG_DL_grayscale_init)
                  00000a08    0000003c     ti_msp_dl_config.o (.text.DL_GPIO_initPeripheralInputFunctionFeatures)
                  00000a44    0000003c     libc.a : autoinit.c.obj (.text:__TI_auto_init_nobinit_nopinit)
                  00000a80    00000034     ti_msp_dl_config.o (.text.DL_GPIO_initDigitalInputFeatures)
                  00000ab4    00000034     ti_msp_dl_config.o (.text.SYSCFG_DL_ENCODER_TIM0_init)
                  00000ae8    00000034     ti_msp_dl_config.o (.text.SYSCFG_DL_ENCODER_TIM1_init)
                  00000b1c    00000030     main.o (.text.UART0_IRQHandler)
                  00000b4c    0000002c     main.o (.text.__NVIC_ClearPendingIRQ)
                  00000b78    0000002c     main.o (.text.__NVIC_EnableIRQ)
                  00000ba4    0000002c     main.o (.text.uart0_send_char)
                  00000bd0    00000028     ti_msp_dl_config.o (.text.DL_Common_updateReg)
                  00000bf8    00000028     ti_msp_dl_config.o (.text.DL_I2C_setControllerRXFIFOThreshold)
                  00000c20    00000028     ti_msp_dl_config.o (.text.DL_I2C_setControllerTXFIFOThreshold)
                  00000c48    00000028     libc.a : boot_cortex_m.c.obj (.text:_c_int00_noargs)
                  00000c70    00000026     ti_msp_dl_config.o (.text.DL_I2C_setAnalogGlitchFilterPulseWidth)
                  00000c96    00000026     driverlib.a : dl_i2c.o (.text.DL_I2C_setClockConfig)
                  00000cbc    00000022     ti_msp_dl_config.o (.text.SYSCFG_DL_SYSCTL_init)
                  00000cde    00000002     --HOLE-- [fill = 0]
                  00000ce0    00000020     ti_msp_dl_config.o (.text.DL_GPIO_initPeripheralInputFunction)
                  00000d00    0000001e     ti_msp_dl_config.o (.text.DL_UART_setOversampling)
                  00000d1e    0000001e     main.o (.text.main)
                  00000d3c    0000001c     ti_msp_dl_config.o (.text.DL_GPIO_clearInterruptStatus)
                  00000d58    0000001c     ti_msp_dl_config.o (.text.DL_GPIO_enableHiZ)
                  00000d74    0000001c     ti_msp_dl_config.o (.text.DL_GPIO_enableInterrupt)
                  00000d90    0000001c     ti_msp_dl_config.o (.text.DL_GPIO_initDigitalInput)
                  00000dac    0000001c     ti_msp_dl_config.o (.text.DL_GPIO_initPeripheralOutputFunction)
                  00000dc8    0000001c     oled.o (.text.DL_I2C_disableInterrupt)
                  00000de4    0000001c     ti_msp_dl_config.o (.text.DL_I2C_enableInterrupt)
                  00000e00    0000001c     oled.o (.text.DL_I2C_isControllerRXFIFOEmpty)
                  00000e1c    0000001c     isr.o (.text.DL_Interrupt_getPendingGroup)
                  00000e38    0000001c     ti_msp_dl_config.o (.text.DL_SYSCTL_setSYSOSCFreq)
                  00000e54    0000001c     ti_msp_dl_config.o (.text.DL_Timer_enableInterrupt)
                  00000e70    0000001c     driverlib.a : dl_timer.o (.text.DL_Timer_setCaptCompUpdateMethod)
                  00000e8c    0000001c                 : dl_timer.o (.text.DL_Timer_setClockConfig)
                  00000ea8    0000001c     ti_msp_dl_config.o (.text.DL_UART_enableInterrupt)
                  00000ec4    0000001c     main.o (.text.SysTick_Handler)
                  00000ee0    00000018     ti_msp_dl_config.o (.text.DL_GPIO_enableOutput)
                  00000ef8    00000018     ti_msp_dl_config.o (.text.DL_GPIO_enablePower)
                  00000f10    00000018     ti_msp_dl_config.o (.text.DL_GPIO_initDigitalOutput)
                  00000f28    00000018     ti_msp_dl_config.o (.text.DL_GPIO_reset)
                  00000f40    00000018     ti_msp_dl_config.o (.text.DL_GPIO_setUpperPinsPolarity)
                  00000f58    00000018     ti_msp_dl_config.o (.text.DL_I2C_enableAnalogGlitchFilter)
                  00000f70    00000018     ti_msp_dl_config.o (.text.DL_I2C_enableController)
                  00000f88    00000018     ti_msp_dl_config.o (.text.DL_I2C_enableControllerClockStretching)
                  00000fa0    00000018     ti_msp_dl_config.o (.text.DL_I2C_enablePower)
                  00000fb8    00000018     ti_msp_dl_config.o (.text.DL_I2C_reset)
                  00000fd0    00000018     ti_msp_dl_config.o (.text.DL_I2C_setTimerPeriod)
                  00000fe8    00000018     ti_msp_dl_config.o (.text.DL_SYSCTL_setBORThreshold)
                  00001000    00000018     ti_msp_dl_config.o (.text.DL_Timer_enablePower)
                  00001018    00000018     ti_msp_dl_config.o (.text.DL_Timer_reset)
                  00001030    00000018     driverlib.a : dl_timer.o (.text.DL_Timer_setCaptureCompareOutCtl)
                  00001048    00000018     ti_msp_dl_config.o (.text.DL_UART_enablePower)
                  00001060    00000018     main.o (.text.DL_UART_isBusy)
                  00001078    00000018     ti_msp_dl_config.o (.text.DL_UART_reset)
                  00001090    00000016     isr.o (.text.DL_GPIO_readPins)
                  000010a6    00000016     ti_msp_dl_config.o (.text.DL_UART_enable)
                  000010bc    00000016     main.o (.text.DL_UART_transmitData)
                  000010d2    00000016     libc.a : copy_zero_init.c.obj (.text:decompress:ZI:__TI_zero_init_nomemset)
                  000010e8    00000014     ti_msp_dl_config.o (.text.DL_GPIO_clearPins)
                  000010fc    00000014     oled.o (.text.DL_I2C_receiveControllerData)
                  00001110    00000014     ti_msp_dl_config.o (.text.DL_I2C_resetControllerTransfer)
                  00001124    00000014     ti_msp_dl_config.o (.text.DL_SYSCTL_disableSYSPLL)
                  00001138    00000014     ti_msp_dl_config.o (.text.DL_SYSCTL_enableMFCLK)
                  0000114c    00000014     ti_msp_dl_config.o (.text.DL_Timer_enableClock)
                  00001160    00000014     ti_msp_dl_config.o (.text.DL_Timer_setCCPDirection)
                  00001174    00000014     main.o (.text.DL_UART_receiveData)
                  00001188    00000012     oled.o (.text.DL_I2C_getPendingInterrupt)
                  0000119a    00000012     main.o (.text.DL_UART_getPendingInterrupt)
                  000011ac    00000012     driverlib.a : dl_uart.o (.text.DL_UART_setClockConfig)
                  000011be    00000012     libc.a : memcpy16.S.obj (.text:TI_memcpy_small)
                  000011d0    00000012            : copy_decompress_none.c.obj (.text:decompress:none)
                  000011e2    00000002     --HOLE-- [fill = 0]
                  000011e4    00000010     ti_msp_dl_config.o (.text.DL_SYSCTL_disableHFXT)
                  000011f4    00000010     driverlib.a : dl_timer.o (.text.DL_Timer_setCaptureCompareValue)
                  00001204    0000000a                 : dl_common.o (.text.DL_Common_delayCycles)
                  0000120e    00000002     --HOLE-- [fill = 0]
                  00001210    00000008     libclang_rt.builtins.a : aeabi_memcpy.S.obj (.text.__aeabi_memcpy)
                  00001218    00000004     startup_mspm0g350x_ticlang.o (.text.Default_Handler)
                  0000121c    00000004     startup_mspm0g350x_ticlang.o (.text.Reset_Handler)
                  00001220    00000004     libc.a : pre_init.c.obj (.text._system_pre_init)
                  00001224    00000004            : exit.c.obj (.text:abort)

.cinit     0    00001298    00000030     
                  00001298    0000000c     (__TI_handler_table)
                  000012a4    00000008     (.cinit..bss.load) [load image, compression = zero_init]
                  000012ac    00000007     (.cinit..data.load) [load image, compression = lzss]
                  000012b3    00000001     --HOLE-- [fill = 0]
                  000012b4    00000010     (__TI_cinit_table)
                  000012c4    00000004     --HOLE-- [fill = 0]

.rodata    0    00001228    00000070     
                  00001228    00000014     ti_msp_dl_config.o (.rodata.gENCODER_TIM0TimerConfig)
                  0000123c    00000014     ti_msp_dl_config.o (.rodata.gENCODER_TIM1TimerConfig)
                  00001250    0000000a     ti_msp_dl_config.o (.rodata.gBluetoothConfig)
                  0000125a    0000000a     ti_msp_dl_config.o (.rodata.gGyroscpeConfig)
                  00001264    0000000a     ti_msp_dl_config.o (.rodata.ggrayscaleConfig)
                  0000126e    00000002     ti_msp_dl_config.o (.rodata.gBluetoothClockConfig)
                  00001270    00000008     ti_msp_dl_config.o (.rodata.gPWM_0Config)
                  00001278    00000008     ti_msp_dl_config.o (.rodata.gPWM_1Config)
                  00001280    00000003     ti_msp_dl_config.o (.rodata.gENCODER_TIM0ClockConfig)
                  00001283    00000003     ti_msp_dl_config.o (.rodata.gENCODER_TIM1ClockConfig)
                  00001286    00000003     ti_msp_dl_config.o (.rodata.gPWM_0ClockConfig)
                  00001289    00000003     ti_msp_dl_config.o (.rodata.gPWM_1ClockConfig)
                  0000128c    00000002     ti_msp_dl_config.o (.rodata.gGyroscpeClockConfig)
                  0000128e    00000002     ti_msp_dl_config.o (.rodata.gI2C_OLEDClockConfig)
                  00001290    00000002     ti_msp_dl_config.o (.rodata.ggrayscaleClockConfig)
                  00001292    00000006     --HOLE-- [fill = 0]

.init_array 
*          0    00000000    00000000     UNINITIALIZED

.binit     0    00000000    00000000     

.bss       0    20200000    00000139     UNINITIALIZED
                  20200000    00000078     (.common:gENCODER_TIM1Backup)
                  20200078    00000078     (.common:gPWM_0Backup)
                  202000f0    00000018     (.common:motor)
                  20200108    00000010     (.common:gRxPacket)
                  20200118    00000010     (.common:gTxPacket)
                  20200128    00000004     (.common:gRxCount)
                  2020012c    00000004     (.common:gRxLen)
                  20200130    00000004     (.common:gTxCount)
                  20200134    00000004     (.common:gTxLen)
                  20200138    00000001     (.common:gI2cControllerStatus)

.data      0    2020013c    00000005     UNINITIALIZED
                  2020013c    00000004     main.o (.data.delay_times)
                  20200140    00000001     main.o (.data.uart_data)

.stack     0    20207e00    00000200     UNINITIALIZED
                  20207e00    00000004     libc.a : boot_cortex_m.c.obj (.stack)
                  20207e04    000001fc     --HOLE--

__llvm_prf_cnts 
*          0    20200000    00000000     UNINITIALIZED

__llvm_prf_bits 
*          0    20200000    00000000     UNINITIALIZED

MODULE SUMMARY

       Module                         code   ro data   rw data
       ------                         ----   -------   -------
    .\
       ti_msp_dl_config.o             2488   106       240    
       main.o                         322    0         5      
       startup_mspm0g350x_ticlang.o   8      192       0      
       isr.o                          186    0         0      
    +--+------------------------------+------+---------+---------+
       Total:                         3004   298       245    
                                                              
    .\OLED\
       oled.o                         394    0         49     
    +--+------------------------------+------+---------+---------+
       Total:                         394    0         49     
                                                              
    .\hardware\
       motor.o                        0      0         24     
    +--+------------------------------+------+---------+---------+
       Total:                         0      0         24     
                                                              
    C:/ti/mspm0_sdk_2_01_00_03/source/ti/driverlib/lib/ticlang/m0p/mspm0g1x0x_g3x0x/driverlib.a
       dl_timer.o                     524    0         0      
       dl_i2c.o                       132    0         0      
       dl_uart.o                      90     0         0      
       dl_common.o                    10     0         0      
    +--+------------------------------+------+---------+---------+
       Total:                         756    0         0      
                                                              
    C:\ti\ccstheia141\ccs\tools\compiler\ti-cgt-armllvm_3.2.2.LTS\lib\armv6m-ti-none-eabi/c/libc.a
       copy_decompress_lzss.c.obj     120    0         0      
       autoinit.c.obj                 60     0         0      
       boot_cortex_m.c.obj            40     0         0      
       copy_zero_init.c.obj           22     0         0      
       copy_decompress_none.c.obj     18     0         0      
       memcpy16.S.obj                 18     0         0      
       exit.c.obj                     4      0         0      
       pre_init.c.obj                 4      0         0      
    +--+------------------------------+------+---------+---------+
       Total:                         286    0         0      
                                                              
    C:\ti\ccstheia141\ccs\tools\compiler\ti-cgt-armllvm_3.2.2.LTS\lib\clang/15.0.7/lib/armv6m-ti-none-eabi/libclang_rt.builtins.a
       aeabi_memcpy.S.obj             8      0         0      
    +--+------------------------------+------+---------+---------+
       Total:                         8      0         0      
                                                              
       Stack:                         0      0         512    
       Linker Generated:              0      43        0      
    +--+------------------------------+------+---------+---------+
       Grand Total:                   4448   341       830    


LINKER GENERATED COPY TABLES

__TI_cinit_table @ 000012b4 records: 2, size/record: 8, table size: 16
	.bss: load addr=000012a4, load size=00000008 bytes, run addr=20200000, run size=00000139 bytes, compression=zero_init
	.data: load addr=000012ac, load size=00000007 bytes, run addr=2020013c, run size=00000005 bytes, compression=lzss


LINKER GENERATED HANDLER TABLE

__TI_handler_table @ 00001298 records: 3, size/record: 4, table size: 12
	index: 0, handler: __TI_decompress_lzss
	index: 1, handler: __TI_decompress_none
	index: 2, handler: __TI_zero_init


GLOBAL SYMBOLS: SORTED ALPHABETICALLY BY Name 

address   name                            
-------   ----                            
00001219  ADC0_IRQHandler                 
00001219  ADC1_IRQHandler                 
00001219  AES_IRQHandler                  
00001224  C$$EXIT                         
00001219  CANFD0_IRQHandler               
00001219  DAC0_IRQHandler                 
00001205  DL_Common_delayCycles           
00000809  DL_I2C_fillControllerTXFIFO     
00000c97  DL_I2C_setClockConfig           
00000415  DL_Timer_initPWMMode            
0000032d  DL_Timer_initTimerMode          
00000e71  DL_Timer_setCaptCompUpdateMethod
00001031  DL_Timer_setCaptureCompareOutCtl
000011f5  DL_Timer_setCaptureCompareValue 
00000e8d  DL_Timer_setClockConfig         
000008b5  DL_UART_init                    
000011ad  DL_UART_setClockConfig          
00001219  DMA_IRQHandler                  
00001219  Default_Handler                 
00001219  GROUP0_IRQHandler               
0000059d  GROUP1_IRQHandler               
00001219  HardFault_Handler               
00000201  I2C0_IRQHandler                 
00001219  I2C1_IRQHandler                 
00001219  NMI_Handler                     
00001219  PendSV_Handler                  
00001219  RTC_IRQHandler                  
0000121d  Reset_Handler                   
00001219  SPI0_IRQHandler                 
00001219  SPI1_IRQHandler                 
00001219  SVC_Handler                     
000008fd  SYSCFG_DL_Bluetooth_init        
00000ab5  SYSCFG_DL_ENCODER_TIM0_init     
00000ae9  SYSCFG_DL_ENCODER_TIM1_init     
000000c1  SYSCFG_DL_GPIO_init             
00000989  SYSCFG_DL_Gyroscpe_init         
000007a5  SYSCFG_DL_I2C_OLED_init         
00000625  SYSCFG_DL_PWM_0_init            
000006a9  SYSCFG_DL_PWM_1_init            
00000cbd  SYSCFG_DL_SYSCTL_init           
000009c9  SYSCFG_DL_grayscale_init        
00000945  SYSCFG_DL_init                  
000004d9  SYSCFG_DL_initPower             
00000ec5  SysTick_Handler                 
00001219  TIMA0_IRQHandler                
00001219  TIMA1_IRQHandler                
00001219  TIMG0_IRQHandler                
00001219  TIMG12_IRQHandler               
00001219  TIMG6_IRQHandler                
00001219  TIMG7_IRQHandler                
00001219  TIMG8_IRQHandler                
000011bf  TI_memcpy_small                 
00000b1d  UART0_IRQHandler                
00001219  UART1_IRQHandler                
00001219  UART2_IRQHandler                
00001219  UART3_IRQHandler                
20208000  __STACK_END                     
00000200  __STACK_SIZE                    
00000000  __TI_ATRegion0_region_sz        
00000000  __TI_ATRegion0_src_addr         
00000000  __TI_ATRegion0_trg_addr         
00000000  __TI_ATRegion1_region_sz        
00000000  __TI_ATRegion1_src_addr         
00000000  __TI_ATRegion1_trg_addr         
00000000  __TI_ATRegion2_region_sz        
00000000  __TI_ATRegion2_src_addr         
00000000  __TI_ATRegion2_trg_addr         
000012b4  __TI_CINIT_Base                 
000012c4  __TI_CINIT_Limit                
000012c4  __TI_CINIT_Warm                 
00001298  __TI_Handler_Table_Base         
000012a4  __TI_Handler_Table_Limit        
00000a45  __TI_auto_init_nobinit_nopinit  
0000072d  __TI_decompress_lzss            
000011d1  __TI_decompress_none            
ffffffff  __TI_pprof_out_hndl             
ffffffff  __TI_prof_data_size             
ffffffff  __TI_prof_data_start            
00000000  __TI_static_base__              
000010d3  __TI_zero_init_nomemset         
00001211  __aeabi_memcpy                  
00001211  __aeabi_memcpy4                 
00001211  __aeabi_memcpy8                 
ffffffff  __binit__                       
UNDEFED   __mpu_init                      
20207e00  __stack                         
20200000  __start___llvm_prf_bits         
20200000  __start___llvm_prf_cnts         
20200000  __stop___llvm_prf_bits          
20200000  __stop___llvm_prf_cnts          
00000c49  _c_int00_noargs                 
UNDEFED   _system_post_cinit              
00001221  _system_pre_init                
00001225  abort                           
ffffffff  binit                           
2020013c  delay_times                     
20200000  gENCODER_TIM1Backup             
20200138  gI2cControllerStatus            
20200078  gPWM_0Backup                    
20200128  gRxCount                        
2020012c  gRxLen                          
20200108  gRxPacket                       
20200130  gTxCount                        
20200134  gTxLen                          
20200118  gTxPacket                       
00000000  interruptVectors                
00000d1f  main                            
202000f0  motor                           
00000ba5  uart0_send_char                 
20200140  uart_data                       


GLOBAL SYMBOLS: SORTED BY Symbol Address 

address   name                            
-------   ----                            
00000000  __TI_ATRegion0_region_sz        
00000000  __TI_ATRegion0_src_addr         
00000000  __TI_ATRegion0_trg_addr         
00000000  __TI_ATRegion1_region_sz        
00000000  __TI_ATRegion1_src_addr         
00000000  __TI_ATRegion1_trg_addr         
00000000  __TI_ATRegion2_region_sz        
00000000  __TI_ATRegion2_src_addr         
00000000  __TI_ATRegion2_trg_addr         
00000000  __TI_static_base__              
00000000  interruptVectors                
000000c1  SYSCFG_DL_GPIO_init             
00000200  __STACK_SIZE                    
00000201  I2C0_IRQHandler                 
0000032d  DL_Timer_initTimerMode          
00000415  DL_Timer_initPWMMode            
000004d9  SYSCFG_DL_initPower             
0000059d  GROUP1_IRQHandler               
00000625  SYSCFG_DL_PWM_0_init            
000006a9  SYSCFG_DL_PWM_1_init            
0000072d  __TI_decompress_lzss            
000007a5  SYSCFG_DL_I2C_OLED_init         
00000809  DL_I2C_fillControllerTXFIFO     
000008b5  DL_UART_init                    
000008fd  SYSCFG_DL_Bluetooth_init        
00000945  SYSCFG_DL_init                  
00000989  SYSCFG_DL_Gyroscpe_init         
000009c9  SYSCFG_DL_grayscale_init        
00000a45  __TI_auto_init_nobinit_nopinit  
00000ab5  SYSCFG_DL_ENCODER_TIM0_init     
00000ae9  SYSCFG_DL_ENCODER_TIM1_init     
00000b1d  UART0_IRQHandler                
00000ba5  uart0_send_char                 
00000c49  _c_int00_noargs                 
00000c97  DL_I2C_setClockConfig           
00000cbd  SYSCFG_DL_SYSCTL_init           
00000d1f  main                            
00000e71  DL_Timer_setCaptCompUpdateMethod
00000e8d  DL_Timer_setClockConfig         
00000ec5  SysTick_Handler                 
00001031  DL_Timer_setCaptureCompareOutCtl
000010d3  __TI_zero_init_nomemset         
000011ad  DL_UART_setClockConfig          
000011bf  TI_memcpy_small                 
000011d1  __TI_decompress_none            
000011f5  DL_Timer_setCaptureCompareValue 
00001205  DL_Common_delayCycles           
00001211  __aeabi_memcpy                  
00001211  __aeabi_memcpy4                 
00001211  __aeabi_memcpy8                 
00001219  ADC0_IRQHandler                 
00001219  ADC1_IRQHandler                 
00001219  AES_IRQHandler                  
00001219  CANFD0_IRQHandler               
00001219  DAC0_IRQHandler                 
00001219  DMA_IRQHandler                  
00001219  Default_Handler                 
00001219  GROUP0_IRQHandler               
00001219  HardFault_Handler               
00001219  I2C1_IRQHandler                 
00001219  NMI_Handler                     
00001219  PendSV_Handler                  
00001219  RTC_IRQHandler                  
00001219  SPI0_IRQHandler                 
00001219  SPI1_IRQHandler                 
00001219  SVC_Handler                     
00001219  TIMA0_IRQHandler                
00001219  TIMA1_IRQHandler                
00001219  TIMG0_IRQHandler                
00001219  TIMG12_IRQHandler               
00001219  TIMG6_IRQHandler                
00001219  TIMG7_IRQHandler                
00001219  TIMG8_IRQHandler                
00001219  UART1_IRQHandler                
00001219  UART2_IRQHandler                
00001219  UART3_IRQHandler                
0000121d  Reset_Handler                   
00001221  _system_pre_init                
00001224  C$$EXIT                         
00001225  abort                           
00001298  __TI_Handler_Table_Base         
000012a4  __TI_Handler_Table_Limit        
000012b4  __TI_CINIT_Base                 
000012c4  __TI_CINIT_Limit                
000012c4  __TI_CINIT_Warm                 
20200000  __start___llvm_prf_bits         
20200000  __start___llvm_prf_cnts         
20200000  __stop___llvm_prf_bits          
20200000  __stop___llvm_prf_cnts          
20200000  gENCODER_TIM1Backup             
20200078  gPWM_0Backup                    
202000f0  motor                           
20200108  gRxPacket                       
20200118  gTxPacket                       
20200128  gRxCount                        
2020012c  gRxLen                          
20200130  gTxCount                        
20200134  gTxLen                          
20200138  gI2cControllerStatus            
2020013c  delay_times                     
20200140  uart_data                       
20207e00  __stack                         
20208000  __STACK_END                     
ffffffff  __TI_pprof_out_hndl             
ffffffff  __TI_prof_data_size             
ffffffff  __TI_prof_data_start            
ffffffff  __binit__                       
ffffffff  binit                           
UNDEFED   __mpu_init                      
UNDEFED   _system_post_cinit              

[110 symbols]
