******************************************************************************
            TI ARM Clang Linker PC v3.2.2                      
******************************************************************************
>> Linked Mon May 19 18:56:52 2025

OUTPUT FILE NAME:   <24H_01_init_to_hardware.out>
ENTRY POINT SYMBOL: "_c_int00_noargs"  address: 00000e31


MEMORY CONFIGURATION

         name            origin    length      used     unused   attr    fill
----------------------  --------  ---------  --------  --------  ----  --------
  FLASH                 00000000   00020000  00001568  0001ea98  R  X
  SRAM                  20200000   00008000  00000350  00007cb0  RW X
  BCR_CONFIG            41c00000   00000080  00000000  00000080  R   
  BSL_CONFIG            41c00100   00000080  00000000  00000080  R   


SEGMENT ALLOCATION MAP

run origin  load origin   length   init length attrs members
----------  ----------- ---------- ----------- ----- -------
00000000    00000000    00001568   00001568    r-x
  00000000    00000000    000000c0   000000c0    r-- .intvecs
  000000c0    000000c0    000013d8   000013d8    r-x .text
  00001498    00001498    00000088   00000088    r-- .rodata
  00001520    00001520    00000048   00000048    r-- .cinit
20200000    20200000    00000150   00000000    rw-
  20200000    20200000    00000134   00000000    rw- .bss
  20200134    20200134    0000001c   00000000    rw- .data
20207e00    20207e00    00000200   00000000    rw-
  20207e00    20207e00    00000200   00000000    rw- .stack


SECTION ALLOCATION MAP

 output                                  attributes/
section   page    origin      length       input sections
--------  ----  ----------  ----------   ----------------
.intvecs   0    00000000    000000c0     
                  00000000    000000c0     startup_mspm0g350x_ticlang.o (.intvecs)

.text      0    000000c0    000013d8     
                  000000c0    00000140     ti_msp_dl_config.o (.text.SYSCFG_DL_GPIO_init)
                  00000200    000000e8     driverlib.a : dl_timer.o (.text.DL_Timer_initTimerMode)
                  000002e8    000000c4                 : dl_timer.o (.text.DL_Timer_initPWMMode)
                  000003ac    000000c4     ti_msp_dl_config.o (.text.SYSCFG_DL_initPower)
                  00000470    000000b0     isr.o (.text.UART2_IRQHandler)
                  00000520    00000088     isr.o (.text.GROUP1_IRQHandler)
                  000005a8    00000084     ti_msp_dl_config.o (.text.SYSCFG_DL_PWM_0_init)
                  0000062c    00000084     ti_msp_dl_config.o (.text.SYSCFG_DL_PWM_1_init)
                  000006b0    00000078     libc.a : copy_decompress_lzss.c.obj (.text:decompress:lzss)
                  00000728    0000006c     ti_msp_dl_config.o (.text.SYSCFG_DL_grayscale_init)
                  00000794    00000064     ti_msp_dl_config.o (.text.SYSCFG_DL_I2C_OLED_init)
                  000007f8    00000054     grayscale.o (.text.GrayScale_Init)
                  0000084c    0000004c     driverlib.a : dl_dma.o (.text.DL_DMA_initChannel)
                  00000898    0000004c     ti_msp_dl_config.o (.text.DL_UART_setBaudRateDivisor)
                  000008e4    00000048     driverlib.a : dl_uart.o (.text.DL_UART_init)
                  0000092c    00000048     ti_msp_dl_config.o (.text.SYSCFG_DL_Bluetooth_init)
                  00000974    00000048     ti_msp_dl_config.o (.text.SYSCFG_DL_init)
                  000009bc    00000040     ti_msp_dl_config.o (.text.SYSCFG_DL_Gyroscpe_init)
                  000009fc    0000003c     ti_msp_dl_config.o (.text.DL_GPIO_initPeripheralInputFunctionFeatures)
                  00000a38    0000003c     grayscale.o (.text.GrayScale_Send_String)
                  00000a74    0000003c     bluetooth.o (.text.uart0_send_string)
                  00000ab0    0000003c     libc.a : autoinit.c.obj (.text:__TI_auto_init_nobinit_nopinit)
                  00000aec    00000034     ti_msp_dl_config.o (.text.DL_GPIO_initDigitalInputFeatures)
                  00000b20    00000034     ti_msp_dl_config.o (.text.SYSCFG_DL_ENCODER_TIM0_init)
                  00000b54    00000034     ti_msp_dl_config.o (.text.SYSCFG_DL_ENCODER_TIM1_init)
                  00000b88    00000034     isr.o (.text.UART0_IRQHandler)
                  00000bbc    00000030     grayscale.o (.text.DL_DMA_setTransferSize)
                  00000bec    0000002c     grayscale.o (.text.GrayScale_Send_Char)
                  00000c18    0000002c     bluetooth.o (.text.__NVIC_ClearPendingIRQ)
                  00000c44    0000002c     bluetooth.o (.text.__NVIC_EnableIRQ)
                  00000c70    0000002c     grayscale.o (.text.__NVIC_EnableIRQ)
                  00000c9c    0000002c     bluetooth.o (.text.uart0_send_char)
                  00000cc8    00000028     ti_msp_dl_config.o (.text.DL_Common_updateReg)
                  00000cf0    00000028     grayscale.o (.text.DL_DMA_setDestAddr)
                  00000d18    00000028     grayscale.o (.text.DL_DMA_setSrcAddr)
                  00000d40    00000028     ti_msp_dl_config.o (.text.DL_I2C_setControllerRXFIFOThreshold)
                  00000d68    00000028     ti_msp_dl_config.o (.text.DL_I2C_setControllerTXFIFOThreshold)
                  00000d90    00000028     ti_msp_dl_config.o (.text.DL_UART_setRXFIFOThreshold)
                  00000db8    00000028     ti_msp_dl_config.o (.text.DL_UART_setTXFIFOThreshold)
                  00000de0    00000028     main.o (.text.main)
                  00000e08    00000028     grayscale.o (.text.wGrayScale_Data)
                  00000e30    00000028     libc.a : boot_cortex_m.c.obj (.text:_c_int00_noargs)
                  00000e58    00000026     grayscale.o (.text.DL_DMA_enableChannel)
                  00000e7e    00000026     grayscale.o (.text.DL_DMA_isChannelEnabled)
                  00000ea4    00000026     ti_msp_dl_config.o (.text.DL_I2C_setAnalogGlitchFilterPulseWidth)
                  00000eca    00000026     driverlib.a : dl_i2c.o (.text.DL_I2C_setClockConfig)
                  00000ef0    00000022     ti_msp_dl_config.o (.text.SYSCFG_DL_SYSCTL_init)
                  00000f12    00000002     --HOLE-- [fill = 0]
                  00000f14    00000020     ti_msp_dl_config.o (.text.DL_GPIO_initPeripheralInputFunction)
                  00000f34    00000020     grayscale.o (.text.GrayScale_Start)
                  00000f54    0000001e     ti_msp_dl_config.o (.text.DL_UART_setOversampling)
                  00000f72    00000002     --HOLE-- [fill = 0]
                  00000f74    0000001c     ti_msp_dl_config.o (.text.DL_GPIO_clearInterruptStatus)
                  00000f90    0000001c     ti_msp_dl_config.o (.text.DL_GPIO_enableHiZ)
                  00000fac    0000001c     ti_msp_dl_config.o (.text.DL_GPIO_enableInterrupt)
                  00000fc8    0000001c     ti_msp_dl_config.o (.text.DL_GPIO_initDigitalInput)
                  00000fe4    0000001c     ti_msp_dl_config.o (.text.DL_GPIO_initPeripheralOutputFunction)
                  00001000    0000001c     ti_msp_dl_config.o (.text.DL_I2C_enableInterrupt)
                  0000101c    0000001c     isr.o (.text.DL_Interrupt_getPendingGroup)
                  00001038    0000001c     ti_msp_dl_config.o (.text.DL_SYSCTL_setSYSOSCFreq)
                  00001054    0000001c     ti_msp_dl_config.o (.text.DL_Timer_enableInterrupt)
                  00001070    0000001c     driverlib.a : dl_timer.o (.text.DL_Timer_setCaptCompUpdateMethod)
                  0000108c    0000001c                 : dl_timer.o (.text.DL_Timer_setClockConfig)
                  000010a8    0000001c     ti_msp_dl_config.o (.text.DL_UART_enableInterrupt)
                  000010c4    0000001c     delay.o (.text.SysTick_Handler)
                  000010e0    00000018     ti_msp_dl_config.o (.text.DL_GPIO_enableOutput)
                  000010f8    00000018     ti_msp_dl_config.o (.text.DL_GPIO_enablePower)
                  00001110    00000018     ti_msp_dl_config.o (.text.DL_GPIO_initDigitalOutput)
                  00001128    00000018     ti_msp_dl_config.o (.text.DL_GPIO_reset)
                  00001140    00000018     ti_msp_dl_config.o (.text.DL_GPIO_setUpperPinsPolarity)
                  00001158    00000018     ti_msp_dl_config.o (.text.DL_I2C_enableAnalogGlitchFilter)
                  00001170    00000018     ti_msp_dl_config.o (.text.DL_I2C_enableController)
                  00001188    00000018     ti_msp_dl_config.o (.text.DL_I2C_enableControllerClockStretching)
                  000011a0    00000018     ti_msp_dl_config.o (.text.DL_I2C_enablePower)
                  000011b8    00000018     ti_msp_dl_config.o (.text.DL_I2C_reset)
                  000011d0    00000018     ti_msp_dl_config.o (.text.DL_I2C_setTimerPeriod)
                  000011e8    00000018     ti_msp_dl_config.o (.text.DL_SYSCTL_setBORThreshold)
                  00001200    00000018     ti_msp_dl_config.o (.text.DL_Timer_enablePower)
                  00001218    00000018     ti_msp_dl_config.o (.text.DL_Timer_reset)
                  00001230    00000018     driverlib.a : dl_timer.o (.text.DL_Timer_setCaptureCompareOutCtl)
                  00001248    00000018     ti_msp_dl_config.o (.text.DL_UART_enableDMAReceiveEvent)
                  00001260    00000018     ti_msp_dl_config.o (.text.DL_UART_enableFIFOs)
                  00001278    00000018     ti_msp_dl_config.o (.text.DL_UART_enablePower)
                  00001290    00000018     bluetooth.o (.text.DL_UART_isBusy)
                  000012a8    00000018     grayscale.o (.text.DL_UART_isBusy)
                  000012c0    00000018     ti_msp_dl_config.o (.text.DL_UART_reset)
                  000012d8    00000018     ti_msp_dl_config.o (.text.SYSCFG_DL_DMA_CH0_init)
                  000012f0    00000016     bluetooth.o (.text.Bluetooth_Init)
                  00001306    00000016     isr.o (.text.DL_GPIO_readPins)
                  0000131c    00000016     ti_msp_dl_config.o (.text.DL_UART_enable)
                  00001332    00000016     bluetooth.o (.text.DL_UART_transmitData)
                  00001348    00000016     grayscale.o (.text.DL_UART_transmitData)
                  0000135e    00000016     libc.a : copy_zero_init.c.obj (.text:decompress:ZI:__TI_zero_init_nomemset)
                  00001374    00000014     ti_msp_dl_config.o (.text.DL_GPIO_clearPins)
                  00001388    00000014     ti_msp_dl_config.o (.text.DL_I2C_resetControllerTransfer)
                  0000139c    00000014     ti_msp_dl_config.o (.text.DL_SYSCTL_disableSYSPLL)
                  000013b0    00000014     ti_msp_dl_config.o (.text.DL_SYSCTL_enableMFCLK)
                  000013c4    00000014     ti_msp_dl_config.o (.text.DL_Timer_enableClock)
                  000013d8    00000014     ti_msp_dl_config.o (.text.DL_Timer_setCCPDirection)
                  000013ec    00000014     isr.o (.text.DL_UART_receiveData)
                  00001400    00000012     isr.o (.text.DL_UART_getPendingInterrupt)
                  00001412    00000012     driverlib.a : dl_uart.o (.text.DL_UART_setClockConfig)
                  00001424    00000012     libc.a : memcpy16.S.obj (.text:TI_memcpy_small)
                  00001436    00000012            : copy_decompress_none.c.obj (.text:decompress:none)
                  00001448    00000010     ti_msp_dl_config.o (.text.DL_SYSCTL_disableHFXT)
                  00001458    00000010     driverlib.a : dl_timer.o (.text.DL_Timer_setCaptureCompareValue)
                  00001468    0000000a                 : dl_common.o (.text.DL_Common_delayCycles)
                  00001472    00000008     ti_msp_dl_config.o (.text.SYSCFG_DL_DMA_init)
                  0000147a    00000002     --HOLE-- [fill = 0]
                  0000147c    00000008     libclang_rt.builtins.a : aeabi_memcpy.S.obj (.text.__aeabi_memcpy)
                  00001484    00000004     startup_mspm0g350x_ticlang.o (.text.Default_Handler)
                  00001488    00000004     startup_mspm0g350x_ticlang.o (.text.Reset_Handler)
                  0000148c    00000004     libc.a : pre_init.c.obj (.text._system_pre_init)
                  00001490    00000004            : exit.c.obj (.text:abort)
                  00001494    00000004     --HOLE-- [fill = 0]

.cinit     0    00001520    00000048     
                  00001520    0000001e     (.cinit..data.load) [load image, compression = lzss]
                  0000153e    00000002     --HOLE-- [fill = 0]
                  00001540    0000000c     (__TI_handler_table)
                  0000154c    00000008     (.cinit..bss.load) [load image, compression = zero_init]
                  00001554    00000010     (__TI_cinit_table)
                  00001564    00000004     --HOLE-- [fill = 0]

.rodata    0    00001498    00000088     
                  00001498    00000018     ti_msp_dl_config.o (.rodata.gDMA_CH0Config)
                  000014b0    00000014     ti_msp_dl_config.o (.rodata.gENCODER_TIM0TimerConfig)
                  000014c4    00000014     ti_msp_dl_config.o (.rodata.gENCODER_TIM1TimerConfig)
                  000014d8    0000000a     ti_msp_dl_config.o (.rodata.gBluetoothConfig)
                  000014e2    0000000a     ti_msp_dl_config.o (.rodata.gGyroscpeConfig)
                  000014ec    0000000a     ti_msp_dl_config.o (.rodata.ggrayscaleConfig)
                  000014f6    00000002     ti_msp_dl_config.o (.rodata.gBluetoothClockConfig)
                  000014f8    00000008     ti_msp_dl_config.o (.rodata.gPWM_0Config)
                  00001500    00000008     ti_msp_dl_config.o (.rodata.gPWM_1Config)
                  00001508    00000003     ti_msp_dl_config.o (.rodata.gENCODER_TIM0ClockConfig)
                  0000150b    00000003     ti_msp_dl_config.o (.rodata.gENCODER_TIM1ClockConfig)
                  0000150e    00000003     ti_msp_dl_config.o (.rodata.gPWM_0ClockConfig)
                  00001511    00000003     ti_msp_dl_config.o (.rodata.gPWM_1ClockConfig)
                  00001514    00000003     isr.o (.rodata.str1.106322547073961237901)
                  00001517    00000002     ti_msp_dl_config.o (.rodata.gGyroscpeClockConfig)
                  00001519    00000002     ti_msp_dl_config.o (.rodata.gI2C_OLEDClockConfig)
                  0000151b    00000002     ti_msp_dl_config.o (.rodata.ggrayscaleClockConfig)
                  0000151d    00000003     --HOLE-- [fill = 0]

.init_array 
*          0    00000000    00000000     UNINITIALIZED

.binit     0    00000000    00000000     

.bss       0    20200000    00000134     UNINITIALIZED
                  20200000    00000078     (.common:gENCODER_TIM1Backup)
                  20200078    00000078     (.common:gPWM_0Backup)
                  202000f0    0000002b     (.common:gRxGraycScalePacket)
                  2020011b    00000001     (.common:gCheckGrayScale)
                  2020011c    00000018     (.common:motor)

.data      0    20200134    0000001c     UNINITIALIZED
                  20200134    0000000e     main.o (.data.Bluetooth_BUF)
                  20200142    00000008     grayscale.o (.data.grayscale_strat_str)
                  2020014a    00000001     grayscale.o (.data.grayscale_data)
                  2020014b    00000001     --HOLE--
                  2020014c    00000004     delay.o (.data.delay_times)

.stack     0    20207e00    00000200     UNINITIALIZED
                  20207e00    00000004     libc.a : boot_cortex_m.c.obj (.stack)
                  20207e04    000001fc     --HOLE--

__llvm_prf_cnts 
*          0    20200000    00000000     UNINITIALIZED

__llvm_prf_bits 
*          0    20200000    00000000     UNINITIALIZED

MODULE SUMMARY

       Module                         code   ro data   rw data
       ------                         ----   -------   -------
    .\
       ti_msp_dl_config.o             2696   130       240    
       isr.o                          452    3         0      
       startup_mspm0g350x_ticlang.o   8      192       0      
       main.o                         40     0         14     
    +--+------------------------------+------+---------+---------+
       Total:                         3196   325       254    
                                                              
    .\delay\
       delay.o                        28     0         4      
    +--+------------------------------+------+---------+---------+
       Total:                         28     0         4      
                                                              
    .\hardware\
       grayscale.o                    554    0         53     
       bluetooth.o                    260    0         0      
       motor.o                        0      0         24     
    +--+------------------------------+------+---------+---------+
       Total:                         814    0         77     
                                                              
    C:/ti/mspm0_sdk_2_01_00_03/source/ti/driverlib/lib/ticlang/m0p/mspm0g1x0x_g3x0x/driverlib.a
       dl_timer.o                     524    0         0      
       dl_uart.o                      90     0         0      
       dl_dma.o                       76     0         0      
       dl_i2c.o                       38     0         0      
       dl_common.o                    10     0         0      
    +--+------------------------------+------+---------+---------+
       Total:                         738    0         0      
                                                              
    C:\ti\ccstheia141\ccs\tools\compiler\ti-cgt-armllvm_3.2.2.LTS\lib\armv6m-ti-none-eabi/c/libc.a
       copy_decompress_lzss.c.obj     120    0         0      
       autoinit.c.obj                 60     0         0      
       boot_cortex_m.c.obj            40     0         0      
       copy_zero_init.c.obj           22     0         0      
       copy_decompress_none.c.obj     18     0         0      
       memcpy16.S.obj                 18     0         0      
       exit.c.obj                     4      0         0      
       pre_init.c.obj                 4      0         0      
    +--+------------------------------+------+---------+---------+
       Total:                         286    0         0      
                                                              
    C:\ti\ccstheia141\ccs\tools\compiler\ti-cgt-armllvm_3.2.2.LTS\lib\clang/15.0.7/lib/armv6m-ti-none-eabi/libclang_rt.builtins.a
       aeabi_memcpy.S.obj             8      0         0      
    +--+------------------------------+------+---------+---------+
       Total:                         8      0         0      
                                                              
       Stack:                         0      0         512    
       Linker Generated:              0      66        0      
    +--+------------------------------+------+---------+---------+
       Grand Total:                   5070   391       847    


LINKER GENERATED COPY TABLES

__TI_cinit_table @ 00001554 records: 2, size/record: 8, table size: 16
	.data: load addr=00001520, load size=0000001e bytes, run addr=20200134, run size=0000001c bytes, compression=lzss
	.bss: load addr=0000154c, load size=00000008 bytes, run addr=20200000, run size=00000134 bytes, compression=zero_init


LINKER GENERATED HANDLER TABLE

__TI_handler_table @ 00001540 records: 3, size/record: 4, table size: 12
	index: 0, handler: __TI_decompress_lzss
	index: 1, handler: __TI_decompress_none
	index: 2, handler: __TI_zero_init


GLOBAL SYMBOLS: SORTED ALPHABETICALLY BY Name 

address   name                            
-------   ----                            
00001485  ADC0_IRQHandler                 
00001485  ADC1_IRQHandler                 
00001485  AES_IRQHandler                  
20200134  Bluetooth_BUF                   
000012f1  Bluetooth_Init                  
00001490  C$$EXIT                         
00001485  CANFD0_IRQHandler               
00001485  DAC0_IRQHandler                 
00001469  DL_Common_delayCycles           
0000084d  DL_DMA_initChannel              
00000ecb  DL_I2C_setClockConfig           
000002e9  DL_Timer_initPWMMode            
00000201  DL_Timer_initTimerMode          
00001071  DL_Timer_setCaptCompUpdateMethod
00001231  DL_Timer_setCaptureCompareOutCtl
00001459  DL_Timer_setCaptureCompareValue 
0000108d  DL_Timer_setClockConfig         
000008e5  DL_UART_init                    
00001413  DL_UART_setClockConfig          
00001485  DMA_IRQHandler                  
00001485  Default_Handler                 
00001485  GROUP0_IRQHandler               
00000521  GROUP1_IRQHandler               
000007f9  GrayScale_Init                  
00000bed  GrayScale_Send_Char             
00000a39  GrayScale_Send_String           
00000f35  GrayScale_Start                 
00001485  HardFault_Handler               
00001485  I2C0_IRQHandler                 
00001485  I2C1_IRQHandler                 
00001485  NMI_Handler                     
00001485  PendSV_Handler                  
00001485  RTC_IRQHandler                  
00001489  Reset_Handler                   
00001485  SPI0_IRQHandler                 
00001485  SPI1_IRQHandler                 
00001485  SVC_Handler                     
0000092d  SYSCFG_DL_Bluetooth_init        
000012d9  SYSCFG_DL_DMA_CH0_init          
00001473  SYSCFG_DL_DMA_init              
00000b21  SYSCFG_DL_ENCODER_TIM0_init     
00000b55  SYSCFG_DL_ENCODER_TIM1_init     
000000c1  SYSCFG_DL_GPIO_init             
000009bd  SYSCFG_DL_Gyroscpe_init         
00000795  SYSCFG_DL_I2C_OLED_init         
000005a9  SYSCFG_DL_PWM_0_init            
0000062d  SYSCFG_DL_PWM_1_init            
00000ef1  SYSCFG_DL_SYSCTL_init           
00000729  SYSCFG_DL_grayscale_init        
00000975  SYSCFG_DL_init                  
000003ad  SYSCFG_DL_initPower             
000010c5  SysTick_Handler                 
00001485  TIMA0_IRQHandler                
00001485  TIMA1_IRQHandler                
00001485  TIMG0_IRQHandler                
00001485  TIMG12_IRQHandler               
00001485  TIMG6_IRQHandler                
00001485  TIMG7_IRQHandler                
00001485  TIMG8_IRQHandler                
00001425  TI_memcpy_small                 
00000b89  UART0_IRQHandler                
00001485  UART1_IRQHandler                
00000471  UART2_IRQHandler                
00001485  UART3_IRQHandler                
20208000  __STACK_END                     
00000200  __STACK_SIZE                    
00000000  __TI_ATRegion0_region_sz        
00000000  __TI_ATRegion0_src_addr         
00000000  __TI_ATRegion0_trg_addr         
00000000  __TI_ATRegion1_region_sz        
00000000  __TI_ATRegion1_src_addr         
00000000  __TI_ATRegion1_trg_addr         
00000000  __TI_ATRegion2_region_sz        
00000000  __TI_ATRegion2_src_addr         
00000000  __TI_ATRegion2_trg_addr         
00001554  __TI_CINIT_Base                 
00001564  __TI_CINIT_Limit                
00001564  __TI_CINIT_Warm                 
00001540  __TI_Handler_Table_Base         
0000154c  __TI_Handler_Table_Limit        
00000ab1  __TI_auto_init_nobinit_nopinit  
000006b1  __TI_decompress_lzss            
00001437  __TI_decompress_none            
ffffffff  __TI_pprof_out_hndl             
ffffffff  __TI_prof_data_size             
ffffffff  __TI_prof_data_start            
00000000  __TI_static_base__              
0000135f  __TI_zero_init_nomemset         
0000147d  __aeabi_memcpy                  
0000147d  __aeabi_memcpy4                 
0000147d  __aeabi_memcpy8                 
ffffffff  __binit__                       
UNDEFED   __mpu_init                      
20207e00  __stack                         
20200000  __start___llvm_prf_bits         
20200000  __start___llvm_prf_cnts         
20200000  __stop___llvm_prf_bits          
20200000  __stop___llvm_prf_cnts          
00000e31  _c_int00_noargs                 
UNDEFED   _system_post_cinit              
0000148d  _system_pre_init                
00001491  abort                           
ffffffff  binit                           
2020014c  delay_times                     
2020011b  gCheckGrayScale                 
20200000  gENCODER_TIM1Backup             
20200078  gPWM_0Backup                    
202000f0  gRxGraycScalePacket             
2020014a  grayscale_data                  
20200142  grayscale_strat_str             
00000000  interruptVectors                
00000de1  main                            
2020011c  motor                           
00000c9d  uart0_send_char                 
00000a75  uart0_send_string               
00000e09  wGrayScale_Data                 


GLOBAL SYMBOLS: SORTED BY Symbol Address 

address   name                            
-------   ----                            
00000000  __TI_ATRegion0_region_sz        
00000000  __TI_ATRegion0_src_addr         
00000000  __TI_ATRegion0_trg_addr         
00000000  __TI_ATRegion1_region_sz        
00000000  __TI_ATRegion1_src_addr         
00000000  __TI_ATRegion1_trg_addr         
00000000  __TI_ATRegion2_region_sz        
00000000  __TI_ATRegion2_src_addr         
00000000  __TI_ATRegion2_trg_addr         
00000000  __TI_static_base__              
00000000  interruptVectors                
000000c1  SYSCFG_DL_GPIO_init             
00000200  __STACK_SIZE                    
00000201  DL_Timer_initTimerMode          
000002e9  DL_Timer_initPWMMode            
000003ad  SYSCFG_DL_initPower             
00000471  UART2_IRQHandler                
00000521  GROUP1_IRQHandler               
000005a9  SYSCFG_DL_PWM_0_init            
0000062d  SYSCFG_DL_PWM_1_init            
000006b1  __TI_decompress_lzss            
00000729  SYSCFG_DL_grayscale_init        
00000795  SYSCFG_DL_I2C_OLED_init         
000007f9  GrayScale_Init                  
0000084d  DL_DMA_initChannel              
000008e5  DL_UART_init                    
0000092d  SYSCFG_DL_Bluetooth_init        
00000975  SYSCFG_DL_init                  
000009bd  SYSCFG_DL_Gyroscpe_init         
00000a39  GrayScale_Send_String           
00000a75  uart0_send_string               
00000ab1  __TI_auto_init_nobinit_nopinit  
00000b21  SYSCFG_DL_ENCODER_TIM0_init     
00000b55  SYSCFG_DL_ENCODER_TIM1_init     
00000b89  UART0_IRQHandler                
00000bed  GrayScale_Send_Char             
00000c9d  uart0_send_char                 
00000de1  main                            
00000e09  wGrayScale_Data                 
00000e31  _c_int00_noargs                 
00000ecb  DL_I2C_setClockConfig           
00000ef1  SYSCFG_DL_SYSCTL_init           
00000f35  GrayScale_Start                 
00001071  DL_Timer_setCaptCompUpdateMethod
0000108d  DL_Timer_setClockConfig         
000010c5  SysTick_Handler                 
00001231  DL_Timer_setCaptureCompareOutCtl
000012d9  SYSCFG_DL_DMA_CH0_init          
000012f1  Bluetooth_Init                  
0000135f  __TI_zero_init_nomemset         
00001413  DL_UART_setClockConfig          
00001425  TI_memcpy_small                 
00001437  __TI_decompress_none            
00001459  DL_Timer_setCaptureCompareValue 
00001469  DL_Common_delayCycles           
00001473  SYSCFG_DL_DMA_init              
0000147d  __aeabi_memcpy                  
0000147d  __aeabi_memcpy4                 
0000147d  __aeabi_memcpy8                 
00001485  ADC0_IRQHandler                 
00001485  ADC1_IRQHandler                 
00001485  AES_IRQHandler                  
00001485  CANFD0_IRQHandler               
00001485  DAC0_IRQHandler                 
00001485  DMA_IRQHandler                  
00001485  Default_Handler                 
00001485  GROUP0_IRQHandler               
00001485  HardFault_Handler               
00001485  I2C0_IRQHandler                 
00001485  I2C1_IRQHandler                 
00001485  NMI_Handler                     
00001485  PendSV_Handler                  
00001485  RTC_IRQHandler                  
00001485  SPI0_IRQHandler                 
00001485  SPI1_IRQHandler                 
00001485  SVC_Handler                     
00001485  TIMA0_IRQHandler                
00001485  TIMA1_IRQHandler                
00001485  TIMG0_IRQHandler                
00001485  TIMG12_IRQHandler               
00001485  TIMG6_IRQHandler                
00001485  TIMG7_IRQHandler                
00001485  TIMG8_IRQHandler                
00001485  UART1_IRQHandler                
00001485  UART3_IRQHandler                
00001489  Reset_Handler                   
0000148d  _system_pre_init                
00001490  C$$EXIT                         
00001491  abort                           
00001540  __TI_Handler_Table_Base         
0000154c  __TI_Handler_Table_Limit        
00001554  __TI_CINIT_Base                 
00001564  __TI_CINIT_Limit                
00001564  __TI_CINIT_Warm                 
20200000  __start___llvm_prf_bits         
20200000  __start___llvm_prf_cnts         
20200000  __stop___llvm_prf_bits          
20200000  __stop___llvm_prf_cnts          
20200000  gENCODER_TIM1Backup             
20200078  gPWM_0Backup                    
202000f0  gRxGraycScalePacket             
2020011b  gCheckGrayScale                 
2020011c  motor                           
20200134  Bluetooth_BUF                   
20200142  grayscale_strat_str             
2020014a  grayscale_data                  
2020014c  delay_times                     
20207e00  __stack                         
20208000  __STACK_END                     
ffffffff  __TI_pprof_out_hndl             
ffffffff  __TI_prof_data_size             
ffffffff  __TI_prof_data_start            
ffffffff  __binit__                       
ffffffff  binit                           
UNDEFED   __mpu_init                      
UNDEFED   _system_post_cinit              

[116 symbols]
