******************************************************************************
            TI ARM Clang Linker PC v3.2.2                      
******************************************************************************
>> Linked Tue May 20 00:55:06 2025

OUTPUT FILE NAME:   <24H_01_init_to_hardware.out>
ENTRY POINT SYMBOL: "_c_int00_noargs"  address: 00000e99


MEMORY CONFIGURATION

         name            origin    length      used     unused   attr    fill
----------------------  --------  ---------  --------  --------  ----  --------
  FLASH                 00000000   00020000  000014d0  0001eb30  R  X
  SRAM                  20200000   00008000  00000345  00007cbb  RW X
  BCR_CONFIG            41c00000   00000080  00000000  00000080  R   
  BSL_CONFIG            41c00100   00000080  00000000  00000080  R   


SEGMENT ALLOCATION MAP

run origin  load origin   length   init length attrs members
----------  ----------- ---------- ----------- ----- -------
00000000    00000000    000014d0   000014d0    r-x
  00000000    00000000    000000c0   000000c0    r-- .intvecs
  000000c0    000000c0    00001378   00001378    r-x .text
  00001438    00001438    00000080   00000080    r-- .rodata
  000014b8    000014b8    00000018   00000018    r-- .cinit
20200000    20200000    00000145   00000000    rw-
  20200000    20200000    00000145   00000000    rw- .bss
20207e00    20207e00    00000200   00000000    rw-
  20207e00    20207e00    00000200   00000000    rw- .stack


SECTION ALLOCATION MAP

 output                                  attributes/
section   page    origin      length       input sections
--------  ----  ----------  ----------   ----------------
.intvecs   0    00000000    000000c0     
                  00000000    000000c0     startup_mspm0g350x_ticlang.o (.intvecs)

.text      0    000000c0    00001378     
                  000000c0    00000164     ti_msp_dl_config.o (.text.SYSCFG_DL_GPIO_init)
                  00000224    000000e8     driverlib.a : dl_timer.o (.text.DL_Timer_initTimerMode)
                  0000030c    000000d8     libclang_rt.builtins.a : addsf3.S.obj (.text)
                  000003e4    000000c4     driverlib.a : dl_timer.o (.text.DL_Timer_initPWMMode)
                  000004a8    000000c4     ti_msp_dl_config.o (.text.SYSCFG_DL_initPower)
                  0000056c    00000098     main.o (.text.main)
                  00000604    00000090     isr.o (.text.UART0_IRQHandler)
                  00000694    00000088     isr.o (.text.GROUP1_IRQHandler)
                  0000071c    00000084     ti_msp_dl_config.o (.text.SYSCFG_DL_PWM_0_init)
                  000007a0    00000084     ti_msp_dl_config.o (.text.SYSCFG_DL_PWM_1_init)
                  00000824    00000084     ti_msp_dl_config.o (.text.__NVIC_SetPriority)
                  000008a8    00000064     ti_msp_dl_config.o (.text.SYSCFG_DL_I2C_OLED_init)
                  0000090c    0000005c     motor.o (.text.motor_init)
                  00000968    00000054     ti_msp_dl_config.o (.text.SYSCFG_DL_Bluetooth_init)
                  000009bc    00000050     ti_msp_dl_config.o (.text.SysTick_Config)
                  00000a0c    0000004c     ti_msp_dl_config.o (.text.DL_UART_setBaudRateDivisor)
                  00000a58    00000048     driverlib.a : dl_uart.o (.text.DL_UART_init)
                  00000aa0    00000048     ti_msp_dl_config.o (.text.SYSCFG_DL_init)
                  00000ae8    00000040     ti_msp_dl_config.o (.text.SYSCFG_DL_Gyroscpe_init)
                  00000b28    00000040     ti_msp_dl_config.o (.text.SYSCFG_DL_grayscale_init)
                  00000b68    00000040     motor.o (.text.motor_duty)
                  00000ba8    0000003c     ti_msp_dl_config.o (.text.DL_GPIO_initPeripheralInputFunctionFeatures)
                  00000be4    0000003c     ti_msp_dl_config.o (.text.SYSCFG_DL_ENCODER_TIM0_init)
                  00000c20    0000003c     ti_msp_dl_config.o (.text.SYSCFG_DL_ENCODER_TIM1_init)
                  00000c5c    0000003c     bluetooth.o (.text.uart0_send_string)
                  00000c98    0000003c     libc.a : autoinit.c.obj (.text:__TI_auto_init_nobinit_nopinit)
                  00000cd4    00000038     libclang_rt.builtins.a : fixsfsi.S.obj (.text.__fixsfsi)
                  00000d0c    00000034     ti_msp_dl_config.o (.text.DL_GPIO_initDigitalInputFeatures)
                  00000d40    00000030     ti_msp_dl_config.o (.text.DL_GPIO_initDigitalOutputFeatures)
                  00000d70    0000002c     main.o (.text.__NVIC_ClearPendingIRQ)
                  00000d9c    0000002c     main.o (.text.__NVIC_EnableIRQ)
                  00000dc8    0000002c     motor.o (.text.gpio_set)
                  00000df4    0000002c     bluetooth.o (.text.uart0_send_char)
                  00000e20    00000028     ti_msp_dl_config.o (.text.DL_Common_updateReg)
                  00000e48    00000028     ti_msp_dl_config.o (.text.DL_I2C_setControllerRXFIFOThreshold)
                  00000e70    00000028     ti_msp_dl_config.o (.text.DL_I2C_setControllerTXFIFOThreshold)
                  00000e98    00000028     libc.a : boot_cortex_m.c.obj (.text:_c_int00_noargs)
                  00000ec0    00000026     ti_msp_dl_config.o (.text.DL_I2C_setAnalogGlitchFilterPulseWidth)
                  00000ee6    00000026     driverlib.a : dl_i2c.o (.text.DL_I2C_setClockConfig)
                  00000f0c    00000022     ti_msp_dl_config.o (.text.SYSCFG_DL_SYSCTL_init)
                  00000f2e    00000002     --HOLE-- [fill = 0]
                  00000f30    00000020     ti_msp_dl_config.o (.text.DL_GPIO_initPeripheralInputFunction)
                  00000f50    0000001e     ti_msp_dl_config.o (.text.DL_UART_setOversampling)
                  00000f6e    00000002     --HOLE-- [fill = 0]
                  00000f70    0000001c     ti_msp_dl_config.o (.text.DL_GPIO_clearInterruptStatus)
                  00000f8c    0000001c     ti_msp_dl_config.o (.text.DL_GPIO_enableHiZ)
                  00000fa8    0000001c     ti_msp_dl_config.o (.text.DL_GPIO_enableInterrupt)
                  00000fc4    0000001c     ti_msp_dl_config.o (.text.DL_GPIO_initDigitalInput)
                  00000fe0    0000001c     ti_msp_dl_config.o (.text.DL_GPIO_initPeripheralOutputFunction)
                  00000ffc    0000001c     ti_msp_dl_config.o (.text.DL_I2C_enableInterrupt)
                  00001018    0000001c     isr.o (.text.DL_Interrupt_getPendingGroup)
                  00001034    0000001c     ti_msp_dl_config.o (.text.DL_SYSCTL_setSYSOSCFreq)
                  00001050    0000001c     ti_msp_dl_config.o (.text.DL_Timer_enableInterrupt)
                  0000106c    0000001c     driverlib.a : dl_timer.o (.text.DL_Timer_setCaptCompUpdateMethod)
                  00001088    0000001c                 : dl_timer.o (.text.DL_Timer_setClockConfig)
                  000010a4    0000001c     ti_msp_dl_config.o (.text.DL_UART_enableInterrupt)
                  000010c0    0000001c     isr.o (.text.SysTick_Handler)
                  000010dc    00000018     ti_msp_dl_config.o (.text.DL_GPIO_enableOutput)
                  000010f4    00000018     ti_msp_dl_config.o (.text.DL_GPIO_enablePower)
                  0000110c    00000018     ti_msp_dl_config.o (.text.DL_GPIO_initDigitalOutput)
                  00001124    00000018     ti_msp_dl_config.o (.text.DL_GPIO_reset)
                  0000113c    00000018     isr.o (.text.DL_GPIO_setPins)
                  00001154    00000018     motor.o (.text.DL_GPIO_setPins)
                  0000116c    00000018     ti_msp_dl_config.o (.text.DL_GPIO_setUpperPinsPolarity)
                  00001184    00000018     ti_msp_dl_config.o (.text.DL_I2C_enableAnalogGlitchFilter)
                  0000119c    00000018     ti_msp_dl_config.o (.text.DL_I2C_enableController)
                  000011b4    00000018     ti_msp_dl_config.o (.text.DL_I2C_enableControllerClockStretching)
                  000011cc    00000018     ti_msp_dl_config.o (.text.DL_I2C_enablePower)
                  000011e4    00000018     ti_msp_dl_config.o (.text.DL_I2C_reset)
                  000011fc    00000018     ti_msp_dl_config.o (.text.DL_I2C_setTimerPeriod)
                  00001214    00000018     ti_msp_dl_config.o (.text.DL_SYSCTL_setBORThreshold)
                  0000122c    00000018     ti_msp_dl_config.o (.text.DL_Timer_enablePower)
                  00001244    00000018     ti_msp_dl_config.o (.text.DL_Timer_reset)
                  0000125c    00000018     driverlib.a : dl_timer.o (.text.DL_Timer_setCaptureCompareOutCtl)
                  00001274    00000018     ti_msp_dl_config.o (.text.DL_UART_enablePower)
                  0000128c    00000018     bluetooth.o (.text.DL_UART_isBusy)
                  000012a4    00000018     ti_msp_dl_config.o (.text.DL_UART_reset)
                  000012bc    00000016     isr.o (.text.DL_GPIO_readPins)
                  000012d2    00000016     ti_msp_dl_config.o (.text.DL_UART_enable)
                  000012e8    00000016     bluetooth.o (.text.DL_UART_transmitData)
                  000012fe    00000016     libc.a : copy_zero_init.c.obj (.text:decompress:ZI:__TI_zero_init_nomemset)
                  00001314    00000014     isr.o (.text.DL_GPIO_clearPins)
                  00001328    00000014     motor.o (.text.DL_GPIO_clearPins)
                  0000133c    00000014     ti_msp_dl_config.o (.text.DL_GPIO_clearPins)
                  00001350    00000014     ti_msp_dl_config.o (.text.DL_I2C_resetControllerTransfer)
                  00001364    00000014     ti_msp_dl_config.o (.text.DL_SYSCTL_disableSYSPLL)
                  00001378    00000014     ti_msp_dl_config.o (.text.DL_SYSCTL_enableMFCLK)
                  0000138c    00000014     ti_msp_dl_config.o (.text.DL_Timer_enableClock)
                  000013a0    00000014     ti_msp_dl_config.o (.text.DL_Timer_setCCPDirection)
                  000013b4    00000014     isr.o (.text.DL_UART_receiveData)
                  000013c8    00000012     isr.o (.text.DL_UART_getPendingInterrupt)
                  000013da    00000012     driverlib.a : dl_uart.o (.text.DL_UART_setClockConfig)
                  000013ec    00000010     ti_msp_dl_config.o (.text.DL_SYSCTL_disableHFXT)
                  000013fc    00000010     driverlib.a : dl_timer.o (.text.DL_Timer_setCaptureCompareValue)
                  0000140c    0000000c     ti_msp_dl_config.o (.text.SYSCFG_DL_SYSTICK_init)
                  00001418    0000000a     driverlib.a : dl_common.o (.text.DL_Common_delayCycles)
                  00001422    00000004     startup_mspm0g350x_ticlang.o (.text.Default_Handler)
                  00001426    00000004     startup_mspm0g350x_ticlang.o (.text.Reset_Handler)
                  0000142a    00000004     libc.a : pre_init.c.obj (.text._system_pre_init)
                  0000142e    00000004            : exit.c.obj (.text:abort)
                  00001432    00000006     --HOLE-- [fill = 0]

.cinit     0    000014b8    00000018     
                  000014b8    00000008     (.cinit..bss.load) [load image, compression = zero_init]
                  000014c0    00000004     (__TI_handler_table)
                  000014c4    00000008     (__TI_cinit_table)
                  000014cc    00000004     --HOLE-- [fill = 0]

.rodata    0    00001438    00000080     
                  00001438    00000014     ti_msp_dl_config.o (.rodata.gENCODER_TIM0TimerConfig)
                  0000144c    00000014     ti_msp_dl_config.o (.rodata.gENCODER_TIM1TimerConfig)
                  00001460    0000000a     ti_msp_dl_config.o (.rodata.gBluetoothConfig)
                  0000146a    0000000a     ti_msp_dl_config.o (.rodata.gGyroscpeConfig)
                  00001474    0000000a     ti_msp_dl_config.o (.rodata.ggrayscaleConfig)
                  0000147e    00000002     ti_msp_dl_config.o (.rodata.gBluetoothClockConfig)
                  00001480    00000008     ti_msp_dl_config.o (.rodata.gPWM_0Config)
                  00001488    00000008     ti_msp_dl_config.o (.rodata.gPWM_1Config)
                  00001490    00000008     isr.o (.rodata.str1.106322547073961237901)
                  00001498    00000008     main.o (.rodata.str1.176328792963337784071)
                  000014a0    00000003     ti_msp_dl_config.o (.rodata.gENCODER_TIM0ClockConfig)
                  000014a3    00000003     ti_msp_dl_config.o (.rodata.gENCODER_TIM1ClockConfig)
                  000014a6    00000003     ti_msp_dl_config.o (.rodata.gPWM_0ClockConfig)
                  000014a9    00000003     ti_msp_dl_config.o (.rodata.gPWM_1ClockConfig)
                  000014ac    00000002     ti_msp_dl_config.o (.rodata.gGyroscpeClockConfig)
                  000014ae    00000002     ti_msp_dl_config.o (.rodata.gI2C_OLEDClockConfig)
                  000014b0    00000002     ti_msp_dl_config.o (.rodata.ggrayscaleClockConfig)
                  000014b2    00000006     --HOLE-- [fill = 0]

.init_array 
*          0    00000000    00000000     UNINITIALIZED

.binit     0    00000000    00000000     

.bss       0    20200000    00000145     UNINITIALIZED
                  20200000    00000078     (.common:gENCODER_TIM1Backup)
                  20200078    00000078     (.common:gPWM_0Backup)
                  202000f0    00000038     (.common:motorA)
                  20200128    00000018     (.common:motor)
                  20200140    00000004     (.common:delay_times)
                  20200144    00000001     (.common:uart_data)

.stack     0    20207e00    00000200     UNINITIALIZED
                  20207e00    00000004     libc.a : boot_cortex_m.c.obj (.stack)
                  20207e04    000001fc     --HOLE--

__llvm_prf_cnts 
*          0    20200000    00000000     UNINITIALIZED

__llvm_prf_bits 
*          0    20200000    00000000     UNINITIALIZED

MODULE SUMMARY

       Module                         code   ro data   rw data
       ------                         ----   -------   -------
    .\
       ti_msp_dl_config.o             2828   106       240    
       isr.o                          440    8         0      
       main.o                         240    8         0      
       startup_mspm0g350x_ticlang.o   8      192       0      
    +--+------------------------------+------+---------+---------+
       Total:                         3516   314       240    
                                                              
    .\Sys\
       delay.o                        0      0         4      
    +--+------------------------------+------+---------+---------+
       Total:                         0      0         4      
                                                              
    .\hardware\
       motor.o                        244    0         24     
       bluetooth.o                    150    0         1      
    +--+------------------------------+------+---------+---------+
       Total:                         394    0         25     
                                                              
    .\pid\
       pid.o                          0      0         56     
    +--+------------------------------+------+---------+---------+
       Total:                         0      0         56     
                                                              
    C:/ti/mspm0_sdk_2_01_00_03/source/ti/driverlib/lib/ticlang/m0p/mspm0g1x0x_g3x0x/driverlib.a
       dl_timer.o                     524    0         0      
       dl_uart.o                      90     0         0      
       dl_i2c.o                       38     0         0      
       dl_common.o                    10     0         0      
    +--+------------------------------+------+---------+---------+
       Total:                         662    0         0      
                                                              
    C:\ti\ccstheia141\ccs\tools\compiler\ti-cgt-armllvm_3.2.2.LTS\lib\armv6m-ti-none-eabi/c/libc.a
       autoinit.c.obj                 60     0         0      
       boot_cortex_m.c.obj            40     0         0      
       copy_zero_init.c.obj           22     0         0      
       exit.c.obj                     4      0         0      
       pre_init.c.obj                 4      0         0      
    +--+------------------------------+------+---------+---------+
       Total:                         130    0         0      
                                                              
    C:\ti\ccstheia141\ccs\tools\compiler\ti-cgt-armllvm_3.2.2.LTS\lib\clang/15.0.7/lib/armv6m-ti-none-eabi/libclang_rt.builtins.a
       addsf3.S.obj                   216    0         0      
       fixsfsi.S.obj                  56     0         0      
    +--+------------------------------+------+---------+---------+
       Total:                         272    0         0      
                                                              
       Stack:                         0      0         512    
       Linker Generated:              0      20        0      
    +--+------------------------------+------+---------+---------+
       Grand Total:                   4974   334       837    


LINKER GENERATED COPY TABLES

__TI_cinit_table @ 000014c4 records: 1, size/record: 8, table size: 8
	.bss: load addr=000014b8, load size=00000008 bytes, run addr=20200000, run size=00000145 bytes, compression=zero_init


LINKER GENERATED HANDLER TABLE

__TI_handler_table @ 000014c0 records: 1, size/record: 4, table size: 4
	index: 0, handler: __TI_zero_init


GLOBAL SYMBOLS: SORTED ALPHABETICALLY BY Name 

address   name                            
-------   ----                            
00001423  ADC0_IRQHandler                 
00001423  ADC1_IRQHandler                 
00001423  AES_IRQHandler                  
0000142e  C$$EXIT                         
00001423  CANFD0_IRQHandler               
00001423  DAC0_IRQHandler                 
00001419  DL_Common_delayCycles           
00000ee7  DL_I2C_setClockConfig           
000003e5  DL_Timer_initPWMMode            
00000225  DL_Timer_initTimerMode          
0000106d  DL_Timer_setCaptCompUpdateMethod
0000125d  DL_Timer_setCaptureCompareOutCtl
000013fd  DL_Timer_setCaptureCompareValue 
00001089  DL_Timer_setClockConfig         
00000a59  DL_UART_init                    
000013db  DL_UART_setClockConfig          
00001423  DMA_IRQHandler                  
00001423  Default_Handler                 
00001423  GROUP0_IRQHandler               
00000695  GROUP1_IRQHandler               
00001423  HardFault_Handler               
00001423  I2C0_IRQHandler                 
00001423  I2C1_IRQHandler                 
00001423  NMI_Handler                     
00001423  PendSV_Handler                  
00001423  RTC_IRQHandler                  
00001427  Reset_Handler                   
00001423  SPI0_IRQHandler                 
00001423  SPI1_IRQHandler                 
00001423  SVC_Handler                     
00000969  SYSCFG_DL_Bluetooth_init        
00000be5  SYSCFG_DL_ENCODER_TIM0_init     
00000c21  SYSCFG_DL_ENCODER_TIM1_init     
000000c1  SYSCFG_DL_GPIO_init             
00000ae9  SYSCFG_DL_Gyroscpe_init         
000008a9  SYSCFG_DL_I2C_OLED_init         
0000071d  SYSCFG_DL_PWM_0_init            
000007a1  SYSCFG_DL_PWM_1_init            
00000f0d  SYSCFG_DL_SYSCTL_init           
0000140d  SYSCFG_DL_SYSTICK_init          
00000b29  SYSCFG_DL_grayscale_init        
00000aa1  SYSCFG_DL_init                  
000004a9  SYSCFG_DL_initPower             
000010c1  SysTick_Handler                 
00001423  TIMA0_IRQHandler                
00001423  TIMA1_IRQHandler                
00001423  TIMG0_IRQHandler                
00001423  TIMG12_IRQHandler               
00001423  TIMG6_IRQHandler                
00001423  TIMG7_IRQHandler                
00001423  TIMG8_IRQHandler                
00000605  UART0_IRQHandler                
00001423  UART1_IRQHandler                
00001423  UART2_IRQHandler                
00001423  UART3_IRQHandler                
20208000  __STACK_END                     
00000200  __STACK_SIZE                    
00000000  __TI_ATRegion0_region_sz        
00000000  __TI_ATRegion0_src_addr         
00000000  __TI_ATRegion0_trg_addr         
00000000  __TI_ATRegion1_region_sz        
00000000  __TI_ATRegion1_src_addr         
00000000  __TI_ATRegion1_trg_addr         
00000000  __TI_ATRegion2_region_sz        
00000000  __TI_ATRegion2_src_addr         
00000000  __TI_ATRegion2_trg_addr         
000014c4  __TI_CINIT_Base                 
000014cc  __TI_CINIT_Limit                
000014cc  __TI_CINIT_Warm                 
000014c0  __TI_Handler_Table_Base         
000014c4  __TI_Handler_Table_Limit        
00000c99  __TI_auto_init_nobinit_nopinit  
ffffffff  __TI_pprof_out_hndl             
ffffffff  __TI_prof_data_size             
ffffffff  __TI_prof_data_start            
00000000  __TI_static_base__              
000012ff  __TI_zero_init_nomemset         
00000317  __addsf3                        
00000cd5  __aeabi_f2iz                    
00000317  __aeabi_fadd                    
0000030d  __aeabi_fsub                    
ffffffff  __binit__                       
00000cd5  __fixsfsi                       
UNDEFED   __mpu_init                      
20207e00  __stack                         
20200000  __start___llvm_prf_bits         
20200000  __start___llvm_prf_cnts         
20200000  __stop___llvm_prf_bits          
20200000  __stop___llvm_prf_cnts          
0000030d  __subsf3                        
00000e99  _c_int00_noargs                 
UNDEFED   _system_post_cinit              
0000142b  _system_pre_init                
0000142f  abort                           
ffffffff  binit                           
20200140  delay_times                     
20200000  gENCODER_TIM1Backup             
20200078  gPWM_0Backup                    
00000dc9  gpio_set                        
00000000  interruptVectors                
0000056d  main                            
20200128  motor                           
202000f0  motorA                          
00000b69  motor_duty                      
0000090d  motor_init                      
00000df5  uart0_send_char                 
00000c5d  uart0_send_string               
20200144  uart_data                       


GLOBAL SYMBOLS: SORTED BY Symbol Address 

address   name                            
-------   ----                            
00000000  __TI_ATRegion0_region_sz        
00000000  __TI_ATRegion0_src_addr         
00000000  __TI_ATRegion0_trg_addr         
00000000  __TI_ATRegion1_region_sz        
00000000  __TI_ATRegion1_src_addr         
00000000  __TI_ATRegion1_trg_addr         
00000000  __TI_ATRegion2_region_sz        
00000000  __TI_ATRegion2_src_addr         
00000000  __TI_ATRegion2_trg_addr         
00000000  __TI_static_base__              
00000000  interruptVectors                
000000c1  SYSCFG_DL_GPIO_init             
00000200  __STACK_SIZE                    
00000225  DL_Timer_initTimerMode          
0000030d  __aeabi_fsub                    
0000030d  __subsf3                        
00000317  __addsf3                        
00000317  __aeabi_fadd                    
000003e5  DL_Timer_initPWMMode            
000004a9  SYSCFG_DL_initPower             
0000056d  main                            
00000605  UART0_IRQHandler                
00000695  GROUP1_IRQHandler               
0000071d  SYSCFG_DL_PWM_0_init            
000007a1  SYSCFG_DL_PWM_1_init            
000008a9  SYSCFG_DL_I2C_OLED_init         
0000090d  motor_init                      
00000969  SYSCFG_DL_Bluetooth_init        
00000a59  DL_UART_init                    
00000aa1  SYSCFG_DL_init                  
00000ae9  SYSCFG_DL_Gyroscpe_init         
00000b29  SYSCFG_DL_grayscale_init        
00000b69  motor_duty                      
00000be5  SYSCFG_DL_ENCODER_TIM0_init     
00000c21  SYSCFG_DL_ENCODER_TIM1_init     
00000c5d  uart0_send_string               
00000c99  __TI_auto_init_nobinit_nopinit  
00000cd5  __aeabi_f2iz                    
00000cd5  __fixsfsi                       
00000dc9  gpio_set                        
00000df5  uart0_send_char                 
00000e99  _c_int00_noargs                 
00000ee7  DL_I2C_setClockConfig           
00000f0d  SYSCFG_DL_SYSCTL_init           
0000106d  DL_Timer_setCaptCompUpdateMethod
00001089  DL_Timer_setClockConfig         
000010c1  SysTick_Handler                 
0000125d  DL_Timer_setCaptureCompareOutCtl
000012ff  __TI_zero_init_nomemset         
000013db  DL_UART_setClockConfig          
000013fd  DL_Timer_setCaptureCompareValue 
0000140d  SYSCFG_DL_SYSTICK_init          
00001419  DL_Common_delayCycles           
00001423  ADC0_IRQHandler                 
00001423  ADC1_IRQHandler                 
00001423  AES_IRQHandler                  
00001423  CANFD0_IRQHandler               
00001423  DAC0_IRQHandler                 
00001423  DMA_IRQHandler                  
00001423  Default_Handler                 
00001423  GROUP0_IRQHandler               
00001423  HardFault_Handler               
00001423  I2C0_IRQHandler                 
00001423  I2C1_IRQHandler                 
00001423  NMI_Handler                     
00001423  PendSV_Handler                  
00001423  RTC_IRQHandler                  
00001423  SPI0_IRQHandler                 
00001423  SPI1_IRQHandler                 
00001423  SVC_Handler                     
00001423  TIMA0_IRQHandler                
00001423  TIMA1_IRQHandler                
00001423  TIMG0_IRQHandler                
00001423  TIMG12_IRQHandler               
00001423  TIMG6_IRQHandler                
00001423  TIMG7_IRQHandler                
00001423  TIMG8_IRQHandler                
00001423  UART1_IRQHandler                
00001423  UART2_IRQHandler                
00001423  UART3_IRQHandler                
00001427  Reset_Handler                   
0000142b  _system_pre_init                
0000142e  C$$EXIT                         
0000142f  abort                           
000014c0  __TI_Handler_Table_Base         
000014c4  __TI_CINIT_Base                 
000014c4  __TI_Handler_Table_Limit        
000014cc  __TI_CINIT_Limit                
000014cc  __TI_CINIT_Warm                 
20200000  __start___llvm_prf_bits         
20200000  __start___llvm_prf_cnts         
20200000  __stop___llvm_prf_bits          
20200000  __stop___llvm_prf_cnts          
20200000  gENCODER_TIM1Backup             
20200078  gPWM_0Backup                    
202000f0  motorA                          
20200128  motor                           
20200140  delay_times                     
20200144  uart_data                       
20207e00  __stack                         
20208000  __STACK_END                     
ffffffff  __TI_pprof_out_hndl             
ffffffff  __TI_prof_data_size             
ffffffff  __TI_prof_data_start            
ffffffff  __binit__                       
ffffffff  binit                           
UNDEFED   __mpu_init                      
UNDEFED   _system_post_cinit              

[108 symbols]
