******************************************************************************
            TI ARM Clang Linker PC v3.2.2                      
******************************************************************************
>> Linked Sat May 17 15:32:37 2025

OUTPUT FILE NAME:   <24H_01_init_to_hardware.out>
ENTRY POINT SYMBOL: "_c_int00_noargs"  address: 00000ee9


MEMORY CONFIGURATION

         name            origin    length      used     unused   attr    fill
----------------------  --------  ---------  --------  --------  ----  --------
  FLASH                 00000000   00020000  00001ce8  0001e318  R  X
  SRAM                  20200000   00008000  000003b5  00007c4b  RW X
  BCR_CONFIG            41c00000   00000080  00000000  00000080  R   
  BSL_CONFIG            41c00100   00000080  00000000  00000080  R   


SEGMENT ALLOCATION MAP

run origin  load origin   length   init length attrs members
----------  ----------- ---------- ----------- ----- -------
00000000    00000000    00001ce8   00001ce8    r-x
  00000000    00000000    000000c0   000000c0    r-- .intvecs
  000000c0    000000c0    00001398   00001398    r-x .text
  00001458    00001458    00000858   00000858    r-- .rodata
  00001cb0    00001cb0    00000038   00000038    r-- .cinit
20200000    20200000    000001b5   00000000    rw-
  20200000    20200000    000001a8   00000000    rw- .bss
  202001a8    202001a8    0000000d   00000000    rw- .data
20207e00    20207e00    00000200   00000000    rw-
  20207e00    20207e00    00000200   00000000    rw- .stack


SECTION ALLOCATION MAP

 output                                  attributes/
section   page    origin      length       input sections
--------  ----  ----------  ----------   ----------------
.intvecs   0    00000000    000000c0     
                  00000000    000000c0     startup_mspm0g350x_ticlang.o (.intvecs)

.text      0    000000c0    00001398     
                  000000c0    00000198     oled.o (.text.OLED_ShowStr)
                  00000258    00000114     ti_msp_dl_config.o (.text.SYSCFG_DL_GPIO_init)
                  0000036c    000000d4     main.o (.text.UART0_IRQHandler)
                  00000440    000000c4     driverlib.a : dl_timer.o (.text.DL_Timer_initPWMMode)
                  00000504    000000bc     oled.o (.text.OLED_Init)
                  000005c0    0000008c     ti_msp_dl_config.o (.text.SYSCFG_DL_initPower)
                  0000064c    00000084     ti_msp_dl_config.o (.text.SYSCFG_DL_PWM_0_init)
                  000006d0    00000084     ti_msp_dl_config.o (.text.SYSCFG_DL_PWM_1_init)
                  00000754    00000080     driverlib.a : dl_timer.o (.text.DL_TimerA_initPWMMode)
                  000007d4    00000078     libc.a : copy_decompress_lzss.c.obj (.text:decompress:lzss)
                  0000084c    00000074     delay.o (.text.delay_us)
                  000008c0    00000070     oled.o (.text.I2C_WriteByte)
                  00000930    00000068     oled.o (.text.OLED_Fill)
                  00000998    00000064     ti_msp_dl_config.o (.text.SYSCFG_DL_I2C_0_init)
                  000009fc    0000005e     driverlib.a : dl_i2c.o (.text.DL_I2C_fillControllerTXFIFO)
                  00000a5a    00000002     --HOLE-- [fill = 0]
                  00000a5c    00000050     oled.o (.text.DL_I2C_startControllerTransfer)
                  00000aac    0000004c     ti_msp_dl_config.o (.text.DL_UART_setBaudRateDivisor)
                  00000af8    00000048     driverlib.a : dl_uart.o (.text.DL_UART_init)
                  00000b40    00000048     ti_msp_dl_config.o (.text.SYSCFG_DL_UART_0_init)
                  00000b88    00000044     main.o (.text.main)
                  00000bcc    00000040     ti_msp_dl_config.o (.text.SYSCFG_DL_Gyroscpe_init)
                  00000c0c    0000003c     ti_msp_dl_config.o (.text.DL_GPIO_initPeripheralInputFunctionFeatures)
                  00000c48    0000003c     driverlib.a : dl_i2c.o (.text.DL_I2C_flushControllerTXFIFO)
                  00000c84    0000003c     grayscale.o (.text.uart0_send_string)
                  00000cc0    0000003c     libc.a : autoinit.c.obj (.text:__TI_auto_init_nobinit_nopinit)
                  00000cfc    00000038     ti_msp_dl_config.o (.text.SYSCFG_DL_init)
                  00000d34    00000036     oled.o (.text.OLED_SetPos)
                  00000d6a    00000002     --HOLE-- [fill = 0]
                  00000d6c    0000002c     grayscale.o (.text.__NVIC_ClearPendingIRQ)
                  00000d98    0000002c     grayscale.o (.text.__NVIC_EnableIRQ)
                  00000dc4    0000002c     grayscale.o (.text.grayscale_start)
                  00000df0    0000002c     grayscale.o (.text.uart0_send_char)
                  00000e1c    0000002a     ti_msp_dl_config.o (.text.SYSCFG_DL_SYSCTL_init)
                  00000e46    00000028     oled.o (.text.DL_Common_updateReg)
                  00000e6e    00000028     ti_msp_dl_config.o (.text.DL_Common_updateReg)
                  00000e96    00000002     --HOLE-- [fill = 0]
                  00000e98    00000028     ti_msp_dl_config.o (.text.DL_I2C_setControllerRXFIFOThreshold)
                  00000ec0    00000028     ti_msp_dl_config.o (.text.DL_I2C_setControllerTXFIFOThreshold)
                  00000ee8    00000028     libc.a : boot_cortex_m.c.obj (.text:_c_int00_noargs)
                  00000f10    00000026     ti_msp_dl_config.o (.text.DL_I2C_setAnalogGlitchFilterPulseWidth)
                  00000f36    00000026     driverlib.a : dl_i2c.o (.text.DL_I2C_setClockConfig)
                  00000f5c    00000020     ti_msp_dl_config.o (.text.DL_GPIO_initPeripheralInputFunction)
                  00000f7c    0000001e     ti_msp_dl_config.o (.text.DL_UART_setOversampling)
                  00000f9a    00000002     --HOLE-- [fill = 0]
                  00000f9c    0000001c     ti_msp_dl_config.o (.text.DL_GPIO_clearInterruptStatus)
                  00000fb8    0000001c     ti_msp_dl_config.o (.text.DL_GPIO_enableHiZ)
                  00000fd4    0000001c     ti_msp_dl_config.o (.text.DL_GPIO_enableInterrupt)
                  00000ff0    0000001c     ti_msp_dl_config.o (.text.DL_GPIO_initDigitalInput)
                  0000100c    0000001c     ti_msp_dl_config.o (.text.DL_GPIO_initPeripheralOutputFunction)
                  00001028    0000001c     ti_msp_dl_config.o (.text.DL_I2C_enableInterrupt)
                  00001044    0000001c     ti_msp_dl_config.o (.text.DL_SYSCTL_setMCLKDivider)
                  00001060    0000001c     ti_msp_dl_config.o (.text.DL_SYSCTL_setSYSOSCFreq)
                  0000107c    0000001c     ti_msp_dl_config.o (.text.DL_SYSCTL_setULPCLKDivider)
                  00001098    0000001c     driverlib.a : dl_timer.o (.text.DL_Timer_setCaptCompUpdateMethod)
                  000010b4    0000001c                 : dl_timer.o (.text.DL_Timer_setClockConfig)
                  000010d0    0000001c     ti_msp_dl_config.o (.text.DL_UART_enableInterrupt)
                  000010ec    0000001c     delay.o (.text.SysTick_Handler)
                  00001108    00000018     ti_msp_dl_config.o (.text.DL_GPIO_enableOutput)
                  00001120    00000018     ti_msp_dl_config.o (.text.DL_GPIO_enablePower)
                  00001138    00000018     ti_msp_dl_config.o (.text.DL_GPIO_initDigitalOutput)
                  00001150    00000018     ti_msp_dl_config.o (.text.DL_GPIO_reset)
                  00001168    00000018     ti_msp_dl_config.o (.text.DL_GPIO_setUpperPinsPolarity)
                  00001180    00000018     ti_msp_dl_config.o (.text.DL_I2C_enableAnalogGlitchFilter)
                  00001198    00000018     ti_msp_dl_config.o (.text.DL_I2C_enableController)
                  000011b0    00000018     ti_msp_dl_config.o (.text.DL_I2C_enableControllerClockStretching)
                  000011c8    00000018     ti_msp_dl_config.o (.text.DL_I2C_enablePower)
                  000011e0    00000018     ti_msp_dl_config.o (.text.DL_I2C_reset)
                  000011f8    00000018     ti_msp_dl_config.o (.text.DL_I2C_setTimerPeriod)
                  00001210    00000018     ti_msp_dl_config.o (.text.DL_SYSCTL_setBORThreshold)
                  00001228    00000018     ti_msp_dl_config.o (.text.DL_Timer_enablePower)
                  00001240    00000018     ti_msp_dl_config.o (.text.DL_Timer_reset)
                  00001258    00000018     driverlib.a : dl_timer.o (.text.DL_Timer_setCaptureCompareOutCtl)
                  00001270    00000018     ti_msp_dl_config.o (.text.DL_UART_enablePower)
                  00001288    00000018     grayscale.o (.text.DL_UART_isBusy)
                  000012a0    00000018     ti_msp_dl_config.o (.text.DL_UART_reset)
                  000012b8    00000016     ti_msp_dl_config.o (.text.DL_UART_enable)
                  000012ce    00000016     grayscale.o (.text.DL_UART_transmitData)
                  000012e4    00000016     oled.o (.text.WriteCmd)
                  000012fa    00000016     oled.o (.text.WriteData)
                  00001310    00000016     delay.o (.text.delay_ms)
                  00001326    00000016     libc.a : copy_zero_init.c.obj (.text:decompress:ZI:__TI_zero_init_nomemset)
                  0000133c    00000014     ti_msp_dl_config.o (.text.DL_GPIO_clearPins)
                  00001350    00000014     oled.o (.text.DL_I2C_getControllerStatus)
                  00001364    00000014     ti_msp_dl_config.o (.text.DL_I2C_resetControllerTransfer)
                  00001378    00000014     ti_msp_dl_config.o (.text.DL_SYSCTL_disableSYSPLL)
                  0000138c    00000014     ti_msp_dl_config.o (.text.DL_Timer_enableClock)
                  000013a0    00000014     ti_msp_dl_config.o (.text.DL_Timer_setCCPDirection)
                  000013b4    00000014     main.o (.text.DL_UART_receiveData)
                  000013c8    00000012     main.o (.text.DL_UART_getPendingInterrupt)
                  000013da    00000012     driverlib.a : dl_uart.o (.text.DL_UART_setClockConfig)
                  000013ec    00000012     libc.a : memcpy16.S.obj (.text:TI_memcpy_small)
                  000013fe    00000012            : copy_decompress_none.c.obj (.text:decompress:none)
                  00001410    00000010     ti_msp_dl_config.o (.text.DL_SYSCTL_disableHFXT)
                  00001420    00000010     driverlib.a : dl_timer.o (.text.DL_Timer_setCaptureCompareValue)
                  00001430    0000000a                 : dl_common.o (.text.DL_Common_delayCycles)
                  0000143a    00000002     --HOLE-- [fill = 0]
                  0000143c    00000008     libclang_rt.builtins.a : aeabi_memcpy.S.obj (.text.__aeabi_memcpy)
                  00001444    00000004     startup_mspm0g350x_ticlang.o (.text.Default_Handler)
                  00001448    00000004     startup_mspm0g350x_ticlang.o (.text.Reset_Handler)
                  0000144c    00000004     libc.a : pre_init.c.obj (.text._system_pre_init)
                  00001450    00000004            : exit.c.obj (.text:abort)
                  00001454    00000004     --HOLE-- [fill = 0]

.cinit     0    00001cb0    00000038     
                  00001cb0    0000000f     (.cinit..data.load) [load image, compression = lzss]
                  00001cbf    00000001     --HOLE-- [fill = 0]
                  00001cc0    0000000c     (__TI_handler_table)
                  00001ccc    00000008     (.cinit..bss.load) [load image, compression = zero_init]
                  00001cd4    00000010     (__TI_cinit_table)
                  00001ce4    00000004     --HOLE-- [fill = 0]

.rodata    0    00001458    00000858     
                  00001458    000005f0     oled.o (.rodata.F8X16)
                  00001a48    00000228     oled.o (.rodata.F6x8)
                  00001c70    0000000e     main.o (.rodata.str1.176328792963337784071)
                  00001c7e    0000000a     ti_msp_dl_config.o (.rodata.gGyroscpeConfig)
                  00001c88    0000000a     ti_msp_dl_config.o (.rodata.gUART_0Config)
                  00001c92    00000002     ti_msp_dl_config.o (.rodata.gGyroscpeClockConfig)
                  00001c94    00000008     ti_msp_dl_config.o (.rodata.gPWM_0Config)
                  00001c9c    00000008     ti_msp_dl_config.o (.rodata.gPWM_1Config)
                  00001ca4    00000003     ti_msp_dl_config.o (.rodata.gPWM_0ClockConfig)
                  00001ca7    00000003     ti_msp_dl_config.o (.rodata.gPWM_1ClockConfig)
                  00001caa    00000002     ti_msp_dl_config.o (.rodata.gI2C_0ClockConfig)
                  00001cac    00000002     ti_msp_dl_config.o (.rodata.gUART_0ClockConfig)
                  00001cae    00000002     --HOLE-- [fill = 0]

.init_array 
*          0    00000000    00000000     UNINITIALIZED

.binit     0    00000000    00000000     

.bss       0    20200000    000001a8     UNINITIALIZED
                  20200000    000000bc     (.common:gPWM_0Backup)
                  202000bc    000000bc     (.common:gPWM_1Backup)
                  20200178    0000002b     (.common:rxBuffer)
                  202001a3    00000001     (.common:grayscale_uart_receive)
                  202001a4    00000004     (.common:rx_count)

.data      0    202001a8    0000000d     UNINITIALIZED
                  202001a8    00000008     main.o (.data.grayscale_start_str)
                  202001b0    00000004     delay.o (.data.delay_times)
                  202001b4    00000001     main.o (.data.dataReceived)

.stack     0    20207e00    00000200     UNINITIALIZED
                  20207e00    00000004     libc.a : boot_cortex_m.c.obj (.stack)
                  20207e04    000001fc     --HOLE--

__llvm_prf_cnts 
*          0    20200000    00000000     UNINITIALIZED

__llvm_prf_bits 
*          0    20200000    00000000     UNINITIALIZED

MODULE SUMMARY

       Module                         code   ro data   rw data
       ------                         ----   -------   -------
    .\
       ti_msp_dl_config.o             2172   48        376    
       main.o                         318    14        57     
       startup_mspm0g350x_ticlang.o   8      192       0      
    +--+------------------------------+------+---------+---------+
       Total:                         2498   254       433    
                                                              
    .\OLED\
       oled.o                         1050   2072      0      
       delay.o                        166    0         4      
    +--+------------------------------+------+---------+---------+
       Total:                         1216   2072      4      
                                                              
    .\hardware\
       grayscale.o                    282    0         0      
    +--+------------------------------+------+---------+---------+
       Total:                         282    0         0      
                                                              
    C:/ti/mspm0_sdk_2_01_00_03/source/ti/driverlib/lib/ticlang/m0p/mspm0g1x0x_g3x0x/driverlib.a
       dl_timer.o                     420    0         0      
       dl_i2c.o                       192    0         0      
       dl_uart.o                      90     0         0      
       dl_common.o                    10     0         0      
    +--+------------------------------+------+---------+---------+
       Total:                         712    0         0      
                                                              
    C:\ti\ccstheia141\ccs\tools\compiler\ti-cgt-armllvm_3.2.2.LTS\lib\armv6m-ti-none-eabi/c/libc.a
       copy_decompress_lzss.c.obj     120    0         0      
       autoinit.c.obj                 60     0         0      
       boot_cortex_m.c.obj            40     0         0      
       copy_zero_init.c.obj           22     0         0      
       copy_decompress_none.c.obj     18     0         0      
       memcpy16.S.obj                 18     0         0      
       exit.c.obj                     4      0         0      
       pre_init.c.obj                 4      0         0      
    +--+------------------------------+------+---------+---------+
       Total:                         286    0         0      
                                                              
    C:\ti\ccstheia141\ccs\tools\compiler\ti-cgt-armllvm_3.2.2.LTS\lib\clang/15.0.7/lib/armv6m-ti-none-eabi/libclang_rt.builtins.a
       aeabi_memcpy.S.obj             8      0         0      
    +--+------------------------------+------+---------+---------+
       Total:                         8      0         0      
                                                              
       Stack:                         0      0         512    
       Linker Generated:              0      51        0      
    +--+------------------------------+------+---------+---------+
       Grand Total:                   5002   2377      949    


LINKER GENERATED COPY TABLES

__TI_cinit_table @ 00001cd4 records: 2, size/record: 8, table size: 16
	.data: load addr=00001cb0, load size=0000000f bytes, run addr=202001a8, run size=0000000d bytes, compression=lzss
	.bss: load addr=00001ccc, load size=00000008 bytes, run addr=20200000, run size=000001a8 bytes, compression=zero_init


LINKER GENERATED HANDLER TABLE

__TI_handler_table @ 00001cc0 records: 3, size/record: 4, table size: 12
	index: 0, handler: __TI_decompress_lzss
	index: 1, handler: __TI_decompress_none
	index: 2, handler: __TI_zero_init


GLOBAL SYMBOLS: SORTED ALPHABETICALLY BY Name 

address   name                            
-------   ----                            
00001445  ADC0_IRQHandler                 
00001445  ADC1_IRQHandler                 
00001445  AES_IRQHandler                  
00001450  C$$EXIT                         
00001445  CANFD0_IRQHandler               
00001445  DAC0_IRQHandler                 
00001431  DL_Common_delayCycles           
000009fd  DL_I2C_fillControllerTXFIFO     
00000c49  DL_I2C_flushControllerTXFIFO    
00000f37  DL_I2C_setClockConfig           
00000755  DL_TimerA_initPWMMode           
00000441  DL_Timer_initPWMMode            
00001099  DL_Timer_setCaptCompUpdateMethod
00001259  DL_Timer_setCaptureCompareOutCtl
00001421  DL_Timer_setCaptureCompareValue 
000010b5  DL_Timer_setClockConfig         
00000af9  DL_UART_init                    
000013db  DL_UART_setClockConfig          
00001445  DMA_IRQHandler                  
00001445  Default_Handler                 
00001a48  F6x8                            
00001458  F8X16                           
00001445  GROUP0_IRQHandler               
00001445  GROUP1_IRQHandler               
00001445  HardFault_Handler               
00001445  I2C0_IRQHandler                 
00001445  I2C1_IRQHandler                 
000008c1  I2C_WriteByte                   
00001445  NMI_Handler                     
00000931  OLED_Fill                       
00000505  OLED_Init                       
00000d35  OLED_SetPos                     
000000c1  OLED_ShowStr                    
00001445  PendSV_Handler                  
00001445  RTC_IRQHandler                  
00001449  Reset_Handler                   
00001445  SPI0_IRQHandler                 
00001445  SPI1_IRQHandler                 
00001445  SVC_Handler                     
00000259  SYSCFG_DL_GPIO_init             
00000bcd  SYSCFG_DL_Gyroscpe_init         
00000999  SYSCFG_DL_I2C_0_init            
0000064d  SYSCFG_DL_PWM_0_init            
000006d1  SYSCFG_DL_PWM_1_init            
00000e1d  SYSCFG_DL_SYSCTL_init           
00000b41  SYSCFG_DL_UART_0_init           
00000cfd  SYSCFG_DL_init                  
000005c1  SYSCFG_DL_initPower             
000010ed  SysTick_Handler                 
00001445  TIMA0_IRQHandler                
00001445  TIMA1_IRQHandler                
00001445  TIMG0_IRQHandler                
00001445  TIMG12_IRQHandler               
00001445  TIMG6_IRQHandler                
00001445  TIMG7_IRQHandler                
00001445  TIMG8_IRQHandler                
000013ed  TI_memcpy_small                 
0000036d  UART0_IRQHandler                
00001445  UART1_IRQHandler                
00001445  UART2_IRQHandler                
00001445  UART3_IRQHandler                
000012e5  WriteCmd                        
000012fb  WriteData                       
20208000  __STACK_END                     
00000200  __STACK_SIZE                    
00000000  __TI_ATRegion0_region_sz        
00000000  __TI_ATRegion0_src_addr         
00000000  __TI_ATRegion0_trg_addr         
00000000  __TI_ATRegion1_region_sz        
00000000  __TI_ATRegion1_src_addr         
00000000  __TI_ATRegion1_trg_addr         
00000000  __TI_ATRegion2_region_sz        
00000000  __TI_ATRegion2_src_addr         
00000000  __TI_ATRegion2_trg_addr         
00001cd4  __TI_CINIT_Base                 
00001ce4  __TI_CINIT_Limit                
00001ce4  __TI_CINIT_Warm                 
00001cc0  __TI_Handler_Table_Base         
00001ccc  __TI_Handler_Table_Limit        
00000cc1  __TI_auto_init_nobinit_nopinit  
000007d5  __TI_decompress_lzss            
000013ff  __TI_decompress_none            
ffffffff  __TI_pprof_out_hndl             
ffffffff  __TI_prof_data_size             
ffffffff  __TI_prof_data_start            
00000000  __TI_static_base__              
00001327  __TI_zero_init_nomemset         
0000143d  __aeabi_memcpy                  
0000143d  __aeabi_memcpy4                 
0000143d  __aeabi_memcpy8                 
ffffffff  __binit__                       
UNDEFED   __mpu_init                      
20207e00  __stack                         
20200000  __start___llvm_prf_bits         
20200000  __start___llvm_prf_cnts         
20200000  __stop___llvm_prf_bits          
20200000  __stop___llvm_prf_cnts          
00000ee9  _c_int00_noargs                 
UNDEFED   _system_post_cinit              
0000144d  _system_pre_init                
00001451  abort                           
ffffffff  binit                           
202001b4  dataReceived                    
00001311  delay_ms                        
202001b0  delay_times                     
0000084d  delay_us                        
20200000  gPWM_0Backup                    
202000bc  gPWM_1Backup                    
00000dc5  grayscale_start                 
202001a8  grayscale_start_str             
202001a3  grayscale_uart_receive          
00000000  interruptVectors                
00000b89  main                            
20200178  rxBuffer                        
202001a4  rx_count                        
00000df1  uart0_send_char                 
00000c85  uart0_send_string               


GLOBAL SYMBOLS: SORTED BY Symbol Address 

address   name                            
-------   ----                            
00000000  __TI_ATRegion0_region_sz        
00000000  __TI_ATRegion0_src_addr         
00000000  __TI_ATRegion0_trg_addr         
00000000  __TI_ATRegion1_region_sz        
00000000  __TI_ATRegion1_src_addr         
00000000  __TI_ATRegion1_trg_addr         
00000000  __TI_ATRegion2_region_sz        
00000000  __TI_ATRegion2_src_addr         
00000000  __TI_ATRegion2_trg_addr         
00000000  __TI_static_base__              
00000000  interruptVectors                
000000c1  OLED_ShowStr                    
00000200  __STACK_SIZE                    
00000259  SYSCFG_DL_GPIO_init             
0000036d  UART0_IRQHandler                
00000441  DL_Timer_initPWMMode            
00000505  OLED_Init                       
000005c1  SYSCFG_DL_initPower             
0000064d  SYSCFG_DL_PWM_0_init            
000006d1  SYSCFG_DL_PWM_1_init            
00000755  DL_TimerA_initPWMMode           
000007d5  __TI_decompress_lzss            
0000084d  delay_us                        
000008c1  I2C_WriteByte                   
00000931  OLED_Fill                       
00000999  SYSCFG_DL_I2C_0_init            
000009fd  DL_I2C_fillControllerTXFIFO     
00000af9  DL_UART_init                    
00000b41  SYSCFG_DL_UART_0_init           
00000b89  main                            
00000bcd  SYSCFG_DL_Gyroscpe_init         
00000c49  DL_I2C_flushControllerTXFIFO    
00000c85  uart0_send_string               
00000cc1  __TI_auto_init_nobinit_nopinit  
00000cfd  SYSCFG_DL_init                  
00000d35  OLED_SetPos                     
00000dc5  grayscale_start                 
00000df1  uart0_send_char                 
00000e1d  SYSCFG_DL_SYSCTL_init           
00000ee9  _c_int00_noargs                 
00000f37  DL_I2C_setClockConfig           
00001099  DL_Timer_setCaptCompUpdateMethod
000010b5  DL_Timer_setClockConfig         
000010ed  SysTick_Handler                 
00001259  DL_Timer_setCaptureCompareOutCtl
000012e5  WriteCmd                        
000012fb  WriteData                       
00001311  delay_ms                        
00001327  __TI_zero_init_nomemset         
000013db  DL_UART_setClockConfig          
000013ed  TI_memcpy_small                 
000013ff  __TI_decompress_none            
00001421  DL_Timer_setCaptureCompareValue 
00001431  DL_Common_delayCycles           
0000143d  __aeabi_memcpy                  
0000143d  __aeabi_memcpy4                 
0000143d  __aeabi_memcpy8                 
00001445  ADC0_IRQHandler                 
00001445  ADC1_IRQHandler                 
00001445  AES_IRQHandler                  
00001445  CANFD0_IRQHandler               
00001445  DAC0_IRQHandler                 
00001445  DMA_IRQHandler                  
00001445  Default_Handler                 
00001445  GROUP0_IRQHandler               
00001445  GROUP1_IRQHandler               
00001445  HardFault_Handler               
00001445  I2C0_IRQHandler                 
00001445  I2C1_IRQHandler                 
00001445  NMI_Handler                     
00001445  PendSV_Handler                  
00001445  RTC_IRQHandler                  
00001445  SPI0_IRQHandler                 
00001445  SPI1_IRQHandler                 
00001445  SVC_Handler                     
00001445  TIMA0_IRQHandler                
00001445  TIMA1_IRQHandler                
00001445  TIMG0_IRQHandler                
00001445  TIMG12_IRQHandler               
00001445  TIMG6_IRQHandler                
00001445  TIMG7_IRQHandler                
00001445  TIMG8_IRQHandler                
00001445  UART1_IRQHandler                
00001445  UART2_IRQHandler                
00001445  UART3_IRQHandler                
00001449  Reset_Handler                   
0000144d  _system_pre_init                
00001450  C$$EXIT                         
00001451  abort                           
00001458  F8X16                           
00001a48  F6x8                            
00001cc0  __TI_Handler_Table_Base         
00001ccc  __TI_Handler_Table_Limit        
00001cd4  __TI_CINIT_Base                 
00001ce4  __TI_CINIT_Limit                
00001ce4  __TI_CINIT_Warm                 
20200000  __start___llvm_prf_bits         
20200000  __start___llvm_prf_cnts         
20200000  __stop___llvm_prf_bits          
20200000  __stop___llvm_prf_cnts          
20200000  gPWM_0Backup                    
202000bc  gPWM_1Backup                    
20200178  rxBuffer                        
202001a3  grayscale_uart_receive          
202001a4  rx_count                        
202001a8  grayscale_start_str             
202001b0  delay_times                     
202001b4  dataReceived                    
20207e00  __stack                         
20208000  __STACK_END                     
ffffffff  __TI_pprof_out_hndl             
ffffffff  __TI_prof_data_size             
ffffffff  __TI_prof_data_start            
ffffffff  __binit__                       
ffffffff  binit                           
UNDEFED   __mpu_init                      
UNDEFED   _system_post_cinit              

[117 symbols]
