******************************************************************************
            TI ARM Clang Linker PC v3.2.2                      
******************************************************************************
>> Linked Tue May 20 00:53:35 2025

OUTPUT FILE NAME:   <24H_01_init_to_hardware.out>
ENTRY POINT SYMBOL: "_c_int00_noargs"  address: 00000e09


MEMORY CONFIGURATION

         name            origin    length      used     unused   attr    fill
----------------------  --------  ---------  --------  --------  ----  --------
  FLASH                 00000000   00020000  00001538  0001eac8  R  X
  SRAM                  20200000   00008000  00000353  00007cad  RW X
  BCR_CONFIG            41c00000   00000080  00000000  00000080  R   
  BSL_CONFIG            41c00100   00000080  00000000  00000080  R   


SEGMENT ALLOCATION MAP

run origin  load origin   length   init length attrs members
----------  ----------- ---------- ----------- ----- -------
00000000    00000000    00001538   00001538    r-x
  00000000    00000000    000000c0   000000c0    r-- .intvecs
  000000c0    000000c0    00001390   00001390    r-x .text
  00001450    00001450    000000a8   000000a8    r-- .rodata
  000014f8    000014f8    00000040   00000040    r-- .cinit
20200000    20200000    00000154   00000000    rw-
  20200000    20200000    0000013f   00000000    rw- .bss
  20200140    20200140    00000014   00000000    rw- .data
20207e00    20207e00    00000200   00000000    rw-
  20207e00    20207e00    00000200   00000000    rw- .stack


SECTION ALLOCATION MAP

 output                                  attributes/
section   page    origin      length       input sections
--------  ----  ----------  ----------   ----------------
.intvecs   0    00000000    000000c0     
                  00000000    000000c0     startup_mspm0g350x_ticlang.o (.intvecs)

.text      0    000000c0    00001390     
                  000000c0    00000140     ti_msp_dl_config.o (.text.SYSCFG_DL_GPIO_init)
                  00000200    000000e8     driverlib.a : dl_timer.o (.text.DL_Timer_initTimerMode)
                  000002e8    000000c4                 : dl_timer.o (.text.DL_Timer_initPWMMode)
                  000003ac    000000c4     ti_msp_dl_config.o (.text.SYSCFG_DL_initPower)
                  00000470    000000b0     isr.o (.text.UART2_IRQHandler)
                  00000520    00000088     isr.o (.text.GROUP1_IRQHandler)
                  000005a8    00000084     ti_msp_dl_config.o (.text.SYSCFG_DL_PWM_0_init)
                  0000062c    00000084     ti_msp_dl_config.o (.text.SYSCFG_DL_PWM_1_init)
                  000006b0    00000078     libc.a : copy_decompress_lzss.c.obj (.text:decompress:lzss)
                  00000728    0000006c     ti_msp_dl_config.o (.text.SYSCFG_DL_Gyroscpe_init)
                  00000794    0000006c     ti_msp_dl_config.o (.text.SYSCFG_DL_grayscale_init)
                  00000800    00000064     ti_msp_dl_config.o (.text.SYSCFG_DL_I2C_OLED_init)
                  00000864    00000054     gyroscpe.o (.text.Gyroscpe_Init)
                  000008b8    0000004c     driverlib.a : dl_dma.o (.text.DL_DMA_initChannel)
                  00000904    0000004c     ti_msp_dl_config.o (.text.DL_UART_setBaudRateDivisor)
                  00000950    00000048     driverlib.a : dl_uart.o (.text.DL_UART_init)
                  00000998    00000048     ti_msp_dl_config.o (.text.SYSCFG_DL_Bluetooth_init)
                  000009e0    00000048     ti_msp_dl_config.o (.text.SYSCFG_DL_init)
                  00000a28    0000003c     ti_msp_dl_config.o (.text.DL_GPIO_initPeripheralInputFunctionFeatures)
                  00000a64    0000003c     main.o (.text.main)
                  00000aa0    0000003c     bluetooth.o (.text.uart0_send_string)
                  00000adc    0000003c     libc.a : autoinit.c.obj (.text:__TI_auto_init_nobinit_nopinit)
                  00000b18    00000034     ti_msp_dl_config.o (.text.DL_GPIO_initDigitalInputFeatures)
                  00000b4c    00000034     ti_msp_dl_config.o (.text.SYSCFG_DL_ENCODER_TIM0_init)
                  00000b80    00000034     ti_msp_dl_config.o (.text.SYSCFG_DL_ENCODER_TIM1_init)
                  00000bb4    00000034     isr.o (.text.UART0_IRQHandler)
                  00000be8    00000030     gyroscpe.o (.text.DL_DMA_setTransferSize)
                  00000c18    0000002c     bluetooth.o (.text.__NVIC_ClearPendingIRQ)
                  00000c44    0000002c     bluetooth.o (.text.__NVIC_EnableIRQ)
                  00000c70    0000002c     gyroscpe.o (.text.__NVIC_EnableIRQ)
                  00000c9c    0000002c     bluetooth.o (.text.uart0_send_char)
                  00000cc8    00000028     ti_msp_dl_config.o (.text.DL_Common_updateReg)
                  00000cf0    00000028     gyroscpe.o (.text.DL_DMA_setDestAddr)
                  00000d18    00000028     gyroscpe.o (.text.DL_DMA_setSrcAddr)
                  00000d40    00000028     ti_msp_dl_config.o (.text.DL_I2C_setControllerRXFIFOThreshold)
                  00000d68    00000028     ti_msp_dl_config.o (.text.DL_I2C_setControllerTXFIFOThreshold)
                  00000d90    00000028     ti_msp_dl_config.o (.text.DL_UART_setRXFIFOThreshold)
                  00000db8    00000028     ti_msp_dl_config.o (.text.DL_UART_setTXFIFOThreshold)
                  00000de0    00000028     grayscale.o (.text.wGrayScale_Data)
                  00000e08    00000028     libc.a : boot_cortex_m.c.obj (.text:_c_int00_noargs)
                  00000e30    00000026     gyroscpe.o (.text.DL_DMA_enableChannel)
                  00000e56    00000026     gyroscpe.o (.text.DL_DMA_isChannelEnabled)
                  00000e7c    00000026     ti_msp_dl_config.o (.text.DL_I2C_setAnalogGlitchFilterPulseWidth)
                  00000ea2    00000026     driverlib.a : dl_i2c.o (.text.DL_I2C_setClockConfig)
                  00000ec8    00000022     ti_msp_dl_config.o (.text.SYSCFG_DL_SYSCTL_init)
                  00000eea    00000002     --HOLE-- [fill = 0]
                  00000eec    00000020     ti_msp_dl_config.o (.text.DL_GPIO_initPeripheralInputFunction)
                  00000f0c    0000001e     ti_msp_dl_config.o (.text.DL_UART_setOversampling)
                  00000f2a    00000002     --HOLE-- [fill = 0]
                  00000f2c    0000001c     ti_msp_dl_config.o (.text.DL_GPIO_clearInterruptStatus)
                  00000f48    0000001c     ti_msp_dl_config.o (.text.DL_GPIO_enableHiZ)
                  00000f64    0000001c     ti_msp_dl_config.o (.text.DL_GPIO_enableInterrupt)
                  00000f80    0000001c     ti_msp_dl_config.o (.text.DL_GPIO_initDigitalInput)
                  00000f9c    0000001c     ti_msp_dl_config.o (.text.DL_GPIO_initPeripheralOutputFunction)
                  00000fb8    0000001c     ti_msp_dl_config.o (.text.DL_I2C_enableInterrupt)
                  00000fd4    0000001c     isr.o (.text.DL_Interrupt_getPendingGroup)
                  00000ff0    0000001c     ti_msp_dl_config.o (.text.DL_SYSCTL_setSYSOSCFreq)
                  0000100c    0000001c     ti_msp_dl_config.o (.text.DL_Timer_enableInterrupt)
                  00001028    0000001c     driverlib.a : dl_timer.o (.text.DL_Timer_setCaptCompUpdateMethod)
                  00001044    0000001c                 : dl_timer.o (.text.DL_Timer_setClockConfig)
                  00001060    0000001c     ti_msp_dl_config.o (.text.DL_UART_enableInterrupt)
                  0000107c    0000001c     delay.o (.text.SysTick_Handler)
                  00001098    00000018     ti_msp_dl_config.o (.text.DL_GPIO_enableOutput)
                  000010b0    00000018     ti_msp_dl_config.o (.text.DL_GPIO_enablePower)
                  000010c8    00000018     ti_msp_dl_config.o (.text.DL_GPIO_initDigitalOutput)
                  000010e0    00000018     ti_msp_dl_config.o (.text.DL_GPIO_reset)
                  000010f8    00000018     ti_msp_dl_config.o (.text.DL_GPIO_setUpperPinsPolarity)
                  00001110    00000018     ti_msp_dl_config.o (.text.DL_I2C_enableAnalogGlitchFilter)
                  00001128    00000018     ti_msp_dl_config.o (.text.DL_I2C_enableController)
                  00001140    00000018     ti_msp_dl_config.o (.text.DL_I2C_enableControllerClockStretching)
                  00001158    00000018     ti_msp_dl_config.o (.text.DL_I2C_enablePower)
                  00001170    00000018     ti_msp_dl_config.o (.text.DL_I2C_reset)
                  00001188    00000018     ti_msp_dl_config.o (.text.DL_I2C_setTimerPeriod)
                  000011a0    00000018     ti_msp_dl_config.o (.text.DL_SYSCTL_setBORThreshold)
                  000011b8    00000018     ti_msp_dl_config.o (.text.DL_Timer_enablePower)
                  000011d0    00000018     ti_msp_dl_config.o (.text.DL_Timer_reset)
                  000011e8    00000018     driverlib.a : dl_timer.o (.text.DL_Timer_setCaptureCompareOutCtl)
                  00001200    00000018     ti_msp_dl_config.o (.text.DL_UART_enableDMAReceiveEvent)
                  00001218    00000018     ti_msp_dl_config.o (.text.DL_UART_enableFIFOs)
                  00001230    00000018     ti_msp_dl_config.o (.text.DL_UART_enablePower)
                  00001248    00000018     bluetooth.o (.text.DL_UART_isBusy)
                  00001260    00000018     ti_msp_dl_config.o (.text.DL_UART_reset)
                  00001278    00000018     ti_msp_dl_config.o (.text.SYSCFG_DL_DMA_CH0_init)
                  00001290    00000018     ti_msp_dl_config.o (.text.SYSCFG_DL_DMA_CH1_init)
                  000012a8    00000016     bluetooth.o (.text.Bluetooth_Init)
                  000012be    00000016     isr.o (.text.DL_GPIO_readPins)
                  000012d4    00000016     ti_msp_dl_config.o (.text.DL_UART_enable)
                  000012ea    00000016     bluetooth.o (.text.DL_UART_transmitData)
                  00001300    00000016     libc.a : copy_zero_init.c.obj (.text:decompress:ZI:__TI_zero_init_nomemset)
                  00001316    00000014     ti_msp_dl_config.o (.text.DL_GPIO_clearPins)
                  0000132a    00000002     --HOLE-- [fill = 0]
                  0000132c    00000014     ti_msp_dl_config.o (.text.DL_I2C_resetControllerTransfer)
                  00001340    00000014     ti_msp_dl_config.o (.text.DL_SYSCTL_disableSYSPLL)
                  00001354    00000014     ti_msp_dl_config.o (.text.DL_SYSCTL_enableMFCLK)
                  00001368    00000014     ti_msp_dl_config.o (.text.DL_Timer_enableClock)
                  0000137c    00000014     ti_msp_dl_config.o (.text.DL_Timer_setCCPDirection)
                  00001390    00000014     isr.o (.text.DL_UART_receiveData)
                  000013a4    00000014     gyroscpe.o (.text.Gyroscpe_Start)
                  000013b8    00000012     isr.o (.text.DL_UART_getPendingInterrupt)
                  000013ca    00000012     driverlib.a : dl_uart.o (.text.DL_UART_setClockConfig)
                  000013dc    00000012     libc.a : memcpy16.S.obj (.text:TI_memcpy_small)
                  000013ee    00000012            : copy_decompress_none.c.obj (.text:decompress:none)
                  00001400    00000010     ti_msp_dl_config.o (.text.DL_SYSCTL_disableHFXT)
                  00001410    00000010     driverlib.a : dl_timer.o (.text.DL_Timer_setCaptureCompareValue)
                  00001420    0000000c     ti_msp_dl_config.o (.text.SYSCFG_DL_DMA_init)
                  0000142c    0000000a     driverlib.a : dl_common.o (.text.DL_Common_delayCycles)
                  00001436    00000002     --HOLE-- [fill = 0]
                  00001438    00000008     libclang_rt.builtins.a : aeabi_memcpy.S.obj (.text.__aeabi_memcpy)
                  00001440    00000004     startup_mspm0g350x_ticlang.o (.text.Default_Handler)
                  00001444    00000004     startup_mspm0g350x_ticlang.o (.text.Reset_Handler)
                  00001448    00000004     libc.a : pre_init.c.obj (.text._system_pre_init)
                  0000144c    00000004            : exit.c.obj (.text:abort)

.cinit     0    000014f8    00000040     
                  000014f8    00000015     (.cinit..data.load) [load image, compression = lzss]
                  0000150d    00000003     --HOLE-- [fill = 0]
                  00001510    0000000c     (__TI_handler_table)
                  0000151c    00000008     (.cinit..bss.load) [load image, compression = zero_init]
                  00001524    00000010     (__TI_cinit_table)
                  00001534    00000004     --HOLE-- [fill = 0]

.rodata    0    00001450    000000a8     
                  00001450    00000018     ti_msp_dl_config.o (.rodata.gDMA_CH0Config)
                  00001468    00000018     ti_msp_dl_config.o (.rodata.gDMA_CH1Config)
                  00001480    00000014     ti_msp_dl_config.o (.rodata.gENCODER_TIM0TimerConfig)
                  00001494    00000014     ti_msp_dl_config.o (.rodata.gENCODER_TIM1TimerConfig)
                  000014a8    0000000a     ti_msp_dl_config.o (.rodata.gBluetoothConfig)
                  000014b2    0000000a     ti_msp_dl_config.o (.rodata.gGyroscpeConfig)
                  000014bc    0000000a     ti_msp_dl_config.o (.rodata.ggrayscaleConfig)
                  000014c6    00000002     ti_msp_dl_config.o (.rodata.gBluetoothClockConfig)
                  000014c8    00000008     ti_msp_dl_config.o (.rodata.gPWM_0Config)
                  000014d0    00000008     ti_msp_dl_config.o (.rodata.gPWM_1Config)
                  000014d8    00000004     main.o (.rodata.str1.176328792963337784071)
                  000014dc    00000004     main.o (.rodata.str1.52501554851255701521)
                  000014e0    00000003     ti_msp_dl_config.o (.rodata.gENCODER_TIM0ClockConfig)
                  000014e3    00000003     ti_msp_dl_config.o (.rodata.gENCODER_TIM1ClockConfig)
                  000014e6    00000003     ti_msp_dl_config.o (.rodata.gPWM_0ClockConfig)
                  000014e9    00000003     ti_msp_dl_config.o (.rodata.gPWM_1ClockConfig)
                  000014ec    00000003     isr.o (.rodata.str1.70867438457564947861)
                  000014ef    00000002     ti_msp_dl_config.o (.rodata.gGyroscpeClockConfig)
                  000014f1    00000002     ti_msp_dl_config.o (.rodata.gI2C_OLEDClockConfig)
                  000014f3    00000002     ti_msp_dl_config.o (.rodata.ggrayscaleClockConfig)
                  000014f5    00000003     --HOLE-- [fill = 0]

.init_array 
*          0    00000000    00000000     UNINITIALIZED

.binit     0    00000000    00000000     

.bss       0    20200000    0000013f     UNINITIALIZED
                  20200000    00000078     (.common:gENCODER_TIM1Backup)
                  20200078    00000078     (.common:gPWM_0Backup)
                  202000f0    0000002b     (.common:gRxGraycScalePacket)
                  2020011b    00000001     (.common:gCheckGrayScale)
                  2020011c    00000018     (.common:motor)
                  20200134    0000000b     (.common:wt61_rx_buffer)

.data      0    20200140    00000014     UNINITIALIZED
                  20200140    0000000e     main.o (.data.Bluetooth_BUF)
                  2020014e    00000001     grayscale.o (.data.grayscale_data)
                  2020014f    00000001     gyroscpe.o (.data.wt61_data_ready)
                  20200150    00000004     delay.o (.data.delay_times)

.stack     0    20207e00    00000200     UNINITIALIZED
                  20207e00    00000004     libc.a : boot_cortex_m.c.obj (.stack)
                  20207e04    000001fc     --HOLE--

__llvm_prf_cnts 
*          0    20200000    00000000     UNINITIALIZED

__llvm_prf_bits 
*          0    20200000    00000000     UNINITIALIZED

MODULE SUMMARY

       Module                         code   ro data   rw data
       ------                         ----   -------   -------
    .\
       ti_msp_dl_config.o             2768   154       240    
       isr.o                          452    3         0      
       startup_mspm0g350x_ticlang.o   8      192       0      
       main.o                         60     8         14     
    +--+------------------------------+------+---------+---------+
       Total:                         3288   357       254    
                                                              
    .\delay\
       delay.o                        28     0         4      
    +--+------------------------------+------+---------+---------+
       Total:                         28     0         4      
                                                              
    .\hardware\
       gyroscpe.o                     352    0         12     
       bluetooth.o                    260    0         0      
       grayscale.o                    40     0         45     
       motor.o                        0      0         24     
    +--+------------------------------+------+---------+---------+
       Total:                         652    0         81     
                                                              
    C:/ti/mspm0_sdk_2_01_00_03/source/ti/driverlib/lib/ticlang/m0p/mspm0g1x0x_g3x0x/driverlib.a
       dl_timer.o                     524    0         0      
       dl_uart.o                      90     0         0      
       dl_dma.o                       76     0         0      
       dl_i2c.o                       38     0         0      
       dl_common.o                    10     0         0      
    +--+------------------------------+------+---------+---------+
       Total:                         738    0         0      
                                                              
    C:\ti\ccstheia141\ccs\tools\compiler\ti-cgt-armllvm_3.2.2.LTS\lib\armv6m-ti-none-eabi/c/libc.a
       copy_decompress_lzss.c.obj     120    0         0      
       autoinit.c.obj                 60     0         0      
       boot_cortex_m.c.obj            40     0         0      
       copy_zero_init.c.obj           22     0         0      
       copy_decompress_none.c.obj     18     0         0      
       memcpy16.S.obj                 18     0         0      
       exit.c.obj                     4      0         0      
       pre_init.c.obj                 4      0         0      
    +--+------------------------------+------+---------+---------+
       Total:                         286    0         0      
                                                              
    C:\ti\ccstheia141\ccs\tools\compiler\ti-cgt-armllvm_3.2.2.LTS\lib\clang/15.0.7/lib/armv6m-ti-none-eabi/libclang_rt.builtins.a
       aeabi_memcpy.S.obj             8      0         0      
    +--+------------------------------+------+---------+---------+
       Total:                         8      0         0      
                                                              
       Stack:                         0      0         512    
       Linker Generated:              0      57        0      
    +--+------------------------------+------+---------+---------+
       Grand Total:                   5000   414       851    


LINKER GENERATED COPY TABLES

__TI_cinit_table @ 00001524 records: 2, size/record: 8, table size: 16
	.data: load addr=000014f8, load size=00000015 bytes, run addr=20200140, run size=00000014 bytes, compression=lzss
	.bss: load addr=0000151c, load size=00000008 bytes, run addr=20200000, run size=0000013f bytes, compression=zero_init


LINKER GENERATED HANDLER TABLE

__TI_handler_table @ 00001510 records: 3, size/record: 4, table size: 12
	index: 0, handler: __TI_decompress_lzss
	index: 1, handler: __TI_decompress_none
	index: 2, handler: __TI_zero_init


GLOBAL SYMBOLS: SORTED ALPHABETICALLY BY Name 

address   name                            
-------   ----                            
00001441  ADC0_IRQHandler                 
00001441  ADC1_IRQHandler                 
00001441  AES_IRQHandler                  
20200140  Bluetooth_BUF                   
000012a9  Bluetooth_Init                  
0000144c  C$$EXIT                         
00001441  CANFD0_IRQHandler               
00001441  DAC0_IRQHandler                 
0000142d  DL_Common_delayCycles           
000008b9  DL_DMA_initChannel              
00000ea3  DL_I2C_setClockConfig           
000002e9  DL_Timer_initPWMMode            
00000201  DL_Timer_initTimerMode          
00001029  DL_Timer_setCaptCompUpdateMethod
000011e9  DL_Timer_setCaptureCompareOutCtl
00001411  DL_Timer_setCaptureCompareValue 
00001045  DL_Timer_setClockConfig         
00000951  DL_UART_init                    
000013cb  DL_UART_setClockConfig          
00001441  DMA_IRQHandler                  
00001441  Default_Handler                 
00001441  GROUP0_IRQHandler               
00000521  GROUP1_IRQHandler               
00000865  Gyroscpe_Init                   
000013a5  Gyroscpe_Start                  
00001441  HardFault_Handler               
00001441  I2C0_IRQHandler                 
00001441  I2C1_IRQHandler                 
00001441  NMI_Handler                     
00001441  PendSV_Handler                  
00001441  RTC_IRQHandler                  
00001445  Reset_Handler                   
00001441  SPI0_IRQHandler                 
00001441  SPI1_IRQHandler                 
00001441  SVC_Handler                     
00000999  SYSCFG_DL_Bluetooth_init        
00001279  SYSCFG_DL_DMA_CH0_init          
00001291  SYSCFG_DL_DMA_CH1_init          
00001421  SYSCFG_DL_DMA_init              
00000b4d  SYSCFG_DL_ENCODER_TIM0_init     
00000b81  SYSCFG_DL_ENCODER_TIM1_init     
000000c1  SYSCFG_DL_GPIO_init             
00000729  SYSCFG_DL_Gyroscpe_init         
00000801  SYSCFG_DL_I2C_OLED_init         
000005a9  SYSCFG_DL_PWM_0_init            
0000062d  SYSCFG_DL_PWM_1_init            
00000ec9  SYSCFG_DL_SYSCTL_init           
00000795  SYSCFG_DL_grayscale_init        
000009e1  SYSCFG_DL_init                  
000003ad  SYSCFG_DL_initPower             
0000107d  SysTick_Handler                 
00001441  TIMA0_IRQHandler                
00001441  TIMA1_IRQHandler                
00001441  TIMG0_IRQHandler                
00001441  TIMG12_IRQHandler               
00001441  TIMG6_IRQHandler                
00001441  TIMG7_IRQHandler                
00001441  TIMG8_IRQHandler                
000013dd  TI_memcpy_small                 
00000bb5  UART0_IRQHandler                
00001441  UART1_IRQHandler                
00000471  UART2_IRQHandler                
00001441  UART3_IRQHandler                
20208000  __STACK_END                     
00000200  __STACK_SIZE                    
00000000  __TI_ATRegion0_region_sz        
00000000  __TI_ATRegion0_src_addr         
00000000  __TI_ATRegion0_trg_addr         
00000000  __TI_ATRegion1_region_sz        
00000000  __TI_ATRegion1_src_addr         
00000000  __TI_ATRegion1_trg_addr         
00000000  __TI_ATRegion2_region_sz        
00000000  __TI_ATRegion2_src_addr         
00000000  __TI_ATRegion2_trg_addr         
00001524  __TI_CINIT_Base                 
00001534  __TI_CINIT_Limit                
00001534  __TI_CINIT_Warm                 
00001510  __TI_Handler_Table_Base         
0000151c  __TI_Handler_Table_Limit        
00000add  __TI_auto_init_nobinit_nopinit  
000006b1  __TI_decompress_lzss            
000013ef  __TI_decompress_none            
ffffffff  __TI_pprof_out_hndl             
ffffffff  __TI_prof_data_size             
ffffffff  __TI_prof_data_start            
00000000  __TI_static_base__              
00001301  __TI_zero_init_nomemset         
00001439  __aeabi_memcpy                  
00001439  __aeabi_memcpy4                 
00001439  __aeabi_memcpy8                 
ffffffff  __binit__                       
UNDEFED   __mpu_init                      
20207e00  __stack                         
20200000  __start___llvm_prf_bits         
20200000  __start___llvm_prf_cnts         
20200000  __stop___llvm_prf_bits          
20200000  __stop___llvm_prf_cnts          
00000e09  _c_int00_noargs                 
UNDEFED   _system_post_cinit              
00001449  _system_pre_init                
0000144d  abort                           
ffffffff  binit                           
20200150  delay_times                     
2020011b  gCheckGrayScale                 
20200000  gENCODER_TIM1Backup             
20200078  gPWM_0Backup                    
202000f0  gRxGraycScalePacket             
2020014e  grayscale_data                  
00000000  interruptVectors                
00000a65  main                            
2020011c  motor                           
00000c9d  uart0_send_char                 
00000aa1  uart0_send_string               
00000de1  wGrayScale_Data                 
2020014f  wt61_data_ready                 
20200134  wt61_rx_buffer                  


GLOBAL SYMBOLS: SORTED BY Symbol Address 

address   name                            
-------   ----                            
00000000  __TI_ATRegion0_region_sz        
00000000  __TI_ATRegion0_src_addr         
00000000  __TI_ATRegion0_trg_addr         
00000000  __TI_ATRegion1_region_sz        
00000000  __TI_ATRegion1_src_addr         
00000000  __TI_ATRegion1_trg_addr         
00000000  __TI_ATRegion2_region_sz        
00000000  __TI_ATRegion2_src_addr         
00000000  __TI_ATRegion2_trg_addr         
00000000  __TI_static_base__              
00000000  interruptVectors                
000000c1  SYSCFG_DL_GPIO_init             
00000200  __STACK_SIZE                    
00000201  DL_Timer_initTimerMode          
000002e9  DL_Timer_initPWMMode            
000003ad  SYSCFG_DL_initPower             
00000471  UART2_IRQHandler                
00000521  GROUP1_IRQHandler               
000005a9  SYSCFG_DL_PWM_0_init            
0000062d  SYSCFG_DL_PWM_1_init            
000006b1  __TI_decompress_lzss            
00000729  SYSCFG_DL_Gyroscpe_init         
00000795  SYSCFG_DL_grayscale_init        
00000801  SYSCFG_DL_I2C_OLED_init         
00000865  Gyroscpe_Init                   
000008b9  DL_DMA_initChannel              
00000951  DL_UART_init                    
00000999  SYSCFG_DL_Bluetooth_init        
000009e1  SYSCFG_DL_init                  
00000a65  main                            
00000aa1  uart0_send_string               
00000add  __TI_auto_init_nobinit_nopinit  
00000b4d  SYSCFG_DL_ENCODER_TIM0_init     
00000b81  SYSCFG_DL_ENCODER_TIM1_init     
00000bb5  UART0_IRQHandler                
00000c9d  uart0_send_char                 
00000de1  wGrayScale_Data                 
00000e09  _c_int00_noargs                 
00000ea3  DL_I2C_setClockConfig           
00000ec9  SYSCFG_DL_SYSCTL_init           
00001029  DL_Timer_setCaptCompUpdateMethod
00001045  DL_Timer_setClockConfig         
0000107d  SysTick_Handler                 
000011e9  DL_Timer_setCaptureCompareOutCtl
00001279  SYSCFG_DL_DMA_CH0_init          
00001291  SYSCFG_DL_DMA_CH1_init          
000012a9  Bluetooth_Init                  
00001301  __TI_zero_init_nomemset         
000013a5  Gyroscpe_Start                  
000013cb  DL_UART_setClockConfig          
000013dd  TI_memcpy_small                 
000013ef  __TI_decompress_none            
00001411  DL_Timer_setCaptureCompareValue 
00001421  SYSCFG_DL_DMA_init              
0000142d  DL_Common_delayCycles           
00001439  __aeabi_memcpy                  
00001439  __aeabi_memcpy4                 
00001439  __aeabi_memcpy8                 
00001441  ADC0_IRQHandler                 
00001441  ADC1_IRQHandler                 
00001441  AES_IRQHandler                  
00001441  CANFD0_IRQHandler               
00001441  DAC0_IRQHandler                 
00001441  DMA_IRQHandler                  
00001441  Default_Handler                 
00001441  GROUP0_IRQHandler               
00001441  HardFault_Handler               
00001441  I2C0_IRQHandler                 
00001441  I2C1_IRQHandler                 
00001441  NMI_Handler                     
00001441  PendSV_Handler                  
00001441  RTC_IRQHandler                  
00001441  SPI0_IRQHandler                 
00001441  SPI1_IRQHandler                 
00001441  SVC_Handler                     
00001441  TIMA0_IRQHandler                
00001441  TIMA1_IRQHandler                
00001441  TIMG0_IRQHandler                
00001441  TIMG12_IRQHandler               
00001441  TIMG6_IRQHandler                
00001441  TIMG7_IRQHandler                
00001441  TIMG8_IRQHandler                
00001441  UART1_IRQHandler                
00001441  UART3_IRQHandler                
00001445  Reset_Handler                   
00001449  _system_pre_init                
0000144c  C$$EXIT                         
0000144d  abort                           
00001510  __TI_Handler_Table_Base         
0000151c  __TI_Handler_Table_Limit        
00001524  __TI_CINIT_Base                 
00001534  __TI_CINIT_Limit                
00001534  __TI_CINIT_Warm                 
20200000  __start___llvm_prf_bits         
20200000  __start___llvm_prf_cnts         
20200000  __stop___llvm_prf_bits          
20200000  __stop___llvm_prf_cnts          
20200000  gENCODER_TIM1Backup             
20200078  gPWM_0Backup                    
202000f0  gRxGraycScalePacket             
2020011b  gCheckGrayScale                 
2020011c  motor                           
20200134  wt61_rx_buffer                  
20200140  Bluetooth_BUF                   
2020014e  grayscale_data                  
2020014f  wt61_data_ready                 
20200150  delay_times                     
20207e00  __stack                         
20208000  __STACK_END                     
ffffffff  __TI_pprof_out_hndl             
ffffffff  __TI_prof_data_size             
ffffffff  __TI_prof_data_start            
ffffffff  __binit__                       
ffffffff  binit                           
UNDEFED   __mpu_init                      
UNDEFED   _system_post_cinit              

[116 symbols]
