******************************************************************************
            TI ARM Clang Linker PC v3.2.2                      
******************************************************************************
>> Linked Fri May 30 23:15:18 2025

OUTPUT FILE NAME:   <24H_01_init_to_hardware.out>
ENTRY POINT SYMBOL: "_c_int00_noargs"  address: 00000ed5


MEMORY CONFIGURATION

         name            origin    length      used     unused   attr    fill
----------------------  --------  ---------  --------  --------  ----  --------
  FLASH                 00000000   00020000  00001618  0001e9e8  R  X
  SRAM                  20200000   00008000  00000371  00007c8f  RW X
  BCR_CONFIG            41c00000   00000080  00000000  00000080  R   
  BSL_CONFIG            41c00100   00000080  00000000  00000080  R   


SEGMENT ALLOCATION MAP

run origin  load origin   length   init length attrs members
----------  ----------- ---------- ----------- ----- -------
00000000    00000000    00001618   00001618    r-x
  00000000    00000000    000000c0   000000c0    r-- .intvecs
  000000c0    000000c0    00001468   00001468    r-x .text
  00001528    00001528    000000b0   000000b0    r-- .rodata
  000015d8    000015d8    00000040   00000040    r-- .cinit
20200000    20200000    00000171   00000000    rw-
  20200000    20200000    00000160   00000000    rw- .bss
  20200160    20200160    00000011   00000000    rw- .data
20207e00    20207e00    00000200   00000000    rw-
  20207e00    20207e00    00000200   00000000    rw- .stack


SECTION ALLOCATION MAP

 output                                  attributes/
section   page    origin      length       input sections
--------  ----  ----------  ----------   ----------------
.intvecs   0    00000000    000000c0     
                  00000000    000000c0     startup_mspm0g350x_ticlang.o (.intvecs)

.text      0    000000c0    00001468     
                  000000c0    00000140     ti_msp_dl_config.o (.text.SYSCFG_DL_GPIO_init)
                  00000200    000000e8     driverlib.a : dl_timer.o (.text.DL_Timer_initTimerMode)
                  000002e8    000000c4                 : dl_timer.o (.text.DL_Timer_initPWMMode)
                  000003ac    000000c4     ti_msp_dl_config.o (.text.SYSCFG_DL_initPower)
                  00000470    000000b4     gyroscpe.o (.text.Gyroscpe_Init)
                  00000524    0000009c     isr.o (.text.UART2_IRQHandler)
                  000005c0    00000088     isr.o (.text.GROUP1_IRQHandler)
                  00000648    00000084     ti_msp_dl_config.o (.text.SYSCFG_DL_PWM_0_init)
                  000006cc    00000084     ti_msp_dl_config.o (.text.SYSCFG_DL_PWM_1_init)
                  00000750    00000078     libc.a : copy_decompress_lzss.c.obj (.text:decompress:lzss)
                  000007c8    0000006c     ti_msp_dl_config.o (.text.SYSCFG_DL_Gyroscpe_init)
                  00000834    0000006c     ti_msp_dl_config.o (.text.SYSCFG_DL_grayscale_init)
                  000008a0    00000068     isr.o (.text.UART1_IRQHandler)
                  00000908    00000064     ti_msp_dl_config.o (.text.SYSCFG_DL_I2C_OLED_init)
                  0000096c    0000004c     driverlib.a : dl_dma.o (.text.DL_DMA_initChannel)
                  000009b8    0000004c     ti_msp_dl_config.o (.text.DL_UART_setBaudRateDivisor)
                  00000a04    00000048     driverlib.a : dl_uart.o (.text.DL_UART_init)
                  00000a4c    00000048     ti_msp_dl_config.o (.text.SYSCFG_DL_init)
                  00000a94    00000044     gyroscpe.o (.text.send_cmd)
                  00000ad8    00000040     ti_msp_dl_config.o (.text.SYSCFG_DL_UART_0_init)
                  00000b18    0000003e     main.o (.text.delay_ms)
                  00000b56    00000002     --HOLE-- [fill = 0]
                  00000b58    0000003c     ti_msp_dl_config.o (.text.DL_GPIO_initPeripheralInputFunctionFeatures)
                  00000b94    0000003c     bluetooth.o (.text.uart0_send_string)
                  00000bd0    0000003c     libc.a : autoinit.c.obj (.text:__TI_auto_init_nobinit_nopinit)
                  00000c0c    00000038     main.o (.text.main)
                  00000c44    00000034     ti_msp_dl_config.o (.text.DL_GPIO_initDigitalInputFeatures)
                  00000c78    00000034     ti_msp_dl_config.o (.text.SYSCFG_DL_ENCODER_TIM0_init)
                  00000cac    00000034     ti_msp_dl_config.o (.text.SYSCFG_DL_ENCODER_TIM1_init)
                  00000ce0    00000030     gyroscpe.o (.text.DL_DMA_setTransferSize)
                  00000d10    0000002c     gyroscpe.o (.text.__NVIC_ClearPendingIRQ)
                  00000d3c    0000002c     gyroscpe.o (.text.__NVIC_EnableIRQ)
                  00000d68    0000002c     bluetooth.o (.text.uart0_send_char)
                  00000d94    00000028     ti_msp_dl_config.o (.text.DL_Common_updateReg)
                  00000dbc    00000028     gyroscpe.o (.text.DL_DMA_setDestAddr)
                  00000de4    00000028     gyroscpe.o (.text.DL_DMA_setSrcAddr)
                  00000e0c    00000028     ti_msp_dl_config.o (.text.DL_I2C_setControllerRXFIFOThreshold)
                  00000e34    00000028     ti_msp_dl_config.o (.text.DL_I2C_setControllerTXFIFOThreshold)
                  00000e5c    00000028     ti_msp_dl_config.o (.text.DL_UART_setRXFIFOThreshold)
                  00000e84    00000028     ti_msp_dl_config.o (.text.DL_UART_setTXFIFOThreshold)
                  00000eac    00000028     grayscale.o (.text.wGrayScale_Data)
                  00000ed4    00000028     libc.a : boot_cortex_m.c.obj (.text:_c_int00_noargs)
                  00000efc    00000026     gyroscpe.o (.text.DL_DMA_disableChannel)
                  00000f22    00000026     gyroscpe.o (.text.DL_DMA_enableChannel)
                  00000f48    00000026     gyroscpe.o (.text.DL_DMA_isChannelEnabled)
                  00000f6e    00000026     ti_msp_dl_config.o (.text.DL_I2C_setAnalogGlitchFilterPulseWidth)
                  00000f94    00000026     driverlib.a : dl_i2c.o (.text.DL_I2C_setClockConfig)
                  00000fba    00000022     ti_msp_dl_config.o (.text.SYSCFG_DL_SYSCTL_init)
                  00000fdc    00000020     ti_msp_dl_config.o (.text.DL_GPIO_initPeripheralInputFunction)
                  00000ffc    00000020     gyroscpe.o (.text.Gyroscpe_Start)
                  0000101c    0000001e     ti_msp_dl_config.o (.text.DL_UART_setOversampling)
                  0000103a    00000002     --HOLE-- [fill = 0]
                  0000103c    0000001c     ti_msp_dl_config.o (.text.DL_GPIO_clearInterruptStatus)
                  00001058    0000001c     ti_msp_dl_config.o (.text.DL_GPIO_enableHiZ)
                  00001074    0000001c     ti_msp_dl_config.o (.text.DL_GPIO_enableInterrupt)
                  00001090    0000001c     ti_msp_dl_config.o (.text.DL_GPIO_initDigitalInput)
                  000010ac    0000001c     ti_msp_dl_config.o (.text.DL_GPIO_initPeripheralOutputFunction)
                  000010c8    0000001c     ti_msp_dl_config.o (.text.DL_I2C_enableInterrupt)
                  000010e4    0000001c     isr.o (.text.DL_Interrupt_getPendingGroup)
                  00001100    0000001c     ti_msp_dl_config.o (.text.DL_SYSCTL_setSYSOSCFreq)
                  0000111c    0000001c     ti_msp_dl_config.o (.text.DL_Timer_enableInterrupt)
                  00001138    0000001c     driverlib.a : dl_timer.o (.text.DL_Timer_setCaptCompUpdateMethod)
                  00001154    0000001c                 : dl_timer.o (.text.DL_Timer_setClockConfig)
                  00001170    0000001c     ti_msp_dl_config.o (.text.DL_UART_enableInterrupt)
                  0000118c    00000018     ti_msp_dl_config.o (.text.DL_GPIO_enableOutput)
                  000011a4    00000018     ti_msp_dl_config.o (.text.DL_GPIO_enablePower)
                  000011bc    00000018     ti_msp_dl_config.o (.text.DL_GPIO_initDigitalOutput)
                  000011d4    00000018     ti_msp_dl_config.o (.text.DL_GPIO_reset)
                  000011ec    00000018     ti_msp_dl_config.o (.text.DL_GPIO_setUpperPinsPolarity)
                  00001204    00000018     ti_msp_dl_config.o (.text.DL_I2C_enableAnalogGlitchFilter)
                  0000121c    00000018     ti_msp_dl_config.o (.text.DL_I2C_enableController)
                  00001234    00000018     ti_msp_dl_config.o (.text.DL_I2C_enableControllerClockStretching)
                  0000124c    00000018     ti_msp_dl_config.o (.text.DL_I2C_enablePower)
                  00001264    00000018     ti_msp_dl_config.o (.text.DL_I2C_reset)
                  0000127c    00000018     ti_msp_dl_config.o (.text.DL_I2C_setTimerPeriod)
                  00001294    00000018     ti_msp_dl_config.o (.text.DL_SYSCTL_setBORThreshold)
                  000012ac    00000018     ti_msp_dl_config.o (.text.DL_Timer_enablePower)
                  000012c4    00000018     ti_msp_dl_config.o (.text.DL_Timer_reset)
                  000012dc    00000018     driverlib.a : dl_timer.o (.text.DL_Timer_setCaptureCompareOutCtl)
                  000012f4    00000018     ti_msp_dl_config.o (.text.DL_UART_enableDMAReceiveEvent)
                  0000130c    00000018     ti_msp_dl_config.o (.text.DL_UART_enableFIFOs)
                  00001324    00000018     ti_msp_dl_config.o (.text.DL_UART_enablePower)
                  0000133c    00000018     bluetooth.o (.text.DL_UART_isBusy)
                  00001354    00000018     ti_msp_dl_config.o (.text.DL_UART_reset)
                  0000136c    00000018     ti_msp_dl_config.o (.text.SYSCFG_DL_DMA_CH0_init)
                  00001384    00000018     ti_msp_dl_config.o (.text.SYSCFG_DL_DMA_CH2_init)
                  0000139c    00000016     isr.o (.text.DL_GPIO_readPins)
                  000013b2    00000016     ti_msp_dl_config.o (.text.DL_UART_enable)
                  000013c8    00000016     bluetooth.o (.text.DL_UART_transmitData)
                  000013de    00000016     gyroscpe.o (.text.DL_UART_transmitData)
                  000013f4    00000016     libc.a : copy_zero_init.c.obj (.text:decompress:ZI:__TI_zero_init_nomemset)
                  0000140a    00000014     ti_msp_dl_config.o (.text.DL_GPIO_clearPins)
                  0000141e    00000002     --HOLE-- [fill = 0]
                  00001420    00000014     ti_msp_dl_config.o (.text.DL_I2C_resetControllerTransfer)
                  00001434    00000014     ti_msp_dl_config.o (.text.DL_SYSCTL_disableSYSPLL)
                  00001448    00000014     ti_msp_dl_config.o (.text.DL_SYSCTL_enableMFCLK)
                  0000145c    00000014     ti_msp_dl_config.o (.text.DL_Timer_enableClock)
                  00001470    00000014     ti_msp_dl_config.o (.text.DL_Timer_setCCPDirection)
                  00001484    00000012     isr.o (.text.DL_UART_getPendingInterrupt)
                  00001496    00000012     driverlib.a : dl_uart.o (.text.DL_UART_setClockConfig)
                  000014a8    00000012     libc.a : memcpy16.S.obj (.text:TI_memcpy_small)
                  000014ba    00000012            : copy_decompress_none.c.obj (.text:decompress:none)
                  000014cc    00000010     ti_msp_dl_config.o (.text.DL_SYSCTL_disableHFXT)
                  000014dc    00000010     driverlib.a : dl_timer.o (.text.DL_Timer_setCaptureCompareValue)
                  000014ec    0000000e     libc.a : strlen.c.obj (.text.strlen)
                  000014fa    0000000c     ti_msp_dl_config.o (.text.SYSCFG_DL_DMA_init)
                  00001506    0000000a     driverlib.a : dl_common.o (.text.DL_Common_delayCycles)
                  00001510    00000008     libclang_rt.builtins.a : aeabi_memcpy.S.obj (.text.__aeabi_memcpy)
                  00001518    00000004     startup_mspm0g350x_ticlang.o (.text.Default_Handler)
                  0000151c    00000004     startup_mspm0g350x_ticlang.o (.text.Reset_Handler)
                  00001520    00000004     libc.a : pre_init.c.obj (.text._system_pre_init)
                  00001524    00000004            : exit.c.obj (.text:abort)

.cinit     0    000015d8    00000040     
                  000015d8    00000017     (.cinit..data.load) [load image, compression = lzss]
                  000015ef    00000001     --HOLE-- [fill = 0]
                  000015f0    0000000c     (__TI_handler_table)
                  000015fc    00000008     (.cinit..bss.load) [load image, compression = zero_init]
                  00001604    00000010     (__TI_cinit_table)
                  00001614    00000004     --HOLE-- [fill = 0]

.rodata    0    00001528    000000b0     
                  00001528    00000018     ti_msp_dl_config.o (.rodata.gDMA_CH0Config)
                  00001540    00000018     ti_msp_dl_config.o (.rodata.gDMA_CH2Config)
                  00001558    00000014     ti_msp_dl_config.o (.rodata.gENCODER_TIM0TimerConfig)
                  0000156c    00000014     ti_msp_dl_config.o (.rodata.gENCODER_TIM1TimerConfig)
                  00001580    0000000a     ti_msp_dl_config.o (.rodata.gGyroscpeConfig)
                  0000158a    0000000a     ti_msp_dl_config.o (.rodata.gUART_0Config)
                  00001594    0000000a     ti_msp_dl_config.o (.rodata.ggrayscaleConfig)
                  0000159e    00000002     ti_msp_dl_config.o (.rodata.gGyroscpeClockConfig)
                  000015a0    00000008     ti_msp_dl_config.o (.rodata.gPWM_0Config)
                  000015a8    00000008     ti_msp_dl_config.o (.rodata.gPWM_1Config)
                  000015b0    00000003     gyroscpe.o (.rodata.Baud_115200)
                  000015b3    00000003     gyroscpe.o (.rodata.Horizontal_installation)
                  000015b6    00000003     gyroscpe.o (.rodata.Serial_mode)
                  000015b9    00000003     gyroscpe.o (.rodata.Z_angle_reset)
                  000015bc    00000003     ti_msp_dl_config.o (.rodata.gENCODER_TIM0ClockConfig)
                  000015bf    00000003     ti_msp_dl_config.o (.rodata.gENCODER_TIM1ClockConfig)
                  000015c2    00000003     ti_msp_dl_config.o (.rodata.gPWM_0ClockConfig)
                  000015c5    00000003     ti_msp_dl_config.o (.rodata.gPWM_1ClockConfig)
                  000015c8    00000003     isr.o (.rodata.str1.70867438457564947861)
                  000015cb    00000002     ti_msp_dl_config.o (.rodata.gI2C_OLEDClockConfig)
                  000015cd    00000002     ti_msp_dl_config.o (.rodata.gUART_0ClockConfig)
                  000015cf    00000002     ti_msp_dl_config.o (.rodata.ggrayscaleClockConfig)
                  000015d1    00000002     isr.o (.rodata.str1.106322547073961237901)
                  000015d3    00000005     --HOLE-- [fill = 0]

.init_array 
*          0    00000000    00000000     UNINITIALIZED

.binit     0    00000000    00000000     

.bss       0    20200000    00000160     UNINITIALIZED
                  20200000    00000078     (.common:gENCODER_TIM1Backup)
                  20200078    00000078     (.common:gPWM_0Backup)
                  202000f0    0000002c     (.common:wt61_rx_buffer)
                  2020011c    0000002b     (.common:gRxGraycScalePacket)
                  20200147    00000001     (.common:gCheckGrayScale)
                  20200148    00000018     (.common:motor)

.data      0    20200160    00000011     UNINITIALIZED
                  20200160    0000000f     main.o (.data.Bluetooth_hello)
                  2020016f    00000001     grayscale.o (.data.grayscale_data)
                  20200170    00000001     gyroscpe.o (.data.wt61_data_ready)

.stack     0    20207e00    00000200     UNINITIALIZED
                  20207e00    00000004     libc.a : boot_cortex_m.c.obj (.stack)
                  20207e04    000001fc     --HOLE--

__llvm_prf_cnts 
*          0    20200000    00000000     UNINITIALIZED

__llvm_prf_bits 
*          0    20200000    00000000     UNINITIALIZED

MODULE SUMMARY

       Module                         code   ro data   rw data
       ------                         ----   -------   -------
    .\
       ti_msp_dl_config.o             2760   154       240    
       isr.o                          464    5         0      
       startup_mspm0g350x_ticlang.o   8      192       0      
       main.o                         118    0         15     
    +--+------------------------------+------+---------+---------+
       Total:                         3350   351       255    
                                                              
    .\hardware\
       gyroscpe.o                     632    12        45     
       bluetooth.o                    150    0         0      
       grayscale.o                    40     0         45     
       motor.o                        0      0         24     
    +--+------------------------------+------+---------+---------+
       Total:                         822    12        114    
                                                              
    C:/ti/mspm0_sdk_2_01_00_03/source/ti/driverlib/lib/ticlang/m0p/mspm0g1x0x_g3x0x/driverlib.a
       dl_timer.o                     524    0         0      
       dl_uart.o                      90     0         0      
       dl_dma.o                       76     0         0      
       dl_i2c.o                       38     0         0      
       dl_common.o                    10     0         0      
    +--+------------------------------+------+---------+---------+
       Total:                         738    0         0      
                                                              
    C:\ti\ccstheia141\ccs\tools\compiler\ti-cgt-armllvm_3.2.2.LTS\lib\armv6m-ti-none-eabi/c/libc.a
       copy_decompress_lzss.c.obj     120    0         0      
       autoinit.c.obj                 60     0         0      
       boot_cortex_m.c.obj            40     0         0      
       copy_zero_init.c.obj           22     0         0      
       copy_decompress_none.c.obj     18     0         0      
       memcpy16.S.obj                 18     0         0      
       strlen.c.obj                   14     0         0      
       exit.c.obj                     4      0         0      
       pre_init.c.obj                 4      0         0      
    +--+------------------------------+------+---------+---------+
       Total:                         300    0         0      
                                                              
    C:\ti\ccstheia141\ccs\tools\compiler\ti-cgt-armllvm_3.2.2.LTS\lib\clang/15.0.7/lib/armv6m-ti-none-eabi/libclang_rt.builtins.a
       aeabi_memcpy.S.obj             8      0         0      
    +--+------------------------------+------+---------+---------+
       Total:                         8      0         0      
                                                              
       Stack:                         0      0         512    
       Linker Generated:              0      59        0      
    +--+------------------------------+------+---------+---------+
       Grand Total:                   5218   422       881    


LINKER GENERATED COPY TABLES

__TI_cinit_table @ 00001604 records: 2, size/record: 8, table size: 16
	.data: load addr=000015d8, load size=00000017 bytes, run addr=20200160, run size=00000011 bytes, compression=lzss
	.bss: load addr=000015fc, load size=00000008 bytes, run addr=20200000, run size=00000160 bytes, compression=zero_init


LINKER GENERATED HANDLER TABLE

__TI_handler_table @ 000015f0 records: 3, size/record: 4, table size: 12
	index: 0, handler: __TI_decompress_lzss
	index: 1, handler: __TI_decompress_none
	index: 2, handler: __TI_zero_init


GLOBAL SYMBOLS: SORTED ALPHABETICALLY BY Name 

address   name                            
-------   ----                            
00001519  ADC0_IRQHandler                 
00001519  ADC1_IRQHandler                 
00001519  AES_IRQHandler                  
000015b0  Baud_115200                     
20200160  Bluetooth_hello                 
00001524  C$$EXIT                         
00001519  CANFD0_IRQHandler               
00001519  DAC0_IRQHandler                 
00001507  DL_Common_delayCycles           
0000096d  DL_DMA_initChannel              
00000f95  DL_I2C_setClockConfig           
000002e9  DL_Timer_initPWMMode            
00000201  DL_Timer_initTimerMode          
00001139  DL_Timer_setCaptCompUpdateMethod
000012dd  DL_Timer_setCaptureCompareOutCtl
000014dd  DL_Timer_setCaptureCompareValue 
00001155  DL_Timer_setClockConfig         
00000a05  DL_UART_init                    
00001497  DL_UART_setClockConfig          
00001519  DMA_IRQHandler                  
00001519  Default_Handler                 
00001519  GROUP0_IRQHandler               
000005c1  GROUP1_IRQHandler               
00000471  Gyroscpe_Init                   
00000ffd  Gyroscpe_Start                  
00001519  HardFault_Handler               
000015b3  Horizontal_installation         
00001519  I2C0_IRQHandler                 
00001519  I2C1_IRQHandler                 
00001519  NMI_Handler                     
00001519  PendSV_Handler                  
00001519  RTC_IRQHandler                  
0000151d  Reset_Handler                   
00001519  SPI0_IRQHandler                 
00001519  SPI1_IRQHandler                 
00001519  SVC_Handler                     
0000136d  SYSCFG_DL_DMA_CH0_init          
00001385  SYSCFG_DL_DMA_CH2_init          
000014fb  SYSCFG_DL_DMA_init              
00000c79  SYSCFG_DL_ENCODER_TIM0_init     
00000cad  SYSCFG_DL_ENCODER_TIM1_init     
000000c1  SYSCFG_DL_GPIO_init             
000007c9  SYSCFG_DL_Gyroscpe_init         
00000909  SYSCFG_DL_I2C_OLED_init         
00000649  SYSCFG_DL_PWM_0_init            
000006cd  SYSCFG_DL_PWM_1_init            
00000fbb  SYSCFG_DL_SYSCTL_init           
00000ad9  SYSCFG_DL_UART_0_init           
00000835  SYSCFG_DL_grayscale_init        
00000a4d  SYSCFG_DL_init                  
000003ad  SYSCFG_DL_initPower             
000015b6  Serial_mode                     
00001519  SysTick_Handler                 
00001519  TIMA0_IRQHandler                
00001519  TIMA1_IRQHandler                
00001519  TIMG0_IRQHandler                
00001519  TIMG12_IRQHandler               
00001519  TIMG6_IRQHandler                
00001519  TIMG7_IRQHandler                
00001519  TIMG8_IRQHandler                
000014a9  TI_memcpy_small                 
00001519  UART0_IRQHandler                
000008a1  UART1_IRQHandler                
00000525  UART2_IRQHandler                
00001519  UART3_IRQHandler                
000015b9  Z_angle_reset                   
20208000  __STACK_END                     
00000200  __STACK_SIZE                    
00000000  __TI_ATRegion0_region_sz        
00000000  __TI_ATRegion0_src_addr         
00000000  __TI_ATRegion0_trg_addr         
00000000  __TI_ATRegion1_region_sz        
00000000  __TI_ATRegion1_src_addr         
00000000  __TI_ATRegion1_trg_addr         
00000000  __TI_ATRegion2_region_sz        
00000000  __TI_ATRegion2_src_addr         
00000000  __TI_ATRegion2_trg_addr         
00001604  __TI_CINIT_Base                 
00001614  __TI_CINIT_Limit                
00001614  __TI_CINIT_Warm                 
000015f0  __TI_Handler_Table_Base         
000015fc  __TI_Handler_Table_Limit        
00000bd1  __TI_auto_init_nobinit_nopinit  
00000751  __TI_decompress_lzss            
000014bb  __TI_decompress_none            
ffffffff  __TI_pprof_out_hndl             
ffffffff  __TI_prof_data_size             
ffffffff  __TI_prof_data_start            
00000000  __TI_static_base__              
000013f5  __TI_zero_init_nomemset         
00001511  __aeabi_memcpy                  
00001511  __aeabi_memcpy4                 
00001511  __aeabi_memcpy8                 
ffffffff  __binit__                       
UNDEFED   __mpu_init                      
20207e00  __stack                         
20200000  __start___llvm_prf_bits         
20200000  __start___llvm_prf_cnts         
20200000  __stop___llvm_prf_bits          
20200000  __stop___llvm_prf_cnts          
00000ed5  _c_int00_noargs                 
UNDEFED   _system_post_cinit              
00001521  _system_pre_init                
00001525  abort                           
ffffffff  binit                           
00000b19  delay_ms                        
20200147  gCheckGrayScale                 
20200000  gENCODER_TIM1Backup             
20200078  gPWM_0Backup                    
2020011c  gRxGraycScalePacket             
2020016f  grayscale_data                  
00000000  interruptVectors                
00000c0d  main                            
20200148  motor                           
00000a95  send_cmd                        
000014ed  strlen                          
00000d69  uart0_send_char                 
00000b95  uart0_send_string               
00000ead  wGrayScale_Data                 
20200170  wt61_data_ready                 
202000f0  wt61_rx_buffer                  


GLOBAL SYMBOLS: SORTED BY Symbol Address 

address   name                            
-------   ----                            
00000000  __TI_ATRegion0_region_sz        
00000000  __TI_ATRegion0_src_addr         
00000000  __TI_ATRegion0_trg_addr         
00000000  __TI_ATRegion1_region_sz        
00000000  __TI_ATRegion1_src_addr         
00000000  __TI_ATRegion1_trg_addr         
00000000  __TI_ATRegion2_region_sz        
00000000  __TI_ATRegion2_src_addr         
00000000  __TI_ATRegion2_trg_addr         
00000000  __TI_static_base__              
00000000  interruptVectors                
000000c1  SYSCFG_DL_GPIO_init             
00000200  __STACK_SIZE                    
00000201  DL_Timer_initTimerMode          
000002e9  DL_Timer_initPWMMode            
000003ad  SYSCFG_DL_initPower             
00000471  Gyroscpe_Init                   
00000525  UART2_IRQHandler                
000005c1  GROUP1_IRQHandler               
00000649  SYSCFG_DL_PWM_0_init            
000006cd  SYSCFG_DL_PWM_1_init            
00000751  __TI_decompress_lzss            
000007c9  SYSCFG_DL_Gyroscpe_init         
00000835  SYSCFG_DL_grayscale_init        
000008a1  UART1_IRQHandler                
00000909  SYSCFG_DL_I2C_OLED_init         
0000096d  DL_DMA_initChannel              
00000a05  DL_UART_init                    
00000a4d  SYSCFG_DL_init                  
00000a95  send_cmd                        
00000ad9  SYSCFG_DL_UART_0_init           
00000b19  delay_ms                        
00000b95  uart0_send_string               
00000bd1  __TI_auto_init_nobinit_nopinit  
00000c0d  main                            
00000c79  SYSCFG_DL_ENCODER_TIM0_init     
00000cad  SYSCFG_DL_ENCODER_TIM1_init     
00000d69  uart0_send_char                 
00000ead  wGrayScale_Data                 
00000ed5  _c_int00_noargs                 
00000f95  DL_I2C_setClockConfig           
00000fbb  SYSCFG_DL_SYSCTL_init           
00000ffd  Gyroscpe_Start                  
00001139  DL_Timer_setCaptCompUpdateMethod
00001155  DL_Timer_setClockConfig         
000012dd  DL_Timer_setCaptureCompareOutCtl
0000136d  SYSCFG_DL_DMA_CH0_init          
00001385  SYSCFG_DL_DMA_CH2_init          
000013f5  __TI_zero_init_nomemset         
00001497  DL_UART_setClockConfig          
000014a9  TI_memcpy_small                 
000014bb  __TI_decompress_none            
000014dd  DL_Timer_setCaptureCompareValue 
000014ed  strlen                          
000014fb  SYSCFG_DL_DMA_init              
00001507  DL_Common_delayCycles           
00001511  __aeabi_memcpy                  
00001511  __aeabi_memcpy4                 
00001511  __aeabi_memcpy8                 
00001519  ADC0_IRQHandler                 
00001519  ADC1_IRQHandler                 
00001519  AES_IRQHandler                  
00001519  CANFD0_IRQHandler               
00001519  DAC0_IRQHandler                 
00001519  DMA_IRQHandler                  
00001519  Default_Handler                 
00001519  GROUP0_IRQHandler               
00001519  HardFault_Handler               
00001519  I2C0_IRQHandler                 
00001519  I2C1_IRQHandler                 
00001519  NMI_Handler                     
00001519  PendSV_Handler                  
00001519  RTC_IRQHandler                  
00001519  SPI0_IRQHandler                 
00001519  SPI1_IRQHandler                 
00001519  SVC_Handler                     
00001519  SysTick_Handler                 
00001519  TIMA0_IRQHandler                
00001519  TIMA1_IRQHandler                
00001519  TIMG0_IRQHandler                
00001519  TIMG12_IRQHandler               
00001519  TIMG6_IRQHandler                
00001519  TIMG7_IRQHandler                
00001519  TIMG8_IRQHandler                
00001519  UART0_IRQHandler                
00001519  UART3_IRQHandler                
0000151d  Reset_Handler                   
00001521  _system_pre_init                
00001524  C$$EXIT                         
00001525  abort                           
000015b0  Baud_115200                     
000015b3  Horizontal_installation         
000015b6  Serial_mode                     
000015b9  Z_angle_reset                   
000015f0  __TI_Handler_Table_Base         
000015fc  __TI_Handler_Table_Limit        
00001604  __TI_CINIT_Base                 
00001614  __TI_CINIT_Limit                
00001614  __TI_CINIT_Warm                 
20200000  __start___llvm_prf_bits         
20200000  __start___llvm_prf_cnts         
20200000  __stop___llvm_prf_bits          
20200000  __stop___llvm_prf_cnts          
20200000  gENCODER_TIM1Backup             
20200078  gPWM_0Backup                    
202000f0  wt61_rx_buffer                  
2020011c  gRxGraycScalePacket             
20200147  gCheckGrayScale                 
20200148  motor                           
20200160  Bluetooth_hello                 
2020016f  grayscale_data                  
20200170  wt61_data_ready                 
20207e00  __stack                         
20208000  __STACK_END                     
ffffffff  __TI_pprof_out_hndl             
ffffffff  __TI_prof_data_size             
ffffffff  __TI_prof_data_start            
ffffffff  __binit__                       
ffffffff  binit                           
UNDEFED   __mpu_init                      
UNDEFED   _system_post_cinit              

[121 symbols]
