******************************************************************************
            TI ARM Clang Linker PC v3.2.2                      
******************************************************************************
>> Linked Sun May 18 15:09:12 2025

OUTPUT FILE NAME:   <empty_LP_MSPM0G3507_nortos_ticlang.out>
ENTRY POINT SYMBOL: "_c_int00_noargs"  address: 000003d5


MEMORY CONFIGURATION

         name            origin    length      used     unused   attr    fill
----------------------  --------  ---------  --------  --------  ----  --------
  FLASH                 00000000   00020000  000004b0  0001fb50  R  X
  SRAM                  20200000   00008000  00000205  00007dfb  RW X
  BCR_CONFIG            41c00000   00000080  00000000  00000080  R   
  BSL_CONFIG            41c00100   00000080  00000000  00000080  R   


SEGMENT ALLOCATION MAP

run origin  load origin   length   init length attrs members
----------  ----------- ---------- ----------- ----- -------
00000000    00000000    000004b0   000004b0    r-x
  00000000    00000000    000000c0   000000c0    r-- .intvecs
  000000c0    000000c0    000003c8   000003c8    r-x .text
  00000488    00000488    00000010   00000010    r-- .rodata
  00000498    00000498    00000018   00000018    r-- .cinit
20200000    20200000    00000005   00000000    rw-
  20200000    20200000    00000005   00000000    rw- .data
20207e00    20207e00    00000200   00000000    rw-
  20207e00    20207e00    00000200   00000000    rw- .stack


SECTION ALLOCATION MAP

 output                                  attributes/
section   page    origin      length       input sections
--------  ----  ----------  ----------   ----------------
.intvecs   0    00000000    000000c0     
                  00000000    000000c0     startup_mspm0g350x_ticlang.o (.intvecs)

.text      0    000000c0    000003c8     
                  000000c0    0000009a     libc.a : memcpy16.S.obj (.text:memcpy)
                  0000015a    00000002     startup_mspm0g350x_ticlang.o (.text.Default_Handler)
                  0000015c    00000078     libc.a : copy_decompress_lzss.c.obj (.text:decompress:lzss)
                  000001d4    0000006c     ti_msp_dl_config.o (.text.SYSCFG_DL_UART_0_init)
                  00000240    00000048     driverlib.a : dl_uart.o (.text.DL_UART_init)
                  00000288    00000048     empty.o (.text.UART0_IRQHandler)
                  000002d0    0000003c     ti_msp_dl_config.o (.text.SYSCFG_DL_SYSCTL_init)
                  0000030c    0000003c     libc.a : autoinit.c.obj (.text:__TI_auto_init_nobinit_nopinit)
                  00000348    00000034     ti_msp_dl_config.o (.text.SYSCFG_DL_initPower)
                  0000037c    00000030     ti_msp_dl_config.o (.text.SYSCFG_DL_SYSTICK_init)
                  000003ac    00000028     ti_msp_dl_config.o (.text.SYSCFG_DL_GPIO_init)
                  000003d4    00000028     libc.a : boot_cortex_m.c.obj (.text:_c_int00_noargs)
                  000003fc    0000001c     empty.o (.text.main)
                  00000418    00000018     ti_msp_dl_config.o (.text.SYSCFG_DL_init)
                  00000430    00000014     empty.o (.text.SysTick_Handler)
                  00000444    00000012     driverlib.a : dl_uart.o (.text.DL_UART_setClockConfig)
                  00000456    00000012     libc.a : copy_decompress_none.c.obj (.text:decompress:none)
                  00000468    0000000a     driverlib.a : dl_common.o (.text.DL_Common_delayCycles)
                  00000472    00000002     --HOLE-- [fill = 0]
                  00000474    00000008     libclang_rt.builtins.a : aeabi_memcpy.S.obj (.text.__aeabi_memcpy)
                  0000047c    00000004     startup_mspm0g350x_ticlang.o (.text.Reset_Handler)
                  00000480    00000004     libc.a : pre_init.c.obj (.text._system_pre_init)
                  00000484    00000004            : exit.c.obj (.text:abort)

.cinit     0    00000498    00000018     
                  00000498    00000008     (__TI_handler_table)
                  000004a0    00000007     (.cinit..data.load) [load image, compression = lzss]
                  000004a7    00000001     --HOLE-- [fill = 0]
                  000004a8    00000008     (__TI_cinit_table)

.rodata    0    00000488    00000010     
                  00000488    0000000a     ti_msp_dl_config.o (.rodata.gUART_0Config)
                  00000492    00000002     ti_msp_dl_config.o (.rodata.gUART_0ClockConfig)
                  00000494    00000004     --HOLE-- [fill = 0]

.init_array 
*          0    00000000    00000000     UNINITIALIZED

.binit     0    00000000    00000000     

.data      0    20200000    00000005     UNINITIALIZED
                  20200000    00000004     empty.o (.data.delay_times)
                  20200004    00000001     empty.o (.data.uart_data)

.stack     0    20207e00    00000200     UNINITIALIZED
                  20207e00    00000004     libc.a : boot_cortex_m.c.obj (.stack)
                  20207e04    000001fc     --HOLE--

__llvm_prf_cnts 
*          0    20200000    00000000     UNINITIALIZED

__llvm_prf_bits 
*          0    20200000    00000000     UNINITIALIZED

MODULE SUMMARY

       Module                         code   ro data   rw data
       ------                         ----   -------   -------
    .\
       ti_msp_dl_config.o             332    12        0      
       startup_mspm0g350x_ticlang.o   6      192       0      
       empty.o                        120    0         5      
    +--+------------------------------+------+---------+---------+
       Total:                         458    204       5      
                                                              
    C:/ti/mspm0_sdk_2_01_00_03/source/ti/driverlib/lib/ticlang/m0p/mspm0g1x0x_g3x0x/driverlib.a
       dl_uart.o                      90     0         0      
       dl_common.o                    10     0         0      
    +--+------------------------------+------+---------+---------+
       Total:                         100    0         0      
                                                              
    C:\ti\ccstheia141\ccs\tools\compiler\ti-cgt-armllvm_3.2.2.LTS\lib\armv6m-ti-none-eabi/c/libc.a
       memcpy16.S.obj                 154    0         0      
       copy_decompress_lzss.c.obj     120    0         0      
       autoinit.c.obj                 60     0         0      
       boot_cortex_m.c.obj            40     0         0      
       copy_decompress_none.c.obj     18     0         0      
       exit.c.obj                     4      0         0      
       pre_init.c.obj                 4      0         0      
    +--+------------------------------+------+---------+---------+
       Total:                         400    0         0      
                                                              
    C:\ti\ccstheia141\ccs\tools\compiler\ti-cgt-armllvm_3.2.2.LTS\lib\clang/15.0.7/lib/armv6m-ti-none-eabi/libclang_rt.builtins.a
       aeabi_memcpy.S.obj             8      0         0      
    +--+------------------------------+------+---------+---------+
       Total:                         8      0         0      
                                                              
       Stack:                         0      0         512    
       Linker Generated:              0      23        0      
    +--+------------------------------+------+---------+---------+
       Grand Total:                   966    227       517    


LINKER GENERATED COPY TABLES

__TI_cinit_table @ 000004a8 records: 1, size/record: 8, table size: 8
	.data: load addr=000004a0, load size=00000007 bytes, run addr=20200000, run size=00000005 bytes, compression=lzss


LINKER GENERATED HANDLER TABLE

__TI_handler_table @ 00000498 records: 2, size/record: 4, table size: 8
	index: 0, handler: __TI_decompress_lzss
	index: 1, handler: __TI_decompress_none


GLOBAL SYMBOLS: SORTED ALPHABETICALLY BY Name 

address   name                          
-------   ----                          
0000015b  ADC0_IRQHandler               
0000015b  ADC1_IRQHandler               
0000015b  AES_IRQHandler                
00000484  C$$EXIT                       
0000015b  CANFD0_IRQHandler             
0000015b  DAC0_IRQHandler               
00000469  DL_Common_delayCycles         
00000241  DL_UART_init                  
00000445  DL_UART_setClockConfig        
0000015b  DMA_IRQHandler                
0000015b  Default_Handler               
0000015b  GROUP0_IRQHandler             
0000015b  GROUP1_IRQHandler             
0000015b  HardFault_Handler             
0000015b  I2C0_IRQHandler               
0000015b  I2C1_IRQHandler               
0000015b  NMI_Handler                   
0000015b  PendSV_Handler                
0000015b  RTC_IRQHandler                
0000047d  Reset_Handler                 
0000015b  SPI0_IRQHandler               
0000015b  SPI1_IRQHandler               
0000015b  SVC_Handler                   
000003ad  SYSCFG_DL_GPIO_init           
000002d1  SYSCFG_DL_SYSCTL_init         
0000037d  SYSCFG_DL_SYSTICK_init        
000001d5  SYSCFG_DL_UART_0_init         
00000419  SYSCFG_DL_init                
00000349  SYSCFG_DL_initPower           
00000431  SysTick_Handler               
0000015b  TIMA0_IRQHandler              
0000015b  TIMA1_IRQHandler              
0000015b  TIMG0_IRQHandler              
0000015b  TIMG12_IRQHandler             
0000015b  TIMG6_IRQHandler              
0000015b  TIMG7_IRQHandler              
0000015b  TIMG8_IRQHandler              
00000289  UART0_IRQHandler              
0000015b  UART1_IRQHandler              
0000015b  UART2_IRQHandler              
0000015b  UART3_IRQHandler              
20208000  __STACK_END                   
00000200  __STACK_SIZE                  
00000000  __TI_ATRegion0_region_sz      
00000000  __TI_ATRegion0_src_addr       
00000000  __TI_ATRegion0_trg_addr       
00000000  __TI_ATRegion1_region_sz      
00000000  __TI_ATRegion1_src_addr       
00000000  __TI_ATRegion1_trg_addr       
00000000  __TI_ATRegion2_region_sz      
00000000  __TI_ATRegion2_src_addr       
00000000  __TI_ATRegion2_trg_addr       
000004a8  __TI_CINIT_Base               
000004b0  __TI_CINIT_Limit              
000004b0  __TI_CINIT_Warm               
00000498  __TI_Handler_Table_Base       
000004a0  __TI_Handler_Table_Limit      
0000030d  __TI_auto_init_nobinit_nopinit
0000015d  __TI_decompress_lzss          
00000457  __TI_decompress_none          
ffffffff  __TI_pprof_out_hndl           
ffffffff  __TI_prof_data_size           
ffffffff  __TI_prof_data_start          
00000000  __TI_static_base__            
00000475  __aeabi_memcpy                
00000475  __aeabi_memcpy4               
00000475  __aeabi_memcpy8               
ffffffff  __binit__                     
UNDEFED   __mpu_init                    
20207e00  __stack                       
20200000  __start___llvm_prf_bits       
20200000  __start___llvm_prf_cnts       
20200000  __stop___llvm_prf_bits        
20200000  __stop___llvm_prf_cnts        
000003d5  _c_int00_noargs               
UNDEFED   _system_post_cinit            
00000481  _system_pre_init              
00000485  abort                         
ffffffff  binit                         
20200000  delay_times                   
00000000  interruptVectors              
000003fd  main                          
000000c1  memcpy                        
20200004  uart_data                     


GLOBAL SYMBOLS: SORTED BY Symbol Address 

address   name                          
-------   ----                          
00000000  __TI_ATRegion0_region_sz      
00000000  __TI_ATRegion0_src_addr       
00000000  __TI_ATRegion0_trg_addr       
00000000  __TI_ATRegion1_region_sz      
00000000  __TI_ATRegion1_src_addr       
00000000  __TI_ATRegion1_trg_addr       
00000000  __TI_ATRegion2_region_sz      
00000000  __TI_ATRegion2_src_addr       
00000000  __TI_ATRegion2_trg_addr       
00000000  __TI_static_base__            
00000000  interruptVectors              
000000c1  memcpy                        
0000015b  ADC0_IRQHandler               
0000015b  ADC1_IRQHandler               
0000015b  AES_IRQHandler                
0000015b  CANFD0_IRQHandler             
0000015b  DAC0_IRQHandler               
0000015b  DMA_IRQHandler                
0000015b  Default_Handler               
0000015b  GROUP0_IRQHandler             
0000015b  GROUP1_IRQHandler             
0000015b  HardFault_Handler             
0000015b  I2C0_IRQHandler               
0000015b  I2C1_IRQHandler               
0000015b  NMI_Handler                   
0000015b  PendSV_Handler                
0000015b  RTC_IRQHandler                
0000015b  SPI0_IRQHandler               
0000015b  SPI1_IRQHandler               
0000015b  SVC_Handler                   
0000015b  TIMA0_IRQHandler              
0000015b  TIMA1_IRQHandler              
0000015b  TIMG0_IRQHandler              
0000015b  TIMG12_IRQHandler             
0000015b  TIMG6_IRQHandler              
0000015b  TIMG7_IRQHandler              
0000015b  TIMG8_IRQHandler              
0000015b  UART1_IRQHandler              
0000015b  UART2_IRQHandler              
0000015b  UART3_IRQHandler              
0000015d  __TI_decompress_lzss          
000001d5  SYSCFG_DL_UART_0_init         
00000200  __STACK_SIZE                  
00000241  DL_UART_init                  
00000289  UART0_IRQHandler              
000002d1  SYSCFG_DL_SYSCTL_init         
0000030d  __TI_auto_init_nobinit_nopinit
00000349  SYSCFG_DL_initPower           
0000037d  SYSCFG_DL_SYSTICK_init        
000003ad  SYSCFG_DL_GPIO_init           
000003d5  _c_int00_noargs               
000003fd  main                          
00000419  SYSCFG_DL_init                
00000431  SysTick_Handler               
00000445  DL_UART_setClockConfig        
00000457  __TI_decompress_none          
00000469  DL_Common_delayCycles         
00000475  __aeabi_memcpy                
00000475  __aeabi_memcpy4               
00000475  __aeabi_memcpy8               
0000047d  Reset_Handler                 
00000481  _system_pre_init              
00000484  C$$EXIT                       
00000485  abort                         
00000498  __TI_Handler_Table_Base       
000004a0  __TI_Handler_Table_Limit      
000004a8  __TI_CINIT_Base               
000004b0  __TI_CINIT_Limit              
000004b0  __TI_CINIT_Warm               
20200000  __start___llvm_prf_bits       
20200000  __start___llvm_prf_cnts       
20200000  __stop___llvm_prf_bits        
20200000  __stop___llvm_prf_cnts        
20200000  delay_times                   
20200004  uart_data                     
20207e00  __stack                       
20208000  __STACK_END                   
ffffffff  __TI_pprof_out_hndl           
ffffffff  __TI_prof_data_size           
ffffffff  __TI_prof_data_start          
ffffffff  __binit__                     
ffffffff  binit                         
UNDEFED   __mpu_init                    
UNDEFED   _system_post_cinit            

[84 symbols]
